trying to use serial port: /dev/ttyUSB1
 >> 
 >> 

Expect: searching for 4 strs:  :[yes/no] :Press RETURN to get started. :# :Switch>
 << 
Switch>
Switch>
Switch>
Switch>
Expect: matched string 4: Switch>
 >> term len 0

Expect: searching for 2 strs:  :# :>
 << term len 0
Switch>
Expect: matched string 2: >
 >> show version

Expect: searching for 2 strs:  :# :>
 << show version
Cisco IOS Software, C2960 Software (C2960-LANBASE-M), Version 12.2(35)SE1, RELEASE SOFTWARE (fc1)
Copyright (c) 1986-2006 by Cisco Systems, Inc.
Compiled Tue 19-Dec-06 09:29 by antonino
Image text-base: 0x00003000, data-base: 0x00C18000

 << 
ROM: Bootstrap program is C2960 boot loader
BOOTLDR: C2960 Boot Loader (C2960-HBOOT-M) Version 12.2(25r)SEE1, RELEASE SOFTWARE (fc1)

Switch uptime is 4 minutes
System returned to ROM by power-on
System image file is "flash:c2960-lanbase-mz.122-35.
 << SE1.bin"

cisco WS-C2960-48TC-L (PowerPC405) processor (revision B0) with 61440K/4088K bytes of memory.
Processor board ID FOC1030X5VD
Last reset from power-on
1 Virtual Ethernet interface
48 FastEthernet interfaces
2 Gigabit Ethernet interfaces
T
 << he password-recovery mechanism is enabled.

64K bytes of flash-simulated non-volatile configuration memory.
Base ethernet MAC Address       : 00:19:06:C3:21:80
Motherboard assembly number     : 73-9835-07
Power supply part number        : 341-0097-02
 << 
Motherboard serial number       : FOC10300PF3
Power supply serial number      : AZS102900SB
Model revision number           : B0
Motherboard revision number     : C0
Model number                    : WS-C2960-48TC-L
System serial number            
 << : FOC1030X5VD
Top Assembly Part Number        : 800-26672-02
Top Assembly Revision Number    : B0
Version ID                      : V02
CLEI Code Number                : COM3F00BRA
Hardware Board Revision Number  : 0x02


Switch   Ports  Model    
 <<           SW Version              SW Image            
------   -----  -----              ----------              ----------          
*    1   50     WS-C2960-48TC-L    12.2(35)SE1             C2960-LANBASE-M     


Configuration register is 0xF


 << Switch>
Expect: matched string 2: >
 >> enable

Expect: searching for 2 strs:  :Password: :#
 << enable
Switch#
Expect: matched string 2: #
 >> configure terminal

Expect: searching for 1 strs:  :(config)#
 << configure terminal
Enter configuration commands, one per line.  End with CNTL/Z.
Switch(config)#
Expect: matched string 1: (config)#
 >> no service pad

 >> service timestamps debug datetime localtime

 >> service timestamps log datetime localtime

 >> service password-encryption

 >> boot-start-marker

 >> boot-end-marker

 >> enable secret Area=l*w

 >> enable password Area=l*w

 >> no aaa new-model

 >> clock timezone CST -6

 >> clock summer-time CDT recurring

 >> authentication mac-move permit

 >> ip domain-name mgmt.msstate.edu

 >> ip name-server 130.18.2.210

 >> vtp domain vtp01.mgmt.msstate.edu

 >> vtp mode client

 >> crypto pki trustpoint TP-self-signed-2494998912

 >>  enrollment selfsigned

 >>  subject-name cn=IOS-Self-Signed-Certificate-2494998912

 >>  revocation-check none

 >>  rsakeypair TP-self-signed-2494998912

 >> crypto pki certificate chain TP-self-signed-2494998912

 >>  certificate self-signed 01 nvram:IOS-Self-Sig#3232.cer

 >> spanning-tree portfast bpduguard default

 >> spanning-tree extend system-id

 >> vlan internal allocation policy ascending

 >> errdisable recovery cause all

 >> errdisable recovery interval 1800

 >> interface FastEthernet0

 >>  no ip address

 >>  shutdown

 >> interface Vlan1

 >>  no ip address

 >>  no ip route-cache

 >>  shutdown

 >> interface Vlan92

 >> ip http server

 >> ip http secure-server

 >> ip sla enable reaction-alerts

 >> logging facility local1

 >> logging loghost.msstate.edu

 >> access-list 1 permit 10.92.0.0 0.0.255.255

 >> snmp-server community sysnet RO 1

 >> snmp-server community c2-b2=a2 RW 1

 >> snmp-server enable traps snmp authentication linkdown linkup coldstart warmstart

 >> snmp-server enable traps transceiver all

 >> snmp-server enable traps tty

 >> snmp-server enable traps cluster

 >> snmp-server enable traps config-copy

 >> snmp-server enable traps config

 >> snmp-server enable traps config-ctid

 >> snmp-server enable traps dot1x auth-fail-vlan guest-vlan no-auth-fail-vlan no-guest-vlan

 >> snmp-server enable traps entity

 >> snmp-server enable traps power-ethernet group 1

 >> snmp-server enable traps power-ethernet police

 >> snmp-server enable traps cpu threshold

 >> snmp-server enable traps rep

 >> snmp-server enable traps rtr

 >> snmp-server enable traps bridge newroot topologychange

 >> snmp-server enable traps stpx inconsistency root-inconsistency loop-inconsistency

 >> snmp-server enable traps syslog

 >> snmp-server enable traps vtp

 >> snmp-server enable traps vlancreate

 >> snmp-server enable traps vlandelete

 >> snmp-server enable traps flash insertion removal

 >> snmp-server enable traps port-security

 >> snmp-server enable traps envmon fan shutdown supply temperature status

 >> snmp-server enable traps errdisable

 >> snmp-server enable traps mac-notification change move threshold

 >> snmp-server enable traps vlan-membership

 >> snmp-server host 130.18.2.208 sysnet 

 >> line con 0

 >> line vty 0 4

 >>  password Area=l*w

 >>  login

 >> line vty 5 15

 >>  password Area=l*w

 >>  login

 >> ntp clock-period 22519226

 >> ntp server 10.92.0.5

 >> end

Expect: searching for 1 strs:  :Configured
 << no service pad
Switch(config)#service timestamps debug datetime localtime
Switch(config)#service timestamps log datetime localtime
Switch(config)#service password-encryption
Switch(config)#boot-start-marker
                   ^
% Invalid input detec
 << ted at '^' marker.

Switch(config)#boot-end-marker
                   ^
% Invalid input detected at '^' marker.

Switch(config)#enable secret Area=l*w
Switch(config)#enable password Area=l*w
The enable password you have chosen is the same as your 
 << enable secret.
This is not recommended.  Re-enter the enable password.

Switch(config)#no aaa new-model
Switch(config)#clock timezone CST -6
Switch(config)#clock summer-time CDT recurring
Switch(config)#authentication mac-move permit
              
 <<   ^
% Invalid input detected at '^' marker.

Switch(config)#ip domain-name mgmt.msstate.edu
Switch(config)#ip name-server 130.18.2.210
Switch(config)#vtp domain vtp01.mgmt.msstate.edu
Domain name already set to vtp01.mgmt.msstate.edu.
Switch(config
 << )#vtp mode client
Device mode already VTP CLIENT.
Switch(config)#crypto pki trustpoint TP-self-signed-2494998912
                ^
% Invalid input detected at '^' marker.

Switch(config)# enrollment selfsigned
                  ^
% Invalid input d
 << etected at '^' marker.

Switch(config)# subject-name cn=IOS-Self-Signed-Certificate-2494998912
                 ^
% Invalid input detected at '^' marker.

Switch(config)#
*Feb 28 18:06:58: %SYS-6-CLOCKUPDATE: System clock has been updated from 00:0
 << 6:58 UTC Mon Mar 1 1993 to 18:06:58 CST Sun Feb 28 1993, configured from console by console.
*Feb 28 18:06:58: %SYS-6-CLOCKUPDATE: System clock has been updated from 18:06:58 CST Sun Feb 28 1993 to 18:06:58 CST Sun Feb 28 1993, configured from console by
 <<  console. revocation-check none
                  ^
% Invalid input detected at '^' marker.

Switch(config)# rsakeypair TP-self-signed-2494998912
                  ^
% Invalid input detected at '^' marker.

Switch(config)#crypto pki certificate ch
 << ain TP-self-signed-2494998912
                ^
% Invalid input detected at '^' marker.

Switch(config)# certificate self-signed 01 nvram:IOS-Self-Sig#3232.cer
                 ^
% Invalid input detected at '^' marker.

Switch(config)#spanning-tre
 << e portfast bpduguard default
Switch(config)#spanning-tree extend system-id
Switch(config)#vlan internal allocation policy ascending
Switch(config)#errdisable recovery cause all
Switch(config)#errdisable recovery interval 1800
Switch(config)#interface
 <<  FastEthernet0
% Incomplete command.

Switch(config)# no ip address
% Incomplete command.

Switch(config)# shutdown
% Incomplete command.

Switch(config)#interface Vlan1
Switch(config-if)# no ip address
Switch(config-if)# no ip route-cache
Swi
 << tch(config-if)# shutdown
Switch(config-if)#interface Vlan92
Switch(config-if)#ip http server
Switch(config)#ip http secure-server
                         ^
% Invalid input detected at '^' marker.

Switch(config)#ip sla enable reaction-alerts
    
 <<                ^
% Invalid input detected at '^' marker.

Switch(config)#logging facility local1
Switch(config)#logging loghost.msstate.edu
Translating "loghost.msstate.edu"...domain server (130.18.2.210)
                       ^
% Invalid input de
 << tected at '^' marker.

Switch(config)#access-list 1 permit 10.92.0.0 0.0.255.255
Switch(config)#snmp-server community sysnet RO 1
Switch(config)#snmp-server community c2-b2=a2 RW 1
Switch(config)#snmp-server enable traps snmp authentication linkdown 
 << linkup c$ enable traps snmp authentication linkdown linkup co         ldstart waps snmp authentication linkdown linkup cold
 << start wa         rmstart
Switch(config)#snmp-server enable traps transceiver all
                                         ^
% Invalid input detected at '^' marker.

Switch(config)#snmp-server enable trap
*Feb 28 18:07:04: %LINs tty
Switch(
 << config)#snmp-server enable traps cluster
Switch(config)#snmp-server enable traps config-copy
Switch(config)#snmp-server enable traps config
Switch(config)#snmp-server enable traps config-ctid
                                                ^
% Invali
 << d input detected at '^' marker.

Switch(config)#snmp-server enable traps dot1x auth-faEPROTO-5-UPDOWN: Line protocol on Interface Vlan92, changed state to down
*Feb 28 18:07:05: %IP_SNMP-3-SOCKET: can't open UDP socket
*Feb 28 18:07:05: Unable to open
 <<  socket on port 161
*Feb 28 18:07:05: %LINK-5-CHANGED: Interface Vlan1, changed state to administratively downil-vlan guest-vlan no-au$ enable traps dot1x auth-fail-vlan guest-vlan no-aut     
 <<     h-fail-vlaps dot1x auth-fail-vlan guest-vlan no-auth-fail-vla         n no-guesuth-fail-vlan guest-vlan no-auth-
 << fail-vlan no-guest         -vlan
snmp-server enable traps dot1x auth-fail-vlan guest-vlan no-auth-fail-vlan no-gu                         ^est-vlan

% Invalid input detected at '^' marker.

Switch(config)#snmp-server enable traps entity
Swi
 << tch(config)#snmp-server enable traps power-ethernet group 1
                                          ^
% Invalid input detected at '^' marker.

Switch(config)#snmp-server enable traps power-ethernet police
                                          ^
 << 
% Invalid input detected at '^' marker.

Switch(config)#snmp-server enable traps cpu threshold
Switch(config)#snmp-server enable traps rep
                                        ^
% Invalid input detected at '^' marker.

Switch(config)#snmp-serv
 << er enable traps rtr
                                        ^
% Invalid input detected at '^' marker.

Switch(config)#snmp-server enable traps bridge newroot topologychange
Switch(config)#snmp-server enable traps stpx inconsistency root-inconsistency
 << $ enable traps stpx inconsistency root-inconsistency          loop-incoaps stpx inconsistency root-inconsistency loop-incon
 <<          sistency
Switch(config)#snmp-server enable traps syslog
Switch(config)#snmp-server enable traps vtp
Switch(config)#snmp-server enable traps vlancreate
Switch(config)#snmp-server enable traps vlandelete
Switch(config)#snmp-server ena
 << ble traps flash insertion removal
Switch(config)#snmp-server enable traps port-security
Switch(config)#snmp-server enable traps envmon fan shutdown supply temperatur$ enable traps envmon fan 
 << shutdown supply temperature          status
Switch(config)#snmp-server enable traps errdisable
                                         ^
% Invalid input detected at '^' marker.

Switch(config)#snmp-server enable traps mac-notification chang
 << e move threshol$ enable traps mac-notification change move threshold         
                                                         ^
% Invalid input detected at '^' marker.

Sw
 << itch(config)#snmp-server enable traps vlan-membership
Switch(config)#snmp-server host 130.18.2.208 sysnet 
Switch(config)#line con 0
Switch(config-line)#line vty 0 4
Switch(config-line)# password Area=l*w
Switch(config-line)# login
Switch(config-lin
 << e)#line vty 5 15
Switch(config-line)# password Area=l*w
Switch(config-line)# login
Switch(config-line)#ntp clock-period 22519226
%NTP: unreasonable value
Switch(config)#ntp server 10.92.0.5
Switch(config)#end
Switch#
 << 
*Feb 28 18:07:13: %SYS-5-CONFIG_I: Configured from console by console
Expect: matched string 1: Configured
 >> 

 >> configure terminal

Expect: searching for 1 strs:  :(config)#
 << 
Switch#configure terminal
Enter configuration commands, one per line.  End with CNTL/Z.
Switch(config)#
Expect: matched string 1: (config)#
 >> spanning-tree mode mst

 >> spanning-tree etherchannel guard misconfig

 >> spanning-tree mst configuration

 >>  name msstate

 >>  revision 1

 >>  instance 1 vlan 2, 7, 11, 20, 22, 24, 31, 35, 37, 39-40, 50, 60, 63, 70

 >>  instance 1 vlan 78, 80, 86, 91, 96, 104, 110, 126, 136, 140, 152, 160

 >>  instance 1 vlan 162-163, 168, 189, 194, 202, 220, 222, 230, 232, 242, 246

 >>  instance 1 vlan 256, 611-612, 654, 741, 996, 999

 >>  instance 2 vlan 2002, 2007, 2011, 2020, 2022, 2024, 2031, 2035, 2037, 2039-2040

 >>  instance 2 vlan 2050, 2060, 2063, 2070, 2080, 2086, 2096, 2104, 2110, 2126

 >>  instance 2 vlan 2136, 2140, 2152, 2160, 2162-2163, 2168, 2189, 2194, 2202

 >>  instance 2 vlan 2220, 2222, 2232, 2242, 2246, 2611-2612, 2654, 2999

 >>  instance 3 vlan 42, 51, 59, 64, 66, 69, 72, 108, 113, 128, 144, 176, 196

 >>  instance 3 vlan 244, 248, 927

 >>  instance 4 vlan 2042, 2051, 2059, 2064, 2066, 2069, 2072, 2108, 2113, 2128

 >>  instance 4 vlan 2144, 2176, 2196, 2244, 2248, 2927

 >>  instance 5 vlan 16, 48, 58, 88, 121, 131, 133-134, 216, 228

 >>  instance 6 vlan 2016, 2048, 2058, 2088, 2121, 2131, 2133-2134, 2216, 2228

 >>  instance 7 vlan 9, 33-34, 38, 54, 56, 71, 75, 82, 84, 97, 114, 116, 124

 >>  instance 7 vlan 172, 186, 192, 204-208, 210, 240-241, 251-252, 630, 928

 >>  instance 8 vlan 2009, 2033-2034, 2038, 2054, 2056, 2071, 2075, 2082, 2084

 >>  instance 8 vlan 2097, 2114, 2116, 2124, 2172, 2186, 2192, 2204-2208, 2210

 >>  instance 8 vlan 2240-2241, 2251-2252, 2630, 2928

 >>  instance 9 vlan 4-5, 12, 18-19, 32, 44, 57, 62, 68, 76, 98-99, 102, 112

 >>  instance 9 vlan 130, 132, 147-148, 158, 212, 226, 236, 500, 505, 510-511

 >>  instance 9 vlan 522, 551-570, 603, 629, 633, 742, 802, 926, 929

 >>  instance 10 vlan 2004-2005, 2012, 2018-2019, 2032, 2044, 2057, 2062, 2068

 >>  instance 10 vlan 2076, 2098-2099, 2102, 2112, 2130, 2132, 2147-2148, 2158

 >>  instance 10 vlan 2212, 2236, 2500, 2505, 2510-2511, 2522, 2603, 2629, 2633

 >>  instance 10 vlan 2802, 2926, 2929

 >>  instance 11 vlan 8, 43, 52, 146, 156-157, 180, 200, 218

 >>  instance 12 vlan 2008, 2043, 2052, 2146, 2156-2157, 2180, 2200, 2218

 >> 

 >> end

Expect: searching for 1 strs:  :Configured
 << spanning-tree mode mst
Switch(config)#spanning-tree etherchannel guard misconfig
Switch(config)#spanning-tree mst configuration
Switch(config-mst)# name msstate
Switch(config-mst)# revision 1
Switch(config-mst)# instance 1 vlan 2, 7, 11, 20, 22, 24, 
 << 31, 35, 37, 39-40, $ vlan 2, 7, 11, 20, 22, 24, 31, 35, 37, 39-40, 5         0, 60, 63, 11, 20, 22, 24, 31, 35, 37, 39-40, 50, 60, 
 << 63,          70
Switch(config-mst)# instance 1 vlan 78, 80, 86, 91, 96, 104, 110, 126, 136, 1$ vlan 78, 80, 86, 91, 96, 104, 110, 126, 136, 14         0, 152, 1
 << 80, 86, 91, 96, 104, 110, 126, 136, 140, 152, 16         0
Switch(config-mst)# instance 1 vlan 162-163, 168, 189, 194, 202, 220, 222, 23$ vlan 162-1
 << 63, 168, 189, 194, 202, 220, 222, 230         , 232, 24163, 168, 189, 194, 202, 220, 222, 230, 232, 242         , 246
Switch(config-mst)# instance 1 vlan 256, 611-612, 654, 741, 9
 << 96, 999
Switch(config-mst)# instance 2 vlan 2002, 2007, 2011, 2020, 2022, 2024, 2031,$ vlan 2002, 2007, 2011, 2020, 2022, 2024, 2031,          2035, 203
 << , 2007, 2011, 2020, 2022, 2024, 2031, 2035, 2037         , 2039-2011, 2020, 2022, 2024, 2031, 2035, 2037, 2039-204         0
Switch(config-mst)# instance 2 v
 << lan 2050, 2060, 2063, 2070, 2080, 2086, 2096,$ vlan 2050, 2060, 2063, 2070, 2080, 2086, 2096,          2104, 211, 2060, 2063, 2070,
 <<  2080, 2086, 2096, 2104, 2110         , 2126
Switch(config-mst)# instance 2 vlan 2136, 2140, 2152, 2160, 2162-2163, 2168, $ vlan 2136, 2140, 2152, 2160, 2162-2163, 2168, 2         
 << 189, 2194, 2140, 2152, 2160, 2162-2163, 2168, 2189, 2194,          2202
Switch(config-mst)# instance 2 vlan 2220, 2222, 2232, 2242, 2246, 2611-2612, 
 << $ vlan 2220, 2222, 2232, 2242, 2246, 2611-2612, 2         654, 2999
Switch(config-mst)# instance 3 vlan 42, 51, 59, 64, 66, 69, 72, 108, 113, 128$ vlan 42, 51, 59, 64
 << , 66, 69, 72, 108, 113, 128,          144, 17651, 59, 64, 66, 69, 72, 108, 113, 128, 144, 176,          196
Switch(config-mst)# instance 3 vlan 244, 248, 927
Switch(config-mst)# 
 << instance 4 vlan 2042, 2051, 2059, 2064, 2066, 2069, 2072,$ vlan 2042, 2051, 2059, 2064, 2066, 2069, 2072,          2108, 211, 2051,
 <<  2059, 2064, 2066, 2069, 2072, 2108, 2113         , 2128
Switch(config-mst)# instance 4 vlan 2144, 2176, 2196, 2244, 2248, 2927
Switch(config-mst)# instance 5 vlan 16, 48, 58, 88, 121, 131, 133-134, 216, 2
 << $ vlan 16, 48, 58, 88, 121, 131, 133-134, 216, 22         8
Switch(config-mst)# instance 6 vlan 2016, 2048, 2058, 2088, 2121, 2131, 2133-$ vlan 2016, 2048, 2058, 2088, 
 << 2121, 2131, 2133-2         134, 2216, 2048, 2058, 2088, 2121, 2131, 2133-2134, 2216,          2228
Switch(config-mst)# instance 7 vlan 9, 33-34, 38, 54, 56, 71, 75, 82, 84, 97,
 << $ vlan 9, 33-34, 38, 54, 56, 71, 75, 82, 84, 97,          114, 116,3-34, 38, 54, 56, 71, 75, 82, 84, 97, 114, 116,          1
 << 24
Switch(config-mst)# instance 7 vlan 172, 186, 192, 204-208, 210, 240-241, 251$ vlan 172, 186, 192, 204-208, 210, 240-241, 251-         252, 630,
 << 186, 192, 204-208, 210, 240-241, 251-252, 630,          928
Switch(config-mst)# instance 8 vlan 2009, 2033-2034, 2038, 2054, 2056, 2071, $ vlan 2009, 2033-2034, 2038, 2054
 << , 2056, 2071, 2         075, 2082, 2033-2034, 2038, 2054, 2056, 2071, 2075, 2082,          2084
Switch(config-mst)# instance 8 vlan 2097, 2114, 2116, 2124, 2172, 2186, 2192,
 << $ vlan 2097, 2114, 2116, 2124, 2172, 2186, 2192,          2204-2208, 2114, 2116, 2124, 2172, 2186, 2192, 2204-2208,          221
 << 0
Switch(config-mst)# instance 8 vlan 2240-2241, 2251-2252, 2630, 2928
Switch(config-mst)# instance 9 vlan 4-5, 12, 18-19, 32, 44, 57, 62, 68, 76, 9$ vlan 4-5, 12, 18-19, 32, 44, 57, 62, 68, 76, 
 << 98         -99, 102,12, 18-19, 32, 44, 57, 62, 68, 76, 98-99, 102,          112
Switch(config-mst)# instance 9 vlan 130, 132, 147-148, 158, 212, 226, 236, 50
 << $ vlan 130, 132, 147-148, 158, 212, 226, 236, 500         , 505, 51132, 147-148, 158, 212, 226, 236, 500, 505, 510         -511
Switch(config-mst
 << )# instance 9 vlan 522, 551-570, 603, 629, 633, 742, 802, 92$ vlan 522, 551-570, 603, 629, 633, 742, 802, 926         , 929
Switch(config-mst)# instance 10 vlan 2004-2005, 2012, 2018-2019
 << , 2032, 2044, $0 vlan 2004-2005, 2012, 2018-2019, 2032, 2044, 2         057, 20624-2005, 2012, 2018-2019, 2032, 2044, 2057, 2062,  
 <<         2068
Switch(config-mst)# instance 10 vlan 2076, 2098-2099, 2102, 2112, 2130, 2132,$0 vlan 2076, 2098-2099, 2102, 2112, 2130, 2132,          2147-2148
 << 6, 2098-2099, 2102, 2112, 2130, 2132, 2147-2148,          2158
Switch(config-mst)# instance 10 vlan 2212, 2236, 2500, 2505, 2510-2511, 2522,$0 vlan 221
 << 2, 2236, 2500, 2505, 2510-2511, 2522,          2603, 2622, 2236, 2500, 2505, 2510-2511, 2522, 2603, 2629         , 2633
Switch(config-mst)# instance 10 vlan 2802, 2926, 2929
Swit
 << ch(config-mst)# instance 11 vlan 8, 43, 52, 146, 156-157, 180, 200, 218
Switch(config-mst)# instance 12 vlan 2008, 2043, 2052, 2146, 2156-2157, 2180,$2 vlan 2008, 2043, 2052, 2146, 2156-2157, 2180
 << ,          2200, 2218, 2043, 2052, 2146, 2156-2157, 2180, 2200, 2218         
Switch(config-mst)#
Switch(config-mst)#end
Switch#
*Feb 28 18:07:29: %SYS-5-CONFIG_I: Configured f
Expect: matched string 1: Configured
 >> 

 >> configure terminal

Expect: searching for 1 strs:  :(config)#
 << rom console by console
Switch#configure terminal
Enter configuration commands, one per line.  End with CNTL/Z.
Switch(config)#
Expect: matched string 1: (config)#
 >> hostname c29s1.r137.allen.test 

Expect: searching for 2 strs:  :# :>
 << hostname c29s1.r137.allen.test 
c29s1.r137.allen.tes(config)#
Expect: matched string 1: #
 >> end

Expect: searching for 1 strs:  :Configured
 << end
c29s1.r137.allen.test#
 << 
*Feb 28 18:07:34: %SYS-5-CONFIG_I: Configured from console by console
Expect: matched string 1: Configured
 >> 

 >> configure terminal

Expect: searching for 1 strs:  :(config)#
 << 
c29s1.r137.allen.test#configure terminal
Enter configuration commands, one per line.  End with CNTL/Z.
c29s1.r137.allen.tes(config)#
Expect: matched string 1: (config)#
 >> snmp-server contact 6F-0902

Expect: searching for 1 strs:  :#
 << snmp-server contact 6F-0902
c29s1.r137.allen.tes(config)#
Expect: matched string 1: #
 >> end

Expect: searching for 1 strs:  :Configured
 << end
c29s1.r137.allen.test#
 << 
*Feb 28 18:07:40: %SYS-5-CONFIG_I: Configured from console by console
Expect: matched string 1: Configured
 >> 

 >> configure terminal

Expect: searching for 1 strs:  :(config)#
 << 
c29s1.r137.allen.test#configure terminal
Enter configuration commands, one per line.  End with CNTL/Z.
c29s1.r137.allen.tes(config)#
Expect: matched string 1: (config)#
 >> interface vlan 92

Expect: searching for 1 strs:  :(config-if)#
 << interface vlan 92
c29s1.r137.allen.tes(config-if)#
Expect: matched string 1: (config-if)#
 >> ip address 10.92.2.118 255.255.0.0

 >> ip broadcast-address 10.92.255.255

 >> end

Expect: searching for 1 strs:  :Configured
 << ip address 10.92.2.118 255.255.0.0
c29s1.r137.allen.tes(config-if)#ip broadcast-address 10.92.255.255
c29s1.r137.allen.tes(config-if)#end
c29s1.r137.allen.test#
 << 
*Feb 28 18:07:46: %SYS-5-CONFIG_I: Configured from console by console
Expect: matched string 1: Configured
 >> 

 >> configure terminal

Expect: searching for 1 strs:  :(config)#
 << 
c29s1.r137.allen.test#configure terminal
Enter configuration commands, one per line.  End with CNTL/Z.
c29s1.r137.allen.tes(config)#
Expect: matched string 1: (config)#
 >> interface Vlan92

Expect: searching for 1 strs:  :(config-if)#
 << interface Vlan92
c29s1.r137.allen.tes(config-if)#
Expect: matched string 1: (config-if)#
 >> ip default-gateway 10.92.0.1

 >> end

Expect: searching for 1 strs:  :Configured
 << ip default-gateway 10.92.0.1
c29s1.r137.allen.tes(config)#end
c29s1.r137.allen.test#
*Feb 28 18:07:52: %SYS-5-CONFIG_I: Configured from console by console
Expect: matched string 1: Configured
 >> 

 >> configure terminal

Expect: searching for 1 strs:  :(config)#
 << 
c29s1.r137.allen.test#configure terminal
Enter configuration commands, one per line.  End with CNTL/Z.
c29s1.r137.allen.tes(config)#
Expect: matched string 1: (config)#
 >> ip dhcp snooping

Expect: searching for 1 strs:  :#
 << ip dhcp snooping
c29s1.r137.allen.tes(config)#
Expect: matched string 1: #
 >> ip dhcp snooping vlan 60

Expect: searching for 1 strs:  :#
 << ip dhcp snooping vlan 60
c29s1.r137.allen.tes(config)#
Expect: matched string 1: #
 >> end

Expect: searching for 1 strs:  :Configured
 << end
c29s1.r137.allen.test#
*Feb 28 18:07:59: %SYS-5-CONFIG_I: Configured from console by console
Expect: matched string 1: Configured
 >> 

 >> configure terminal

Expect: searching for 1 strs:  :(config)#
 << 
c29s1.r137.allen.test#configure terminal
Enter configuration commands, one per line.  End with CNTL/Z.
c29s1.r137.allen.tes(config)#
Expect: matched string 1: (config)#
 >> default interface range fa0/1 - 48 

 >> interface range fa0/1 - 48 

Expect: searching for 1 strs:  :(config-if-range)#
 << default interface range fa0/1 - 48 
c29s1.r137.allen.tes(config)#interface range fa0/1 - 48 
c29s1.r137.allen.tes(config-if-range)#
Expect: matched string 1: (config-if-range)#
 >> switchport access vlan 60

 >> switchport mode access

 >> spanning-tree portfast

 >> end

Expect: searching for 1 strs:  :Configured
 << switchport access vlan 60
c29s1.r137.allen.tes(config-if-range)#switchport mode access
c29s1.r137.allen.tes(config-if-range)#spanning-tree portfast
%Warning: portfast should only be enabled on ports connected to a single
 host. Connecting hubs, concen
 << trators, switches, bridges, etc... to this
 interface  when portfast is enabled, can cause temporary bridging loops.
 Use with CAUTION

%Portfast will be configured in 48 interfaces due to the range command 
 but will only have effect when the interf
 << aces are in a non-trunking mode.
c29s1.r137.allen.tes(config-if-range)#end
c29s1.r137.allen.test#
*Feb 28 18:08:11: %SYS-5-CONFIG_I: Configured from console by console
Expect: matched string 1: Configured
 >> 

 >> configure terminal

Expect: searching for 1 strs:  :(config)#
 << 
c29s1.r137.allen.test#configure terminal
Enter configuration commands, one per line.  End with CNTL/Z.
c29s1.r137.allen.tes(config)#
Expect: matched string 1: (config)#
 >> default interface range fa0/25 - 36 

 >> interface range fa0/25 - 36 

Expect: searching for 1 strs:  :(config-if-range)#
 << default interface range fa0/25 - 36 
c29s1.r137.allen.tes(config)#interface range fa0/25 - 36 
c29s1.r137.allen.tes(config-if-range)#
Expect: matched string 1: (config-if-range)#
 >> switchport access vlan 62

 >> switchport mode access

 >> spanning-tree portfast

 >> end

Expect: searching for 1 strs:  :Configured
 << switchport access vlan 62
c29s1.r137.allen.tes(config-if-range)#switchport mode access
c29s1.r137.allen.tes(config-if-range)#spanning-tree portfast
%Warning: portfast should only be enabled on ports connected to a single
 host. Connecting hubs, concen
 << trators, switches, bridges, etc... to this
 interface  when portfast is enabled, can cause temporary bridging loops.
 Use with CAUTION

%Portfast will be configured in 12 interfaces due to the range command 
 but will only have effect when the interf
 << aces are in a non-trunking mode.
c29s1.r137.allen.tes(config-if-range)#end
c29s1.r137.allen.test#
 << 
*Feb 28 18:08:22: %SYS-5-CONFIG_I: Configured from console by console
Expect: matched string 1: Configured
 >> 

 >> configure terminal

Expect: searching for 1 strs:  :(config)#
 << 
c29s1.r137.allen.test#configure terminal
Enter configuration commands, one per line.  End with CNTL/Z.
c29s1.r137.allen.tes(config)#
Expect: matched string 1: (config)#
 >> default interface range fa0/37 - 42 

 >> interface range fa0/37 - 42 

Expect: searching for 1 strs:  :(config-if-range)#
 << default interface range fa0/37 - 42 
c29s1.r137.allen.tes(config)#interface range fa0/37 - 42 
c29s1.r137.allen.tes(config-if-range)#
Expect: matched string 1: (config-if-range)#
 >> switchport access vlan 59

 >> switchport mode access

 >> spanning-tree portfast

 >> switchport port-security maximum 2

 >> switchport port-security

 >> switchport port-security aging time 15

 >> switchport port-security violation protect

 >> switchport port-security aging type inactivity

 >> end

Expect: searching for 1 strs:  :Configured
 << switchport access vlan 59
c29s1.r137.allen.tes(config-if-range)#switchport mode access
c29s1.r137.allen.tes(config-if-range)#spanning-tree portfast
%Warning: portfast should only be enabled on ports connected to a single
 host. Connecting hubs, concen
 << trators, switches, bridges, etc... to this
 interface  when portfast is enabled, can cause temporary bridging loops.
 Use with CAUTION

%Portfast will be configured in 6 interfaces due to the range command 
 but will only have effect when the interfa
 << ces are in a non-trunking mode.
c29s1.r137.allen.tes(config-if-range)#switchport port-security maximum 2
c29s1.r137.allen.tes(config-if-range)#switchport port-security
c29s1.r137.allen.tes(config-if-range)#switchport port-security aging time 15
c29s1.
 << r137.allen.tes(config-if-range)#switchport port-security violation prot$port-security violation prote         ct
c29s1.r137.allen.tes(config-if-range)#switchport port-security aging type ina
 << $port-security aging type inac         tivity
c29s1.r137.allen.tes(config-if-range)#end
c29s1.r137.allen.test#
 << 
*Feb 28 18:08:29: %SYS-5-CONFIG_I: Configured from console by console
Expect: matched string 1: Configured
 >> 

 >> configure terminal

Expect: searching for 1 strs:  :(config)#
 << 
c29s1.r137.allen.test#configure terminal
Enter configuration commands, one per line.  End with CNTL/Z.
c29s1.r137.allen.tes(config)#
Expect: matched string 1: (config)#
 >> default interface range fa0/43 - 48 

 >> interface range fa0/43 - 48 

Expect: searching for 1 strs:  :(config-if-range)#
 << default interface range fa0/43 - 48 
c29s1.r137.allen.tes(config)#interface range fa0/43 - 48 
c29s1.r137.allen.tes(config-if-range)#
Expect: matched string 1: (config-if-range)#
 >> switchport access vlan 250

 >> switchport mode access

 >> spanning-tree portfast

 >> end

Expect: searching for 1 strs:  :Configured
 << switchport access vlan 250
c29s1.r137.allen.tes(config-if-range)#switchport mode access
c29s1.r137.allen.tes(config-if-range)#spanning-tree portfast
%Warning: portfast should only be enabled on ports connected to a single
 host. Connecting hubs, conce
 << ntrators, switches, bridges, etc... to this
 interface  when portfast is enabled, can cause temporary bridging loops.
 Use with CAUTION

%Portfast will be configured in 6 interfaces due to the range command 
 but will only have effect when the interf
 << aces are in a non-trunking mode.
c29s1.r137.allen.tes(config-if-range)#end
c29s1.r137.allen.test#
 << 
*Feb 28 18:08:35: %SYS-5-CONFIG_I: Configured from console by console
Expect: matched string 1: Configured
 >> 

 >> configure terminal

Expect: searching for 1 strs:  :(config)#
 << 
c29s1.r137.allen.test#configure terminal
Enter configuration commands, one per line.  End with CNTL/Z.
c29s1.r137.allen.tes(config)#
Expect: matched string 1: (config)#
 >> default interface range gi0/1 - 2 

 >> interface range gi0/1 - 2 

Expect: searching for 1 strs:  :(config-if-range)#
 << default interface range gi0/1 - 2 
c29s1.r137.allen.tes(config)#interface range gi0/1 - 2 
c29s1.r137.allen.tes(config-if-range)#
Expect: matched string 1: (config-if-range)#
 >> switchport mode trunk

 >> switchport trunk native vlan 92

 >> ip dhcp snooping trust

 >> no keepalive

 >> end

Expect: searching for 1 strs:  :Configured
 << switchport mode trunk
c29s1.r137.allen.tes(config-if-range)#switchport trunk native vlan 92
c29s1.r137.allen.tes(config-if-range)#ip dhcp snooping trust
c29s1.r137.allen.tes(config-if-range)#no keepalive
c29s1.r137.allen.tes(config-if-range)#end
c29s
 << 1.r137.allen.test#
 << 
*Feb 28 18:08:46: %SYS-5-CONFIG_I: Configured from console by console
Expect: matched string 1: Configured
 >> 

 >> write mem

Expect: searching for 2 strs:  :# :>
 << 
c29s1.r137.allen.test#write mem
Building configuration...
[OK]
c29s1.r137.allen.test#
Expect: matched string 1: #
 >> 
Expect: searching for 2 strs:  :# :>
 << 
c29s1.r137.allen.test#
c29s1.r137.allen.test#
Expect: matched string 1: #
 >> sh run

Expect: searching for 2 strs:  :# :>
 << sh run
Building configuration...

Current configuration : 10959 bytes
!
version 12.2
no service pad
service timestamps debug datetime localtime
service timestamps log datetime localtime
service password-encryption
!
hostname c29s1.r137.allen.te
 << st
!
enable secret 5 $1$YWAA$fe1hG1ru2xv0xXHXoAalm1
enable password 7 052A140A201142430E
!
no aaa new-model
clock timezone CST -6
clock summer-time CDT recurring
system mtu routing 1500
ip subnet-zero
!
ip dhcp snooping vlan 60
ip dhcp snoopin
 << g
ip domain-name mgmt.msstate.edu
ip name-server 130.18.2.210
!
!
!
errdisable recovery cause udld
errdisable recovery cause bpduguard
errdisable recovery cause security-violation
errdisable recovery cause channel-misconfig
errdisable recovery c
 << ause pagp-flap
errdisable recovery cause dtp-flap
errdisable recovery cause link-flap
errdisable recovery cause sfp-config-mismatch
errdisable recovery cause gbic-invalid
errdisable recovery cause psecure-violation
errdisable recovery cause dhcp-rat
 << e-limit
errdisable recovery cause unicast-flood
errdisable recovery cause vmps
errdisable recovery cause storm-control
errdisable recovery cause arp-inspection
errdisable recovery cause loopback
errdisable recovery interval 1800
no file verify auto
 << 
!
spanning-tree mode mst
spanning-tree portfast bpduguard default
spanning-tree extend system-id
!
spanning-tree mst configuration
 name msstate
 revision 1
 instance 1 vlan 2, 7, 11, 20, 22, 24, 31, 35, 37, 39-40, 50, 60, 63, 70
 instance 1 vl
 << an 78, 80, 86, 91, 96, 104, 110, 126, 136, 140, 152, 160
 instance 1 vlan 162-163, 168, 189, 194, 202, 220, 222, 230, 232, 242, 246
 instance 1 vlan 256, 611-612, 654, 741, 996, 999
 instance 2 vlan 2002, 2007, 2011, 2020, 2022, 2024, 2031, 2035, 2037,
 <<  2039-2040
 instance 2 vlan 2050, 2060, 2063, 2070, 2080, 2086, 2096, 2104, 2110, 2126
 instance 2 vlan 2136, 2140, 2152, 2160, 2162-2163, 2168, 2189, 2194, 2202
 instance 2 vlan 2220, 2222, 2232, 2242, 2246, 2611-2612, 2654, 2999
 instance 3 vlan 42,
 <<  51, 59, 64, 66, 69, 72, 108, 113, 128, 144, 176, 196
 instance 3 vlan 244, 248, 927
 instance 4 vlan 2042, 2051, 2059, 2064, 2066, 2069, 2072, 2108, 2113, 2128
 instance 4 vlan 2144, 2176, 2196, 2244, 2248, 2927
 instance 5 vlan 16, 48, 58, 88, 121, 
 << 131, 133-134, 216, 228
 instance 6 vlan 2016, 2048, 2058, 2088, 2121, 2131, 2133-2134, 2216, 2228
 instance 7 vlan 9, 33-34, 38, 54, 56, 71, 75, 82, 84, 97, 114, 116, 124
 instance 7 vlan 172, 186, 192, 204-208, 210, 240-241, 251-252, 630, 928
 instan
 << ce 8 vlan 2009, 2033-2034, 2038, 2054, 2056, 2071, 2075, 2082, 2084
 instance 8 vlan 2097, 2114, 2116, 2124, 2172, 2186, 2192, 2204-2208, 2210
 instance 8 vlan 2240-2241, 2251-2252, 2630, 2928
 instance 9 vlan 4-5, 12, 18-19, 32, 44, 57, 62, 68, 76, 98
 << -99, 102, 112
 instance 9 vlan 130, 132, 147-148, 158, 212, 226, 236, 500, 505, 510-511
 instance 9 vlan 522, 551-570, 603, 629, 633, 742, 802, 926, 929
 instance 10 vlan 2004-2005, 2012, 2018-2019, 2032, 2044, 2057, 2062, 2068
 instance 10 vlan 2076,
 <<  2098-2099, 2102, 2112, 2130, 2132, 2147-2148, 2158
 instance 10 vlan 2212, 2236, 2500, 2505, 2510-2511, 2522, 2603, 2629, 2633
 instance 10 vlan 2802, 2926, 2929
 instance 11 vlan 8, 43, 52, 146, 156-157, 180, 200, 218
 instance 12 vlan 2008, 2043, 2
 << 052, 2146, 2156-2157, 2180, 2200, 2218
!
!
vlan internal allocation policy ascending
!
interface FastEthernet0/1
 switchport access vlan 60
 switchport mode access
 spanning-tree portfast
!
interface FastEthernet0/2
 switchport access vlan 60

 <<  switchport mode access
 spanning-tree portfast
!
interface FastEthernet0/3
 switchport access vlan 60
 switchport mode access
 spanning-tree portfast
!
interface FastEthernet0/4
 switchport access vlan 60
 switchport mode access
 spanning-tree
 <<  portfast
!
interface FastEthernet0/5
 switchport access vlan 60
 switchport mode access
 spanning-tree portfast
!
interface FastEthernet0/6
 switchport access vlan 60
 switchport mode access
 spanning-tree portfast
!
interface FastEthernet0/7
 << 
 switchport access vlan 60
 switchport mode access
 spanning-tree portfast
!
interface FastEthernet0/8
 switchport access vlan 60
 switchport mode access
 spanning-tree portfast
!
interface FastEthernet0/9
 switchport access vlan 60
 switchpo
 << rt mode access
 spanning-tree portfast
!
interface FastEthernet0/10
 switchport access vlan 60
 switchport mode access
 spanning-tree portfast
!
interface FastEthernet0/11
 switchport access vlan 60
 switchport mode access
 spanning-tree portfa
 << st
!
interface FastEthernet0/12
 switchport access vlan 60
 switchport mode access
 spanning-tree portfast
!
interface FastEthernet0/13
 switchport access vlan 60
 switchport mode access
 spanning-tree portfast
!
interface FastEthernet0/14
 s
 << witchport access vlan 60
 switchport mode access
 spanning-tree portfast
!
interface FastEthernet0/15
 switchport access vlan 60
 switchport mode access
 spanning-tree portfast
!
interface FastEthernet0/16
 switchport access vlan 60
 switchport
 <<  mode access
 spanning-tree portfast
!
interface FastEthernet0/17
 switchport access vlan 60
 switchport mode access
 spanning-tree portfast
!
interface FastEthernet0/18
 switchport access vlan 60
 switchport mode access
 spanning-tree portfast
 << 
!
interface FastEthernet0/19
 switchport access vlan 60
 switchport mode access
 spanning-tree portfast
!
interface FastEthernet0/20
 switchport access vlan 60
 switchport mode access
 spanning-tree portfast
!
interface FastEthernet0/21
 swi
 << tchport access vlan 60
 switchport mode access
 spanning-tree portfast
!
interface FastEthernet0/22
 switchport access vlan 60
 switchport mode access
 spanning-tree portfast
!
interface FastEthernet0/23
 switchport access vlan 60
 switchport m
 << ode access
 spanning-tree portfast
!
interface FastEthernet0/24
 switchport access vlan 60
 switchport mode access
 spanning-tree portfast
!
interface FastEthernet0/25
 switchport access vlan 62
 switchport mode access
 spanning-tree portfast

 << !
interface FastEthernet0/26
 switchport access vlan 62
 switchport mode access
 spanning-tree portfast
!
interface FastEthernet0/27
 switchport access vlan 62
 switchport mode access
 spanning-tree portfast
!
interface FastEthernet0/28
 switc
 << hport access vlan 62
 switchport mode access
 spanning-tree portfast
!
interface FastEthernet0/29
 switchport access vlan 62
 switchport mode access
 spanning-tree portfast
!
interface FastEthernet0/30
 switchport access vlan 62
 switchport mod
 << e access
 spanning-tree portfast
!
interface FastEthernet0/31
 switchport access vlan 62
 switchport mode access
 spanning-tree portfast
!
interface FastEthernet0/32
 switchport access vlan 62
 switchport mode access
 spanning-tree portfast
!
 << 
interface FastEthernet0/33
 switchport access vlan 62
 switchport mode access
 spanning-tree portfast
!
interface FastEthernet0/34
 switchport access vlan 62
 switchport mode access
 spanning-tree portfast
!
interface FastEthernet0/35
 switchp
 << ort access vlan 62
 switchport mode access
 spanning-tree portfast
!
interface FastEthernet0/36
 switchport access vlan 62
 switchport mode access
 spanning-tree portfast
!
interface FastEthernet0/37
 switchport access vlan 59
 switchport mode 
 << access
 switchport port-security maximum 2
 switchport port-security
 switchport port-security aging time 15
 switchport port-security violation protect
 switchport port-security aging type inactivity
 spanning-tree portfast
!
interface FastEthern
 << et0/38
 switchport access vlan 59
 switchport mode access
 switchport port-security maximum 2
 switchport port-security
 switchport port-security aging time 15
 switchport port-security violation protect
 switchport port-security aging type inactiv
 << ity
 spanning-tree portfast
!
interface FastEthernet0/39
 switchport access vlan 59
 switchport mode access
 switchport port-security maximum 2
 switchport port-security
 switchport port-security aging time 15
 switchport port-security violation 
 << protect
 switchport port-security aging type inactivity
 spanning-tree portfast
!
interface FastEthernet0/40
 switchport access vlan 59
 switchport mode access
 switchport port-security maximum 2
 switchport port-security
 switchport port-securit
 << y aging time 15
 switchport port-security violation protect
 switchport port-security aging type inactivity
 spanning-tree portfast
!
interface FastEthernet0/41
 switchport access vlan 59
 switchport mode access
 switchport port-security maximum 2
 << 
 switchport port-security
 switchport port-security aging time 15
 switchport port-security violation protect
 switchport port-security aging type inactivity
 spanning-tree portfast
!
interface FastEthernet0/42
 switchport access vlan 59
 switch
 << port mode access
 switchport port-security maximum 2
 switchport port-security
 switchport port-security aging time 15
 switchport port-security violation protect
 switchport port-security aging type inactivity
 spanning-tree portfast
!
interface 
 << FastEthernet0/43
 switchport access vlan 250
 switchport mode access
 spanning-tree portfast
!
interface FastEthernet0/44
 switchport access vlan 250
 switchport mode access
 spanning-tree portfast
!
interface FastEthernet0/45
 switchport acces
 << s vlan 250
 switchport mode access
 spanning-tree portfast
!
interface FastEthernet0/46
 switchport access vlan 250
 switchport mode access
 spanning-tree portfast
!
interface FastEthernet0/47
 switchport access vlan 250
 switchport mode access
 << 
 spanning-tree portfast
!
interface FastEthernet0/48
 switchport access vlan 250
 switchport mode access
 spanning-tree portfast
!
interface GigabitEthernet0/1
 switchport trunk native vlan 92
 switchport mode trunk
 ip dhcp snooping trust
!
 << 
interface GigabitEthernet0/2
 switchport trunk native vlan 92
 switchport mode trunk
 ip dhcp snooping trust
!
interface Vlan1
 no ip address
 no ip route-cache
 shutdown
!
interface Vlan92
 ip address 10.92.2.118 255.255.0.0
 ip broadcast-ad
 << dress 10.92.255.255
 no ip route-cache
!
ip default-gateway 10.92.0.1
ip http server
logging facility local1
access-list 1 permit 10.92.0.0 0.0.255.255
snmp-server community sysnet RO 1
snmp-server community c2-b2=a2 RW 1
snmp-server contact 6F-0
 << 902
snmp-server enable traps snmp authentication linkdown linkup coldstart warmstart
snmp-server enable traps tty
snmp-server enable traps cluster
snmp-server enable traps entity
snmp-server enable traps cpu threshold
snmp-server enable traps vtp
s
 << nmp-server enable traps vlancreate
snmp-server enable traps vlandelete
snmp-server enable traps flash insertion removal
snmp-server enable traps port-security
snmp-server enable traps envmon fan shutdown supply temperature status
snmp-server enable t
 << raps config-copy
snmp-server enable traps config
snmp-server enable traps bridge newroot topologychange
snmp-server enable traps stpx inconsistency root-inconsistency loop-inconsistency
snmp-server enable traps syslog
snmp-server enable traps vlan-me
 << mbership
snmp-server host 130.18.2.208 sysnet 
!
control-plane
!
!
line con 0
line vty 0 4
 password 7 072E33494F54154F00
 login
line vty 5 15
 password 7 002501030506074C18
 login
!
ntp server 10.92.0.5
end

c29s1.r137.allen.test#
Expect: matched string 1: #
 >> show interface status

Expect: searching for 2 strs:  :# :>
 << show interface status

Port      Name               Status       Vlan       Duplex  Speed Type
Fa0/1                        notconnect   60           auto   auto 10/100BaseTX
Fa0/2                        notconnect   60           auto   auto 10/100Bas
 << eTX
Fa0/3                        notconnect   60           auto   auto 10/100BaseTX
Fa0/4                        notconnect   60           auto   auto 10/100BaseTX
Fa0/5                        notconnect   60           auto   auto 10/100BaseTX
Fa0/6  
 <<                       notconnect   60           auto   auto 10/100BaseTX
Fa0/7                        notconnect   60           auto   auto 10/100BaseTX
Fa0/8                        notconnect   60           auto   auto 10/100BaseTX
Fa0/9              
 <<           notconnect   60           auto   auto 10/100BaseTX
Fa0/10                       notconnect   60           auto   auto 10/100BaseTX
Fa0/11                       notconnect   60           auto   auto 10/100BaseTX
Fa0/12                       no
 << tconnect   60           auto   auto 10/100BaseTX
Fa0/13                       notconnect   60           auto   auto 10/100BaseTX
Fa0/14                       notconnect   60           auto   auto 10/100BaseTX
Fa0/15                       notconnect   6
 << 0           auto   auto 10/100BaseTX
Fa0/16                       notconnect   60           auto   auto 10/100BaseTX
Fa0/17                       notconnect   60           auto   auto 10/100BaseTX
Fa0/18                       notconnect   60           
 << auto   auto 10/100BaseTX
Fa0/19                       notconnect   60           auto   auto 10/100BaseTX
Fa0/20                       notconnect   60           auto   auto 10/100BaseTX
Fa0/21                       notconnect   60           auto   auto 
 << 10/100BaseTX
Fa0/22                       notconnect   60           auto   auto 10/100BaseTX
Fa0/23                       notconnect   60           auto   auto 10/100BaseTX
Fa0/24                       notconnect   60           auto   auto 10/100BaseTX
 << 
Fa0/25                       notconnect   62           auto   auto 10/100BaseTX
Fa0/26                       notconnect   62           auto   auto 10/100BaseTX
Fa0/27                       notconnect   62           auto   auto 10/100BaseTX
Fa0/28    
 <<                    notconnect   62           auto   auto 10/100BaseTX
Fa0/29                       notconnect   62           auto   auto 10/100BaseTX
Fa0/30                       notconnect   62           auto   auto 10/100BaseTX
Fa0/31                
 <<        notconnect   62           auto   auto 10/100BaseTX
Fa0/32                       notconnect   62           auto   auto 10/100BaseTX
Fa0/33                       notconnect   62           auto   auto 10/100BaseTX
Fa0/34                       notco
 << nnect   62           auto   auto 10/100BaseTX
Fa0/35                       notconnect   62           auto   auto 10/100BaseTX
Fa0/36                       notconnect   62           auto   auto 10/100BaseTX
Fa0/37                       notconnect   59  
 <<          auto   auto 10/100BaseTX
Fa0/38                       notconnect   59           auto   auto 10/100BaseTX
Fa0/39                       notconnect   59           auto   auto 10/100BaseTX
Fa0/40                       notconnect   59           aut
 << o   auto 10/100BaseTX
Fa0/41                       notconnect   59           auto   auto 10/100BaseTX
Fa0/42                       notconnect   59           auto   auto 10/100BaseTX
Fa0/43                       notconnect   250          auto   auto 10/
 << 100BaseTX
Fa0/44                       notconnect   250          auto   auto 10/100BaseTX
Fa0/45                       notconnect   250          auto   auto 10/100BaseTX
Fa0/46                       notconnect   250          auto   auto 10/100BaseTX
F
 << a0/47                       notconnect   250          auto   auto 10/100BaseTX
Fa0/48                       notconnect   250          auto   auto 10/100BaseTX
Gi0/1                        notconnect   1            auto   auto Not Present
Gi0/2         
 <<                notconnect   1            auto   auto Not Present
c29s1.r137.allen.test#
Expect: matched string 1: #
