trying to use serial port: /dev/ttyUSB0
 >> 
 >> 

Expect: searching for 4 strs:  :[yes/no] :Press RETURN to get started. :# :Switch>
 << 
Switch>
Switch>
Switch>
Switch>
Expect: matched string 4: Switch>
 >> term len 0

Expect: searching for 2 strs:  :# :>
 << term len 0
Switch>
Expect: matched string 2: >
 >> show version

Expect: searching for 2 strs:  :# :>
 << show version
Cisco IOS Software, C2960CX Software (C2960CX-UNIVERSALK9-M), Version 15.2(4)E1, RELEASE SOFTWARE (fc2)
Technical Support: http://www.cisco.com/techsupport
Copyright (c) 1986-2016 by Cisco Systems, Inc.
Compiled Thu 28-Jan-16 16:23 by pro
 << d_rel_team

ROM: Bootstrap program is C2960CX boot loader
BOOTLDR: C2960CX Boot Loader (C2960CX-HBOOT-M) Version 15.2(3r)E, RELEASE SOFTWARE (fc1)

Switch uptime is 4 minutes
System returned to ROM by power-on
System restarted at 20:08:57 UTC Mon D
 << ec 19 2016
System image file is "flash:/c2960cx-universalk9-mz.152-4.E1/c2960cx-universalk9-mz.152-4.E1.bin"
Last reload reason: Reload command



This product contains cryptographic features and is subject to United
States and local country laws g
 << overning import, export, transfer and
use. Delivery of Cisco cryptographic products does not imply
third-party authority to import, export, distribute or use encryption.
Importers, exporters, distributors and users are responsible for
compliance with 
 << U.S. and local country laws. By using this product you
agree to comply with applicable laws and regulations. If you are unable
to comply with U.S. and local laws, return this product immediately.

A summary of U.S. laws governing Cisco cryptographic p
 << roducts may be found at:
http://www.cisco.com/wwl/export/crypto/tool/stqrg.html

If you require further assistance please contact us by sending email to
export@cisco.com.

cisco WS-C2960CX-8PC-L (APM86XXX) processor (revision G0) with 524288K bytes 
 << of memory.
Processor board ID FOC2026Z3TT
Last reset from reload command
1 Virtual Ethernet interface
12 Gigabit Ethernet interfaces
The password-recovery mechanism is enabled.

512K bytes of flash-simulated non-volatile configuration memory.
Base
 <<  ethernet MAC Address       : 00:A2:89:25:42:80
Motherboard assembly number     : 73-17484-02
Power supply part number        : 341-0675-02
Motherboard serial number       : FOC202640UF
Power supply serial number      : DCC201651QB
Model revision num
 << ber           : G0
Motherboard revision number     : A0
Model number                    : WS-C2960CX-8PC-L
System serial number            : FOC2026Z3TT
Top Assembly Part Number        : 68-100386-02
Top Assembly Revision Number    : E0
Version ID  
 <<                     : V02
CLEI Code Number                : CMMT410BRA
Hardware Board Revision Number  : 0x02


Switch Ports Model                     SW Version            SW Image                 
------ ----- -----                     ---------- 
 <<            ----------               
*    1 12    WS-C2960CX-8PC-L          15.2(4)E1             C2960CX-UNIVERSALK9-M    


Configuration register is 0xF

Switch>
Expect: matched string 2: >
 >> enable

Expect: searching for 2 strs:  :Password: :#
 << enable
Switch#
Expect: matched string 2: #
 >> configure terminal

Expect: searching for 1 strs:  :(config)#
 << configure terminal
Enter configuration commands, one per line.  End with CNTL/Z.
Switch(config)#
Expect: matched string 1: (config)#
 >> no service pad

 >> service timestamps debug datetime localtime

 >> service timestamps log datetime localtime

 >> service password-encryption

 >> boot-start-marker

 >> boot-end-marker

 >> enable secret Area=l*w

 >> enable password Area=l*w

 >> no aaa new-model

 >> clock timezone CST -6 0

 >> clock summer-time CDT recurring

 >> authentication mac-move permit

 >> ip domain-name mgmt.msstate.edu

 >> ip name-server 130.18.80.12

 >> vtp domain vtp01.mgmt.msstate.edu

 >> vtp mode client

 >> crypto pki trustpoint TP-self-signed-2494998912

 >>  enrollment selfsigned

 >>  subject-name cn=IOS-Self-Signed-Certificate-2494998912

 >>  revocation-check none

 >>  rsakeypair TP-self-signed-2494998912

 >> crypto pki certificate chain TP-self-signed-2494998912

 >>  certificate self-signed 01 nvram:IOS-Self-Sig#3232.cer

 >> spanning-tree portfast bpduguard default

 >> spanning-tree extend system-id

 >> vlan internal allocation policy ascending

 >> errdisable recovery cause all

 >> errdisable recovery interval 1800

 >> interface FastEthernet0

 >>  no ip address

 >>  shutdown

 >> interface Vlan1

 >>  no ip address

 >>  no ip route-cache

 >>  shutdown

 >> interface Vlan92

 >> ip http server

 >> ip http secure-server

 >> logging facility local1

 >> logging host 130.18.8.12

 >> access-list 1 permit 10.92.0.0 0.0.255.255

 >> access-list 1 permit 130.18.8.0 0.0.0.255

 >> access-list 1 permit 10.93.0.0 0.0.255.255

 >> access-list 1 permit 130.18.1.0 0.0.0.255

 >> username root privilege 15 secret Area=l*w

 >> snmp-server community sysnet RO 1

 >> snmp-server community c2-b2=a2 RW 1

 >> snmp-server enable traps snmp authentication linkdown linkup coldstart warmstart

 >> snmp-server enable traps transceiver all

 >> snmp-server enable traps tty

 >> snmp-server enable traps cluster

 >> snmp-server enable traps config-copy

 >> snmp-server enable traps config

 >> snmp-server enable traps config-ctid

 >> snmp-server enable traps dot1x auth-fail-vlan guest-vlan no-auth-fail-vlan no-guest-vlan

 >> snmp-server enable traps entity

 >> snmp-server enable traps power-ethernet police

 >> snmp-server enable traps cpu threshold

 >> snmp-server enable traps rep

 >> snmp-server enable traps bridge newroot topologychange

 >> snmp-server enable traps stpx inconsistency root-inconsistency loop-inconsistency

 >> snmp-server enable traps syslog

 >> snmp-server enable traps vtp

 >> snmp-server enable traps vlancreate

 >> snmp-server enable traps vlandelete

 >> snmp-server enable traps flash insertion removal

 >> snmp-server enable traps port-security

 >> snmp-server enable traps envmon fan shutdown supply temperature status

 >> snmp-server enable traps errdisable

 >> snmp-server enable traps mac-notification change move threshold

 >> snmp-server enable traps vlan-membership

 >> snmp-server host 130.18.8.12 

 >> line con 0

 >> line vty 0 15

 >>  access-class 1 in

 >>  password Area=l*w

 >>  login

 >>  transport input all

 >> ntp server 10.92.0.5

 >> username root privilege 15 secret Area=l*w

 >> 

 >> end

Expect: searching for 1 strs:  :Configured
 << no service pad
Switch(config)#service timestamps debug datetime localtime
Switch(config)#service timestamps log datetime localtime
Switch(config)#service password-encryption
Switch(config)#boot-start-marker
Switch(config)#boot-end-marker
Switch(conf
 << ig)#enable secret Area=l*w
Switch(config)#enable password Area=l*w
The enable password you have chosen is the same as your enable secret.
This is not recommended.  Re-enter the enable password.

Switch(config)#no aaa new-model
Switch(config)#clock t
 << imezone CST -6 0
Switch(config)#clock summer-time CDT recurring
Switch(config)#authentication mac-move permit
Switch(config)#ip domain-name mgmt.msstate.edu
Switch(config)#ip name-server 130.18.80.12
Switch(config)#vtp domain vtp01.mgmt.msstate.edu

 << Domain name already set to vtp01.mgmt.msstate.edu.
Switch(config)#vtp mode client
Device mode already VTP Client for VLANS.
Switch(config)#c
Dec 19 14:15:00: %SYS-6-CLOCKUPDATE: System clock has been updated from 20:15:00 UTC Mon Dec 19 2016 to 14:15:
 << 00 CST Mon Dec 19 2016, configured from console by console.
Dec 19 14:15:00: %SYS-6-CLOCKUPDATE: System clock has been updated from 14:15:00 CST Mon Dec 19 2016 to 14:15:00 CST Mon Dec 19 2016, configured from console by console.rypto pki trustpoint TP-s
 << elf-signed-2494998912
Switch(ca-trustpoint)# enrollment selfsigned
Switch(ca-trustpoint)# subject-name cn=IOS-Self-Signed-Certificate-2494998912
Switch(ca-trustpoint)# revocation-check none
Switch(ca-trustpoint)# rsakeypair TP-self-signed-2494998912

 << Switch(ca-trustpoint)#crypto pki certificate chain TP-self-signed-2494998912
Switch(config-cert-chain)# certificate self-signed 01 nvram:IOS-Self-Sig#3232$e self-signed 01 nvram:IOS-Self-Sig#3232.       
 <<   cer
Switch(config-cert-chain)#spanning-tree portfast bpduguard default
Switch(config)#spanning-tree extend system-id
Switch(config)#vlan internal allocation policy ascending
Switch(config)#errdisable recovery cause all
Switch(config)#errdi
 << sable recovery interval 1800
Switch(config)#interface FastEthernet0
                          ^
% Invalid input detected at '^' marker.

Switch(config)# no ip address
% Incomplete command.

Switch(config)# shutdown
% Incomplete command.

Switch
 << (config)#interface Vlan1
Switch(config-if)# no ip address
Switch(config-if)# no ip route-cache
Switch(config-if)# shutdown
Switch(config-if)#interface Vlan92
Switch(config-if)#ip http server
Switch(config)#ip http secure-server
Switch(config)#loggi
 << ng facility local1
Switch(config)#logging host 130.18.8.12
Switch(config)#access-list 1 permit 10.92.0.0 0.0.255.255
Switch(config)#access-list 1 permit 130.18.8.0 0.0.0.255
Switch(config)#access-list 1 permit 10.93.0.0 0.0.255.255
Switch(config)#acc
 << ess-list 1 permit 130.18.1.0 0.0.0.255
Switch(config)#
Dec 19 14:15:07: %SYS-6-LOGGINGHOST_STARTSTOP: Logging to host 130.18.8.12 port 0 CLI Request Triggered
Dec 19 14:15:07: %SYS-6-LOGGINGHOST_STARTSTOP: Logging to host 130.18.8.12 port 514 started -
 <<  CLI initiatedusername root privilege 15 secret Area=l*w
Switch(config)#snmp-server community sysnet RO 1
Switch(config)#snmp-server community c2-b2=a2 RW 1
Switch(config)#snmp-server enable traps snmp authentication linkdown linkup c
 << $ enable traps snmp authentication linkdown linkup co         ldstart waps snmp authentication linkdown linkup coldstart wa         
 << rmstart
Switch(config)#snmp-server enable traps transceiver all
Switch(config)#snmp-server enable traps tty
Switch(config)#snmp-server enable traps cluster
Switch(config)#snmp-server enable traps config-copy
Switch(config)#snmp-server enable traps co
 << nfig
Switch(config)#snmp-server enable traps config-ctid
Switch(config)#snmp-server enable traps dot1x auth-fail-vlan guest-vlan no-au$ enable traps dot1x auth-fail-vlan guest-vlan no-aut    
 <<      h-fail-vlaps dot1x auth-fail-vlan guest-vlan no-auth-fail-vla         n no-guesuth-fail-vlan guest-vlan no-auth
 << -fail-vlan no-guest         -vlan
snmp-server enable traps dot1x auth-fail-vlan guest-vlan no-auth-fail-vlan no-gu                         ^est-vlan

% Invalid input detected at '^' marker.

Switch(config)#snmp-server enable traps entity
Sw
 << itch(config)#snmp-server enable traps power-ethernet police
Switch(config)#snmp-server enable traps cpu threshold
Switch(config)#snmp-server enable traps rep
                                        ^
% Invalid input detected at '^' marker.

Switch(c
 << onfig)#snmp-server enable traps bridge newroot topologychange
Switch(config)#snmp-server enable traps stpx inconsistency root-inconsistency$ enable traps stpx inconsistency root-inconsistency 
 <<          loop-incoaps stpx inconsistency root-inconsistency loop-incon         sistency
Switch(config)#snmp-server enable traps syslog
Switch(config)#snmp-server enable traps
 <<  vtp
Switch(config)#snmp-server enable traps vlancreate
Switch(config)#snmp-server enable traps vlandelete
Switch(config)#snmp-server enable traps flash insertion removal
Switch(config)#snmp-server enable traps port-security
Switch(config)#snmp-serve
 << r enable traps envmon fan shutdown supply temperatur$ enable traps envmon fan shutdown supply temperature          status
Switch(config)#snmp-server enable traps errdisable
Switch(co
 << nfig)#snmp-server enable traps mac-notification change move threshol$ enable traps mac-notification change move threshold         
Switch(config)#snmp-server enable traps vlan-members
 << hip
Switch(config)#snmp-server host 130.18.8.12 
% Incomplete command.

Switch(config)#line con 0
Switch(config-line)#line vty 0 15
Switch(config-line)# access-class 1 in
Switch(config-line)# password Area=l*w
Switch(config-line)# login
Switch(co
 << nfig-line)# transport input all
Switch(config-line)#ntp server 10.92.0.5
Switch(config)#username root privilege 15 secret Area=l*w
Switch(config)#
Switch(config)#end
Switch#
Dec 19 14:15:16: %SYS-5-CONFIG_I: Configured from console by console
Expect: matched string 1: Configured
 >> 

 >> configure terminal

Expect: searching for 1 strs:  :(config)#
 << 
Switch#configure terminal
Enter configuration commands, one per line.  End with CNTL/Z.
Switch(config)#
Expect: matched string 1: (config)#
 >> spanning-tree mode pvst

 >> no spanning-tree vlan 2-91,93-237,240-242,244,246,248,251-252,256,359,500,502

 >> no spanning-tree vlan 505,509,511-515,520,522,551-560,562-570,601-603,605-606

 >> no spanning-tree vlan 610,629-630,632-633,635-637,654,674-676,701,741-742,800

 >> no spanning-tree vlan 801-805,807,880,901-904,908,910-913,915-916,926-930,970

 >> no spanning-tree vlan 995-1000

 >> spanning-tree vlan 1-1000 priority 57344

 >> 

 >> end

Expect: searching for 1 strs:  :Configured
 << spanning-tree mode pvst
Switch(config)#no spanning-tree vlan 2-91,93-237,240-242,244,246,248,251-252,$-tree vlan 2-91,93-237,240-242,244,246,248,251-252,2         56,359,50
 <<  2-91,93-237,240-242,244,246,248,251-252,256,359,500         ,502
Switch(config)#no spanning-tree vlan 505,509,511-515,520,522,551-560,562-570,
 << $-tree vlan 505,509,511-515,520,522,551-560,562-570,6         01-603,60 505,509,511-515,520,522,551-560,562-570,601-603,605         -606
Switch(config)#no spanning-t
 << ree vlan 610,629-630,632-633,635-637,654,674-676,$-tree vlan 610,629-630,632-633,635-637,654,674-676,7         01,741-74 61
 << 0,629-630,632-633,635-637,654,674-676,701,741-742         ,800
Switch(config)#no spanning-tree vlan 801-805,807,880,901-904,908,910-913,915-$-tree vlan 801-805,807,880,901-904,908,910
 << -913,915-9         16,926-93 801-805,807,880,901-904,908,910-913,915-916,926-930         ,970
Switch(config)#no spanning-tree vlan 995-1000
Switch(config)#spanning-tree vlan 
 << 1-1000 priority 57344
Switch(config)#
Switch(config)#end
Switch#
 << 
Dec 19 14:15:23: %SYS-5-CONFIG_I: Configured from console by console
Expect: matched string 1: Configured
 >> 

 >> configure terminal

Expect: searching for 1 strs:  :(config)#
 << 
Switch#configure terminal
Enter configuration commands, one per line.  End with CNTL/Z.
Switch(config)#
Expect: matched string 1: (config)#
 >> hostname c29s1c.r008.meridian 

Expect: searching for 2 strs:  :# :>
 << hostname c29s1c.r008.meridian 
c29s1c.r008.meridian(config)#
Expect: matched string 1: #
 >> end

Expect: searching for 1 strs:  :Configured
 << end
c29s1c.r008.meridian#
 << 
Dec 19 14:15:29: %SYS-5-CONFIG_I: Configured from console by console
Expect: matched string 1: Configured
 >> 

 >> configure terminal

Expect: searching for 1 strs:  :(config)#
 << 
c29s1c.r008.meridian#configure terminal
Enter configuration commands, one per line.  End with CNTL/Z.
c29s1c.r008.meridian(config)#
Expect: matched string 1: (config)#
 >> snmp-server contact  

Expect: searching for 1 strs:  :#
 << snmp-server contact  
% Incomplete command.

c29s1c.r008.meridian(config)#
Expect: matched string 1: #
 >> end

Expect: searching for 1 strs:  :Configured
 << end
c29s1c.r008.meridian#
 << 
Dec 19 14:15:35: %SYS-5-CONFIG_I: Configured from console by console
Expect: matched string 1: Configured
 >> 

 >> configure terminal

Expect: searching for 1 strs:  :(config)#
 << 
c29s1c.r008.meridian#configure terminal
Enter configuration commands, one per line.  End with CNTL/Z.
c29s1c.r008.meridian(config)#
Expect: matched string 1: (config)#
 >> interface vlan 92

Expect: searching for 1 strs:  :(config-if)#
 << interface vlan 92
c29s1c.r008.meridian(config-if)#
Expect: matched string 1: (config-if)#
 >> ip address 10.92.5.169 255.255.0.0

 >> ip broadcast-address 10.92.255.255

 >> end

Expect: searching for 1 strs:  :Configured
 << ip address 10.92.5.169 255.255.0.0
c29s1c.r008.meridian(config-if)#ip broadcast-address 10.92.255.255
c29s1c.r008.meridian(config-if)#end
c29s1c.r008.meridian#
 << 
Dec 19 14:15:42: %SYS-5-CONFIG_I: Configured from console by console
Expect: matched string 1: Configured
 >> 

 >> configure terminal

Expect: searching for 1 strs:  :(config)#
 << 
c29s1c.r008.meridian#configure terminal
Enter configuration commands, one per line.  End with CNTL/Z.
c29s1c.r008.meridian(config)#
Expect: matched string 1: (config)#
 >> interface Vlan92

Expect: searching for 1 strs:  :(config-if)#
 << interface Vlan92
c29s1c.r008.meridian(config-if)#
Expect: matched string 1: (config-if)#
 >> ip default-gateway 10.92.0.1

 >> end

Expect: searching for 1 strs:  :Configured
 << ip default-gateway 10.92.0.1
c29s1c.r008.meridian(config)#end
c29s1c.r008.meridian#
Dec 19 14:15:48: %SYS-5-CONFIG_I: Configured from console by console
Expect: matched string 1: Configured
 >> 

 >> configure terminal

Expect: searching for 1 strs:  :(config)#
 << 
c29s1c.r008.meridian#configure terminal
Enter configuration commands, one per line.  End with CNTL/Z.
c29s1c.r008.meridian(config)#
Expect: matched string 1: (config)#
 >> ip dhcp snooping

Expect: searching for 1 strs:  :#
 << ip dhcp snooping
c29s1c.r008.meridian(config)#
Expect: matched string 1: #
 >> ip dhcp snooping vlan 649

Expect: searching for 1 strs:  :#
 << ip dhcp snooping vlan 649
c29s1c.r008.meridian(config)#
Expect: matched string 1: #
 >> end

Expect: searching for 1 strs:  :Configured
 << end
c29s1c.r008.meridian#
Dec 19 14:15:55: %SYS-5-CONFIG_I: Configured from console by console
Expect: matched string 1: Configured
 >> 

 >> configure terminal

Expect: searching for 1 strs:  :(config)#
 << 
c29s1c.r008.meridian#configure terminal
Enter configuration commands, one per line.  End with CNTL/Z.
c29s1c.r008.meridian(config)#
Expect: matched string 1: (config)#
 >> default interface range gi0/1 - 8 

 >> interface range gi0/1 - 8 

Expect: searching for 1 strs:  :(config-if-range)#
 << default interface range gi0/1 - 8 
c29s1c.r008.meridian(config)#interface range gi0/1 - 8 
c29s1c.r008.meridian(config-if-range)#
Expect: matched string 1: (config-if-range)#
 >> switchport access vlan 649

 >> switchport mode access

 >> spanning-tree portfast

 >> switchport port-security maximum 2

 >> switchport port-security

 >> switchport port-security aging time 15

 >> switchport port-security violation protect

 >> switchport port-security aging type inactivity

 >> power inline never

 >> end

Expect: searching for 1 strs:  :Configured
 << switchport access vlan 649
c29s1c.r008.meridian(config-if-range)#switchport mode access
c29s1c.r008.meridian(config-if-range)#spanning-tree portfast
%Warning: portfast should only be enabled on ports connected to a single
 host. Connecting hubs, conce
 << ntrators, switches, bridges, etc... to this
 interface  when portfast is enabled, can cause temporary bridging loops.
 Use with CAUTION

%Portfast will be configured in 8 interfaces due to the range command 
 but will only have effect when the interf
 << aces are in a non-trunking mode.
c29s1c.r008.meridian(config-if-range)#switchport port-security maximum 2
c29s1c.r008.meridian(config-if-range)#switchport port-security
c29s1c.r008.meridian(config-if-range)#switchport port-security aging time 15
c29s1
 << c.r008.meridian(config-if-range)#switchport port-security violation prot$port-security violation prote         ct
c29s1c.r008.meridian(config-if-range)#switchport port-security aging type ina
 << $port-security aging type inac         tivity
c29s1c.r008.meridian(config-if-range)#power inline never
c29s1c.r008.meridian(config-if-range)#end
c29s1c.r008.meridian#
 << 
Dec 19 14:16:02: %SYS-5-CONFIG_I: Configured from console by console
Expect: matched string 1: Configured
 >> 

 >> configure terminal

Expect: searching for 1 strs:  :(config)#
 << 
c29s1c.r008.meridian#configure terminal
Enter configuration commands, one per line.  End with CNTL/Z.
c29s1c.r008.meridian(config)#
Expect: matched string 1: (config)#
 >> default interface range gi0/1 - 4 

 >> interface range gi0/1 - 4 

Expect: searching for 1 strs:  :(config-if-range)#
 << default interface range gi0/1 - 4 
c29s1c.r008.meridian(config)#interface range gi0/1 - 4 
c29s1c.r008.meridian(config-if-range)#
Expect: matched string 1: (config-if-range)#
 >> switchport access vlan 673

 >> switchport mode access

 >> spanning-tree portfast

 >> power inline consumption 15400

 >> end

Expect: searching for 1 strs:  :Configured
 << switchport access vlan 673
c29s1c.r008.meridian(config-if-range)#switchport mode access
c29s1c.r008.meridian(config-if-range)#spanning-tree portfast
%Warning: portfast should only be enabled on ports connected to a single
 host. Connecting hubs, conce
 << ntrators, switches, bridges, etc... to this
 interface  when portfast is enabled, can cause temporary bridging loops.
 Use with CAUTION

%Portfast will be configured in 4 interfaces due to the range command 
 but will only have effect when the interf
 << aces are in a non-trunking mode.
c29s1c.r008.meridian(config-if-range)#power inline consumption 15400
%CAUTION: Interface Gi0/1: Misconfiguring the 'power inline
 consumption/allocation' command may cause damage to the switch and void
 your warranty. 
 << Take precaution not to oversubscribe the power supply.
 It is recommended to enable power policing if the switch supports it.
 Refer to documentation.

%CAUTION: Interface Gi0/2: Misconfiguring the 'power inline
 consumption/allocation' command may c
 << ause damage to the switch and void
 your warranty. Take precaution not to oversubscribe the power supply.
 It is recommended to enable power policing if the switch supports it.
 Refer to documentation.

%CAUTION: Interface Gi0/3: Misconfiguring the '
 << power inline
 consumption/allocation' command may cause damage to the switch and void
 your warranty. Take precaution not to oversubscribe the power supply.
 It is recommended to enable power policing if the switch supports it.
 Refer to documentation
 << .

%CAUTION: Interface Gi0/4: Misconfiguring the 'power inline
 consumption/allocation' command may cause damage to the switch and void
 your warranty. Take precaution not to oversubscribe the power supply.
 It is recommended to enable power policing
 <<  if the switch supports it.
 Refer to documentation.

c29s1c.r008.meridian(config-if-range)#end
c29s1c.r008.meridian#
 << 
Dec 19 14:16:10: %SYS-5-CONFIG_I: Configured from console by console
Expect: matched string 1: Configured
 >> 

 >> configure terminal

Expect: searching for 1 strs:  :(config)#
 << 
c29s1c.r008.meridian#configure terminal
Enter configuration commands, one per line.  End with CNTL/Z.
c29s1c.r008.meridian(config)#
Expect: matched string 1: (config)#
 >> default interface gi0/5 

 >> interface gi0/5 

Expect: searching for 1 strs:  :(config-if)#
 << default interface gi0/5 
Interface GigabitEthernet0/5 set to default configuration
c29s1c.r008.meridian(config)#interface gi0/5 
c29s1c.r008.meridian(config-if)#
Expect: matched string 1: (config-if)#
 >> switchport access vlan 28

 >> switchport mode access

 >> spanning-tree portfast

 >> power inline consumption 15400

 >> end

Expect: searching for 1 strs:  :Configured
 << switchport access vlan 28
c29s1c.r008.meridian(config-if)#switchport mode access
c29s1c.r008.meridian(config-if)#spanning-tree portfast
%Warning: portfast should only be enabled on ports connected to a single
 host. Connecting hubs, concentrators, swi
 << tches, bridges, etc... to this
 interface  when portfast is enabled, can cause temporary bridging loops.
 Use with CAUTION

%Portfast has been configured on GigabitEthernet0/5 but will only
 have effect when the interface is in a non-trunking mode.

 << c29s1c.r008.meridian(config-if)#power inline consumption 15400
%CAUTION: Interface Gi0/5: Misconfiguring the 'power inline
 consumption/allocation' command may cause damage to the switch and void
 your warranty. Take precaution not to oversubscribe the
 <<  power supply.
 It is recommended to enable power policing if the switch supports it.
 Refer to documentation.

c29s1c.r008.meridian(config-if)#end
c29s1c.r008.meridian#
 << 
Dec 19 14:16:17: %SYS-5-CONFIG_I: Configured from console by console
Expect: matched string 1: Configured
 >> 

 >> configure terminal

Expect: searching for 1 strs:  :(config)#
 << 
c29s1c.r008.meridian#configure terminal
Enter configuration commands, one per line.  End with CNTL/Z.
c29s1c.r008.meridian(config)#
Expect: matched string 1: (config)#
 >> default interface gi0/8 

 >> interface gi0/8 

Expect: searching for 1 strs:  :(config-if)#
 << default interface gi0/8 
Interface GigabitEthernet0/8 set to default configuration
c29s1c.r008.meridian(config)#interface gi0/8 
c29s1c.r008.meridian(config-if)#
Expect: matched string 1: (config-if)#
 >> switchport access vlan 91

 >> switchport mode access

 >> spanning-tree portfast

 >> power inline consumption 15400

 >> end

Expect: searching for 1 strs:  :Configured
 << switchport access vlan 91
c29s1c.r008.meridian(config-if)#switchport mode access
c29s1c.r008.meridian(config-if)#spanning-tree portfast
%Warning: portfast should only be enabled on ports connected to a single
 host. Connecting hubs, concentrators, swi
 << tches, bridges, etc... to this
 interface  when portfast is enabled, can cause temporary bridging loops.
 Use with CAUTION

%Portfast has been configured on GigabitEthernet0/8 but will only
 have effect when the interface is in a non-trunking mode.

 << c29s1c.r008.meridian(config-if)#power inline consumption 15400
%CAUTION: Interface Gi0/8: Misconfiguring the 'power inline
 consumption/allocation' command may cause damage to the switch and void
 your warranty. Take precaution not to oversubscribe the
 <<  power supply.
 It is recommended to enable power policing if the switch supports it.
 Refer to documentation.

c29s1c.r008.meridian(config-if)#end
c29s1c.r008.meridian#
 << 
Dec 19 14:16:24: %SYS-5-CONFIG_I: Configured from console by console
Expect: matched string 1: Configured
 >> 

 >> configure terminal

Expect: searching for 1 strs:  :(config)#
 << 
c29s1c.r008.meridian#configure terminal
Enter configuration commands, one per line.  End with CNTL/Z.
c29s1c.r008.meridian(config)#
Expect: matched string 1: (config)#
 >> default interface range gi0/9 - 12 

 >> interface range gi0/9 - 12 

Expect: searching for 1 strs:  :(config-if-range)#
 << default interface range gi0/9 - 12 
c29s1c.r008.meridian(config)#interface range gi0/9 - 12 
c29s1c.r008.meridian(config-if-range)#
Expect: matched string 1: (config-if-range)#
 >> switchport mode trunk

 >> switchport trunk native vlan 92

 >> ip dhcp snooping trust

 >> no keepalive

 >> end

Expect: searching for 1 strs:  :Configured
 << switchport mode trunk
c29s1c.r008.meridian(config-if-range)#switchport trunk native vlan 92
c29s1c.r008.meridian(config-if-range)#ip dhcp snooping trust
c29s1c.r008.meridian(config-if-range)#no keepalive
c29s1c.r008.meridian(config-if-range)#end
c29s
 << 1c.r008.meridian#
 << 
Dec 19 14:16:30: %SYS-5-CONFIG_I: Configured from console by console
Expect: matched string 1: Configured
 >> 

 >> write mem

Expect: searching for 2 strs:  :# :>
 << 
c29s1c.r008.meridian#write mem
Building configuration...
[OK]
c29s1c.r008.meridian#
Expect: matched string 1: #
 >> 
Expect: searching for 2 strs:  :# :>
 << 
c29s1c.r008.meridian#
c29s1c.r008.meridian#
Expect: matched string 1: #
 >> sh run

Expect: searching for 2 strs:  :# :>
 << sh run
Building configuration...

Current configuration : 6169 bytes
!
! Last configuration change at 14:16:30 CST Mon Dec 19 2016
! NVRAM config last updated at 14:16:33 CST Mon Dec 19 2016
!
version 15.2
no service pad
service timestamps debug
 <<  datetime localtime
service timestamps log datetime localtime
service password-encryption
!
hostname c29s1c.r008.meridian
!
boot-start-marker
boot-end-marker
!
enable secret 5 $1$09J6$oJc0p4vLCiEREgADTIQj6.
enable password 7 11280B00164F074613

 << !
username root privilege 15 secret 5 $1$7.Fq$utQ./fAL.3rDHn6wq9iXH1
no aaa new-model
clock timezone CST -6 0
clock summer-time CDT recurring
system mtu routing 1500
!
!
!
!
!
!
ip dhcp snooping vlan 649
ip dhcp snooping
ip domain-name mgmt.
 << msstate.edu
ip name-server 130.18.80.12
!
!
!
!
!
authentication mac-move permit
!
!
crypto pki trustpoint TP-self-signed-2494998912
 enrollment selfsigned
 subject-name cn=IOS-Self-Signed-Certificate-2494998912
 revocation-check none
 rsake
 << ypair TP-self-signed-2494998912
!
!
crypto pki certificate chain TP-self-signed-2494998912
 certificate self-signed 01
  	quit
!
spanning-tree mode pvst
spanning-tree portfast edge bpduguard default
spanning-tree extend system-id
no spanning-tre
 << e vlan 2-91,93-237,240-242,244,246,248,251-252,256,359,500,502
no spanning-tree vlan 505,509,511-515,520,522,551-560,562-570,601-603,605-606
no spanning-tree vlan 610,629-630,632-633,635-637,654,674-676,701,741-742,800
no spanning-tree vlan 801-805,807
 << ,880,901-904,908,910-913,915-916,926-930,970
no spanning-tree vlan 995-1000
spanning-tree vlan 1-1000 priority 57344
errdisable recovery cause udld
errdisable recovery cause bpduguard
errdisable recovery cause security-violation
errdisable recovery 
 << cause channel-misconfig
errdisable recovery cause pagp-flap
errdisable recovery cause dtp-flap
errdisable recovery cause link-flap
errdisable recovery cause sfp-config-mismatch
errdisable recovery cause gbic-invalid
errdisable recovery cause psecure
 << -violation
errdisable recovery cause port-mode-failure
errdisable recovery cause dhcp-rate-limit
errdisable recovery cause pppoe-ia-rate-limit
errdisable recovery cause mac-limit
errdisable recovery cause vmps
errdisable recovery cause storm-control
 << 
errdisable recovery cause inline-power
errdisable recovery cause arp-inspection
errdisable recovery cause loopback
errdisable recovery cause small-frame
errdisable recovery cause psp
errdisable recovery interval 1800
!
!
!
!
vlan internal allo
 << cation policy ascending
!
!
! 
!
!
!
!
!
!
!
!
!
interface GigabitEthernet0/1
 switchport access vlan 673
 switchport mode access
 power inline consumption 15400
 spanning-tree portfast edge
!
interface GigabitEthernet0/2
 switchport a
 << ccess vlan 673
 switchport mode access
 power inline consumption 15400
 spanning-tree portfast edge
!
interface GigabitEthernet0/3
 switchport access vlan 673
 switchport mode access
 power inline consumption 15400
 spanning-tree portfast edge
!
 << 
interface GigabitEthernet0/4
 switchport access vlan 673
 switchport mode access
 power inline consumption 15400
 spanning-tree portfast edge
!
interface GigabitEthernet0/5
 switchport access vlan 28
 switchport mode access
 power inline consum
 << ption 15400
 spanning-tree portfast edge
!
interface GigabitEthernet0/6
 switchport access vlan 649
 switchport mode access
 switchport port-security maximum 2
 switchport port-security violation protect
 switchport port-security aging time 15
 s
 << witchport port-security aging type inactivity
 switchport port-security
 power inline never
 spanning-tree portfast edge
!
interface GigabitEthernet0/7
 switchport access vlan 649
 switchport mode access
 switchport port-security maximum 2
 switc
 << hport port-security violation protect
 switchport port-security aging time 15
 switchport port-security aging type inactivity
 switchport port-security
 power inline never
 spanning-tree portfast edge
!
interface GigabitEthernet0/8
 switchport acc
 << ess vlan 91
 switchport mode access
 power inline consumption 15400
 spanning-tree portfast edge
!
interface GigabitEthernet0/9
 switchport trunk native vlan 92
 switchport mode trunk
 no keepalive
 ip dhcp snooping trust
!
interface GigabitEth
 << ernet0/10
 switchport trunk native vlan 92
 switchport mode trunk
 no keepalive
 ip dhcp snooping trust
!
interface GigabitEthernet0/11
 switchport trunk native vlan 92
 switchport mode trunk
 ip dhcp snooping trust
!
interface GigabitEthernet0
 << /12
 switchport trunk native vlan 92
 switchport mode trunk
 ip dhcp snooping trust
!
interface Vlan1
 no ip address
 no ip route-cache
 shutdown
!
interface Vlan92
 ip address 10.92.5.169 255.255.0.0
 ip broadcast-address 10.92.255.255
!
ip
 <<  default-gateway 10.92.0.1
ip forward-protocol nd
ip http server
ip http secure-server
!
!
!
logging facility local1
logging host 130.18.8.12
access-list 1 permit 10.92.0.0 0.0.255.255
access-list 1 permit 130.18.8.0 0.0.0.255
access-list 1 per
 << mit 10.93.0.0 0.0.255.255
access-list 1 permit 130.18.1.0 0.0.0.255
!
snmp-server community sysnet RO 1
snmp-server community c2-b2=a2 RW 1
snmp-server enable traps snmp authentication linkdown linkup coldstart warmstart
snmp-server enable traps tra
 << nsceiver all
snmp-server enable traps tty
snmp-server enable traps cluster
snmp-server enable traps config-copy
snmp-server enable traps config
snmp-server enable traps config-ctid
snmp-server enable traps entity
snmp-server enable traps power-ethe
 << rnet police
snmp-server enable traps cpu threshold
snmp-server enable traps bridge newroot topologychange
snmp-server enable traps stpx inconsistency root-inconsistency loop-inconsistency
snmp-server enable traps syslog
snmp-server enable traps vtp

 << snmp-server enable traps vlancreate
snmp-server enable traps vlandelete
snmp-server enable traps flash insertion removal
snmp-server enable traps port-security
snmp-server enable traps envmon fan shutdown supply temperature status
snmp-server enable 
 << traps errdisable
snmp-server enable traps mac-notification change move threshold
snmp-server enable traps vlan-membership
!
line con 0
line vty 0 4
 access-class 1 in
 password 7 013214015A560A4536
 login
 transport input all
line vty 5 15
 acc
 << ess-class 1 in
 password 7 013214015A560A4536
 login
 transport input all
!
ntp server 10.92.0.5
end

c29s1c.r008.meridian#
Expect: matched string 1: #
 >> show interface status

Expect: searching for 2 strs:  :# :>
 << show interface status

Port      Name               Status       Vlan       Duplex  Speed Type 
Gi0/1                        notconnect   673          auto   auto 10/100/1000BaseTX
Gi0/2                        notconnect   673          auto   auto 10/
 << 100/1000BaseTX
Gi0/3                        notconnect   673          auto   auto 10/100/1000BaseTX
Gi0/4                        notconnect   673          auto   auto 10/100/1000BaseTX
Gi0/5                        notconnect   28           auto   auto 
 << 10/100/1000BaseTX
Gi0/6                        notconnect   649          auto   auto 10/100/1000BaseTX
Gi0/7                        notconnect   649          auto   auto 10/100/1000BaseTX
Gi0/8                        notconnect   91           auto   au
 << to 10/100/1000BaseTX
Gi0/9                        notconnect   1            auto   auto 10/100/1000BaseTX
Gi0/10                       notconnect   1            auto   auto 10/100/1000BaseTX
Gi0/11                       notconnect   1            auto  
 <<  auto Not Present
Gi0/12                       notconnect   1            auto   auto Not Present
c29s1c.r008.meridian#
Expect: matched string 1: #
