trying to use serial port: /dev/ttyUSB1
 >> 
 >> 

Expect: searching for 4 strs:  :[yes/no] :Press RETURN to get started. :# :Switch>
 << 
Switch>
Switch>
Switch>
Switch>
Expect: matched string 4: Switch>
 >> term len 0

Expect: searching for 2 strs:  :# :>
 << term len 0
Switch>
Expect: matched string 2: >
 >> show version

Expect: searching for 2 strs:  :# :>
 << show version
Cisco IOS Software, C2960CX Software (C2960CX-UNIVERSALK9-M), Version 15.2(4)E2, RELEASE SOFTWARE (fc2)
Technical Support: http://www.cisco.com/techsupport
Copyright (c) 1986-2016 by Cisco Systems, Inc.
Compiled Mon 27-Jun-16 09:16 by pro
 << d_rel_team

ROM: Bootstrap program is C2960CX boot loader
BOOTLDR: C2960CX Boot Loader (C2960CX-HBOOT-M) Version 15.2(3r)E, RELEASE SOFTWARE (fc1)

Switch uptime is 6 minutes
System returned to ROM by power-on
System restarted at 20:20:17 UTC Mon A
 << pr 10 2017
System image file is "flash:/c2960cx-universalk9-mz.152-4.E2/c2960cx-universalk9-mz.152-4.E2.bin"
Last reload reason: Unknown reason



This product contains cryptographic features and is subject to United
States and local country laws g
 << overning import, export, transfer and
use. Delivery of Cisco cryptographic products does not imply
third-party authority to import, export, distribute or use encryption.
Importers, exporters, distributors and users are responsible for
compliance with 
 << U.S. and local country laws. By using this product you
agree to comply with applicable laws and regulations. If you are unable
to comply with U.S. and local laws, return this product immediately.

A summary of U.S. laws governing Cisco cryptographic p
 << roducts may be found at:
http://www.cisco.com/wwl/export/crypto/tool/stqrg.html

If you require further assistance please contact us by sending email to
export@cisco.com.

cisco WS-C2960CX-8PC-L (APM86XXX) processor (revision G0) with 524288K bytes 
 << of memory.
Processor board ID FOC2043Y3TK
Last reset from power-on
1 Virtual Ethernet interface
12 Gigabit Ethernet interfaces
The password-recovery mechanism is enabled.

512K bytes of flash-simulated non-volatile configuration memory.
Base ether
 << net MAC Address       : 28:52:61:02:C7:00
Motherboard assembly number     : 73-17484-02
Power supply part number        : 341-0675-02
Motherboard serial number       : FOC20433A58
Power supply serial number      : LIT20402DVS
Model revision number   
 <<         : G0
Motherboard revision number     : A0
Model number                    : WS-C2960CX-8PC-L
System serial number            : FOC2043Y3TK
Top Assembly Part Number        : 68-100386-02
Top Assembly Revision Number    : E0
Version ID        
 <<               : V02
CLEI Code Number                : CMMT410BRA
Hardware Board Revision Number  : 0x02


Switch Ports Model                     SW Version            SW Image                 
------ ----- -----                     ----------       
 <<      ----------               
*    1 12    WS-C2960CX-8PC-L          15.2(4)E2             C2960CX-UNIVERSALK9-M    


Configuration register is 0xF

Switch>
Expect: matched string 2: >
 >> enable

Expect: searching for 2 strs:  :Password: :#
 << enable
Switch#
Expect: matched string 2: #
 >> configure terminal

Expect: searching for 1 strs:  :(config)#
 << configure terminal
Enter configuration commands, one per line.  End with CNTL/Z.
Switch(config)#
Expect: matched string 1: (config)#
 >> no service pad

 >> service timestamps debug datetime localtime

 >> service timestamps log datetime localtime

 >> service password-encryption

 >> boot-start-marker

 >> boot-end-marker

 >> enable secret Area=l*w

 >> enable password Area=l*w

 >> no aaa new-model

 >> clock timezone CST -6 0

 >> clock summer-time CDT recurring

 >> authentication mac-move permit

 >> ip domain-name mgmt.msstate.edu

 >> ip name-server 130.18.80.12

 >> vtp domain vtp01.mgmt.msstate.edu

 >> vtp mode client

 >> crypto pki trustpoint TP-self-signed-2494998912

 >>  enrollment selfsigned

 >>  subject-name cn=IOS-Self-Signed-Certificate-2494998912

 >>  revocation-check none

 >>  rsakeypair TP-self-signed-2494998912

 >> crypto pki certificate chain TP-self-signed-2494998912

 >>  certificate self-signed 01 nvram:IOS-Self-Sig#3232.cer

 >> spanning-tree portfast bpduguard default

 >> spanning-tree extend system-id

 >> vlan internal allocation policy ascending

 >> errdisable recovery cause all

 >> errdisable recovery interval 1800

 >> interface FastEthernet0

 >>  no ip address

 >>  shutdown

 >> interface Vlan1

 >>  no ip address

 >>  no ip route-cache

 >>  shutdown

 >> interface Vlan92

 >> ip http server

 >> ip http secure-server

 >> logging facility local1

 >> logging host 130.18.8.12

 >> access-list 1 permit 10.92.0.0 0.0.255.255

 >> access-list 1 permit 130.18.8.0 0.0.0.255

 >> access-list 1 permit 10.93.0.0 0.0.255.255

 >> access-list 1 permit 130.18.1.0 0.0.0.255

 >> username root privilege 15 secret Area=l*w

 >> snmp-server community sysnet RO 1

 >> snmp-server community c2-b2=a2 RW 1

 >> snmp-server enable traps snmp authentication linkdown linkup coldstart warmstart

 >> snmp-server enable traps transceiver all

 >> snmp-server enable traps tty

 >> snmp-server enable traps cluster

 >> snmp-server enable traps config-copy

 >> snmp-server enable traps config

 >> snmp-server enable traps config-ctid

 >> snmp-server enable traps dot1x auth-fail-vlan guest-vlan no-auth-fail-vlan no-guest-vlan

 >> snmp-server enable traps entity

 >> snmp-server enable traps power-ethernet police

 >> snmp-server enable traps cpu threshold

 >> snmp-server enable traps rep

 >> snmp-server enable traps bridge newroot topologychange

 >> snmp-server enable traps stpx inconsistency root-inconsistency loop-inconsistency

 >> snmp-server enable traps syslog

 >> snmp-server enable traps vtp

 >> snmp-server enable traps vlancreate

 >> snmp-server enable traps vlandelete

 >> snmp-server enable traps flash insertion removal

 >> snmp-server enable traps port-security

 >> snmp-server enable traps envmon fan shutdown supply temperature status

 >> snmp-server enable traps errdisable

 >> snmp-server enable traps mac-notification change move threshold

 >> snmp-server enable traps vlan-membership

 >> snmp-server host 130.18.8.12 

 >> line con 0

 >> line vty 0 15

 >>  access-class 1 in

 >>  password Area=l*w

 >>  login local

 >>  transport input ssh

 >> ntp server 10.92.0.5

 >> username root privilege 15 secret Area=l*w

 >> 

 >> end

Expect: searching for 1 strs:  :Configured
 << no service pad
Switch(config)#service timestamps debug datetime localtime
Switch(config)#service timestamps log datetime localtime
Switch(config)#service password-encryption
Switch(config)#boot-start-marker
Switch(config)#boot-end-marker
Switch(conf
 << ig)#enable secret Area=l*w
Switch(config)#enable password Area=l*w
The enable password you have chosen is the same as your enable secret.
This is not recommended.  Re-enter the enable password.

Switch(config)#no aaa new-model
Switch(config)#clock t
 << imezone CST -6 0
Switch(config)#clock summer-time CDT recurring
Switch(config)#authentication mac-move permit
Switch(config)#ip domain-name mgmt.msstate.edu
Switch(config)#ip name-server 130.18.80.12
Switch(config)#vtp domain vtp01.mgmt.msstate.edu

 << Changing VTP domain name from NULL to vtp01.mgmt.msstate.edu
Switch(config)#vtp mode client
Setting device to VTP Client mode for VLANS.
Switch(config)#
Apr 10 14:29:24: %SYS-6-CLOCKUPDATE: System clock has been updated from 20:29:24 UTC Mon Apr 10 20
 << 17 to 14:29:24 CST Mon Apr 10 2017, configured from console by console.
Apr 10 15:29:25: %SYS-6-CLOCKUPDATE: System clock has been updated from 14:29:25 CST Mon Apr 10 2017 to 15:29:25 CDT Mon Apr 10 2017, configured from console by console.crypto pki tr
 << ustpoint TP-self-signed-2494998912
Switch(ca-trustpoint)# enrollment selfsigned
Switch(ca-trustpoint)# subject-name cn=IOS-Self-Signed-Certificate-2494998912
Switch(ca-trustpoint)# revocation-check none
Switch(ca-trustpoint)# rsakeypair TP-self-signed
 << -2494998912
Switch(ca-trustpoint)#
Apr 10 15:29:25: %SW_VLAN-6-VTP_DOMAIN_NAME_CHG: VTP domain name changed to vtp01.mgmt.msstate.edu.crypto pki certificate chain TP-self-signed-2494998912
Switch(config-cert-chain)# certificate self-signed 01 nvram:IOS
 << -Self-Sig#3232$e self-signed 01 nvram:IOS-Self-Sig#3232.         cer
Switch(config-cert-chain)#spanning-tree portfast bpduguard default
Switch(config)#spanning-tree extend system-id
Switch(con
 << fig)#vlan internal allocation policy ascending
Switch(config)#errdisable recovery cause all
Switch(config)#errdisable recovery interval 1800
Switch(config)#interface FastEthernet0
                          ^
% Invalid input detected at '^' marker.

 << 
Switch(config)# no ip address
% Incomplete command.

Switch(config)# shutdown
% Incomplete command.

Switch(config)#interface Vlan1
Switch(config-if)# no ip address
Switch(config-if)# no ip route-cache
Switch(config-if)# shutdown
Switch(config-
 << if)#interface Vlan92
Switch(config-if)#ip http server
Switch(config)#ip http secure-server
Switch(config)#logging facility local1
Switch(config)#logging host 130.18.8.12
Switch(config)#access-list 1 permit 10.92.0.0 0.0.255.255
Switch(config)#access
 << -list 1 permit 130.18.8.0 0.0.0.255
Switch(config)#access-list 1 permit 10.93.0.0 0.0.255.255
Switch(config)#access-list 1 permit 130.18.1.0 0.0.0.255
Switch(config)#
Apr 10 15:29:31: %SYS-6-LOGGINGHOST_STARTSTOP: Logging to host 130.18.8.12 port 0 CL
 << I Request Triggered
Apr 10 15:29:31: %SYS-6-LOGGINGHOST_STARTSTOP: Logging to host 130.18.8.12 port 514 started - CLI initiatedusername root privilege 15 secret Area=l*w
Switch(config)#snmp-server community sysnet RO 1
Switch(config)#snmp-server commun
 << ity c2-b2=a2 RW 1
Switch(config)#snmp-server enable traps snmp authentication linkdown linkup c$ enable traps snmp authentication linkdown linkup co         ldstart w
 << aps snmp authentication linkdown linkup coldstart wa         rmstart
Switch(config)#snmp-server enable traps transceiver all
Switch(config)#
Apr 10 15:29:32: %LINK-5-CHANGED: Interface Vlan1, changed
 <<  state to administratively downsnmp-server enable traps tty
Switch(config)#snmp-server enable traps cluster
Switch(config)#snmp-server enable traps config-copy
Switch(config)#snmp-server enable traps config
Switch(config)#snmp-server enable traps conf
 << ig-ctid
Switch(config)#snmp-server enable traps dot1x auth-fail-vlan guest-vlan no-au$ enable traps dot1x auth-fail-vlan guest-vlan no-aut         h-fail-vl
 << aps dot1x auth-fail-vlan guest-vlan no-auth-fail-vla         n no-guesuth-fail-vlan guest-vlan no-auth-fail-vlan no-guest         -vlan
snmp-s
 << erver enable traps dot1x auth-fail-vlan guest-vlan no-auth-fail-vlan no-gu                         ^est-vlan

% Invalid input detected at '^' marker.

Switch(config)#snmp-server enable traps entity
Switch(config)#snmp-server enable traps power-ethern
 << et police
Switch(config)#snmp-server enable traps cpu threshold
Switch(config)#snmp-server enable traps rep
                                        ^
% Invalid input detected at '^' marker.

Switch(config)#snmp-server enable traps bridge newroot top
 << ologychange
Switch(config)#snmp-server enable traps stpx inconsistency root-inconsistency$ enable traps stpx inconsistency root-inconsistency          loop-inco
 << aps stpx inconsistency root-inconsistency loop-incon         sistency
Switch(config)#snmp-server enable traps syslog
Switch(config)#snmp-server enable traps vtp
Switch(config)#snmp-server enable traps vlan
 << create
Switch(config)#snmp-server enable traps vlandelete
Switch(config)#snmp-server enable traps flash insertion removal
Switch(config)#snmp-server enable traps port-security
Switch(config)#snmp-server enable traps envmon fan shutdown supply temperat
 << ur$ enable traps envmon fan shutdown supply temperature          status
Switch(config)#snmp-server enable traps errdisable
Switch(config)#snmp-server enable traps mac-notification ch
 << ange move threshol$ enable traps mac-notification change move threshold         
Switch(config)#snmp-server enable traps vlan-membership
Switch(config)#snmp-server host 130.18.8.12 
 << 
% Incomplete command.

Switch(config)#line con 0
Switch(config-line)#line vty 0 15
Switch(config-line)# access-class 1 in
Switch(config-line)# password Area=l*w
Switch(config-line)# login local
Switch(config-line)# transport input ssh
Switch(conf
 << ig-line)#ntp server 10.92.0.5
Switch(config)#username root privilege 15 secret Area=l*w
Switch(config)#
Switch(config)#end
Switch#
Apr 10 15:29:40: %SYS-5-CONFIG_I: Configured from console by console
Expect: matched string 1: Configured
 >> 

 >> configure terminal

Expect: searching for 1 strs:  :(config)#
 << 
Switch#configure terminal
Enter configuration commands, one per line.  End with CNTL/Z.
Switch(config)#
Expect: matched string 1: (config)#
 >> spanning-tree mode pvst

 >> no spanning-tree vlan 2-91,504-505,507-519,522,551-560,562-570,602-607,627,629

 >> no spanning-tree vlan 630,632-633,635-637,654-655,674-682,690-695,698,701,742

 >> no spanning-tree vlan 802,880,905-908,912-914,916,927-930,994-1000

 >> spanning-tree vlan 1-1000 priority 61440

 >> end

Expect: searching for 1 strs:  :Configured
 << spanning-tree mode pvst
Switch(config)#no spanning-tree vlan 2-91,504-505,507-519,522,551-560,562-570$-tree vlan 2-91,504-505,507-519,522,551-560,562-570,         602-607,6
 <<  2-91,504-505,507-519,522,551-560,562-570,602-607,62         7,629
Switch(config)#no spanning-tree vlan 630,632-633,635-637,654-655,674-682,690-
 << $-tree vlan 630,632-633,635-637,654-655,674-682,690-6         95,698,70 630,632-633,635-637,654-655,674-682,690-695,698,701         ,742
Switch(config)#no spanning-
 << tree vlan 802,880,905-908,912-914,916,927-930,994-$-tree vlan 802,880,905-908,912-914,916,927-930,994-1         000
Switch(config)#spanning-tree vlan 1-1000 priority 61440
Switch(con
 << fig)#end
Switch#
 << 
Apr 10 15:29:46: %SYS-5-CONFIG_I: Configured from console by console
Expect: matched string 1: Configured
 >> 

 >> configure terminal

Expect: searching for 1 strs:  :(config)#
 << 
Switch#configure terminal
Enter configuration commands, one per line.  End with CNTL/Z.
Switch(config)#
Expect: matched string 1: (config)#
 >> hostname c29s1c.r201.deen.riley.meridian 

Expect: searching for 2 strs:  :# :>
 << hostname c29s1c.r201.deen.riley.meridian 
c29s1c.r201.deen.ril(config)#
Expect: matched string 1: #
 >> end

Expect: searching for 1 strs:  :Configured
 << end
c29s1c.r201.deen.riley.meridian#
 << 
Apr 10 15:29:53: %SYS-5-CONFIG_I: Configured from console by console
Expect: matched string 1: Configured
 >> 

 >> configure terminal

Expect: searching for 1 strs:  :(config)#
 << 
c29s1c.r201.deen.riley.meridian#configure terminal
Enter configuration commands, one per line.  End with CNTL/Z.
c29s1c.r201.deen.ril(config)#
Expect: matched string 1: (config)#
 >> snmp-server contact  

Expect: searching for 1 strs:  :#
 << snmp-server contact  
% Incomplete command.

c29s1c.r201.deen.ril(config)#
Expect: matched string 1: #
 >> end

Expect: searching for 1 strs:  :Configured
 << end
c29s1c.r201.deen.riley.meridian#
 << 
Apr 10 15:29:59: %SYS-5-CONFIG_I: Configured from console by console
Expect: matched string 1: Configured
 >> 

 >> configure terminal

Expect: searching for 1 strs:  :(config)#
 << 
c29s1c.r201.deen.riley.meridian#configure terminal
Enter configuration commands, one per line.  End with CNTL/Z.
c29s1c.r201.deen.ril(config)#
Expect: matched string 1: (config)#
 >> interface vlan 92

Expect: searching for 1 strs:  :(config-if)#
 << interface vlan 92
c29s1c.r201.deen.ril(config-if)#
Expect: matched string 1: (config-if)#
 >> ip address 10.92.5.187 255.255.0.0

 >> ip broadcast-address 10.92.255.255

 >> end

Expect: searching for 1 strs:  :Configured
 << ip address 10.92.5.187 255.255.0.0
c29s1c.r201.deen.ril(config-if)#ip broadcast-address 10.92.255.255
c29s1c.r201.deen.ril(config-if)#end
c29s1c.r201.deen.riley.meridian#
 << 
Apr 10 15:30:05: %SYS-5-CONFIG_I: Configured from console by console
Expect: matched string 1: Configured
 >> 

 >> configure terminal

Expect: searching for 1 strs:  :(config)#
 << 
c29s1c.r201.deen.riley.meridian#configure terminal
Enter configuration commands, one per line.  End with CNTL/Z.
c29s1c.r201.deen.ril(config)#
Expect: matched string 1: (config)#
 >> interface Vlan92

Expect: searching for 1 strs:  :(config-if)#
 << interface Vlan92
c29s1c.r201.deen.ril(config-if)#
Expect: matched string 1: (config-if)#
 >> ip default-gateway 10.92.0.1

 >> end

Expect: searching for 1 strs:  :Configured
 << ip default-gateway 10.92.0.1
c29s1c.r201.deen.ril(config)#end
c29s1c.r201.deen.riley.meridian#
Apr 10 15:30:11: %SYS-5-CONFIG_I: Configured from console by console
Expect: matched string 1: Configured
 >> 

 >> configure terminal

Expect: searching for 1 strs:  :(config)#
 << 
c29s1c.r201.deen.riley.meridian#configure terminal
Enter configuration commands, one per line.  End with CNTL/Z.
c29s1c.r201.deen.ril(config)#
Expect: matched string 1: (config)#
 >> ip dhcp snooping

Expect: searching for 1 strs:  :#
 << ip dhcp snooping
c29s1c.r201.deen.ril(config)#
Expect: matched string 1: #
 >> ip dhcp snooping vlan 652

Expect: searching for 1 strs:  :#
 << ip dhcp snooping vlan 652
c29s1c.r201.deen.ril(config)#
Expect: matched string 1: #
 >> end

Expect: searching for 1 strs:  :Configured
 << end
c29s1c.r201.deen.riley.meridian#
Apr 10 15:30:18: %SYS-5-CONFIG_I: Configured from console by console
Expect: matched string 1: Configured
 >> 

 >> configure terminal

Expect: searching for 1 strs:  :(config)#
 << 
c29s1c.r201.deen.riley.meridian#configure terminal
Enter configuration commands, one per line.  End with CNTL/Z.
c29s1c.r201.deen.ril(config)#
Expect: matched string 1: (config)#
 >> default interface range gi0/1 - 8 

 >> interface range gi0/1 - 8 

Expect: searching for 1 strs:  :(config-if-range)#
 << default interface range gi0/1 - 8 
c29s1c.r201.deen.ril(config)#interface range gi0/1 - 8 
c29s1c.r201.deen.ril(config-if-range)#
Expect: matched string 1: (config-if-range)#
 >> switchport access vlan 652

 >> switchport mode access

 >> spanning-tree portfast

 >> switchport port-security maximum 2

 >> switchport port-security

 >> switchport port-security aging time 15

 >> switchport port-security violation protect

 >> switchport port-security aging type inactivity

 >> power inline never

 >> end

Expect: searching for 1 strs:  :Configured
 << switchport access vlan 652
c29s1c.r201.deen.ril(config-if-range)#switchport mode access
c29s1c.r201.deen.ril(config-if-range)#spanning-tree portfast
%Warning: portfast should only be enabled on ports connected to a single
 host. Connecting hubs, conce
 << ntrators, switches, bridges, etc... to this
 interface  when portfast is enabled, can cause temporary bridging loops.
 Use with CAUTION

%Portfast will be configured in 8 interfaces due to the range command 
 but will only have effect when the interf
 << aces are in a non-trunking mode.
c29s1c.r201.deen.ril(config-if-range)#switchport port-security maximum 2
c29s1c.r201.deen.ril(config-if-range)#switchport port-security
c29s1c.r201.deen.ril(config-if-range)#switchport port-security aging time 15
c29s1
 << c.r201.deen.ril(config-if-range)#switchport port-security violation prot$port-security violation prote         ct
c29s1c.r201.deen.ril(config-if-range)#switchport port-security aging type ina
 << $port-security aging type inac         tivity
c29s1c.r201.deen.ril(config-if-range)#power inline never
c29s1c.r201.deen.ril(config-if-range)#end
c29s1c.r201.deen.riley.meridian#
 << 
Apr 10 15:30:31: %SYS-5-CONFIG_I: Configured from console by console
Expect: matched string 1: Configured
 >> 

 >> configure terminal

Expect: searching for 1 strs:  :(config)#
 << 
c29s1c.r201.deen.riley.meridian#configure terminal
Enter configuration commands, one per line.  End with CNTL/Z.
c29s1c.r201.deen.ril(config)#
Expect: matched string 1: (config)#
 >> default interface range gi0/1 - 4 

 >> interface range gi0/1 - 4 

Expect: searching for 1 strs:  :(config-if-range)#
 << default interface range gi0/1 - 4 
c29s1c.r201.deen.ril(config)#interface range gi0/1 - 4 
c29s1c.r201.deen.ril(config-if-range)#
Expect: matched string 1: (config-if-range)#
 >> switchport access vlan 648

 >> switchport mode access

 >> spanning-tree portfast

 >> power inline consumption 15400

 >> end

Expect: searching for 1 strs:  :Configured
 << switchport access vlan 648
c29s1c.r201.deen.ril(config-if-range)#switchport mode access
c29s1c.r201.deen.ril(config-if-range)#spanning-tree portfast
%Warning: portfast should only be enabled on ports connected to a single
 host. Connecting hubs, conce
 << ntrators, switches, bridges, etc... to this
 interface  when portfast is enabled, can cause temporary bridging loops.
 Use with CAUTION

%Portfast will be configured in 4 interfaces due to the range command 
 but will only have effect when the interf
 << aces are in a non-trunking mode.
c29s1c.r201.deen.ril(config-if-range)#power inline consumption 15400
%CAUTION: Interface Gi0/1: Misconfiguring the 'power inline
 consumption/allocation' command may cause damage to the switch and void
 your warranty. 
 << Take precaution not to oversubscribe the power supply.
 It is recommended to enable power policing if the switch supports it.
 Refer to documentation.

%CAUTION: Interface Gi0/2: Misconfiguring the 'power inline
 consumption/allocation' command may c
 << ause damage to the switch and void
 your warranty. Take precaution not to oversubscribe the power supply.
 It is recommended to enable power policing if the switch supports it.
 Refer to documentation.

%CAUTION: Interface Gi0/3: Misconfiguring the '
 << power inline
 consumption/allocation' command may cause damage to the switch and void
 your warranty. Take precaution not to oversubscribe the power supply.
 It is recommended to enable power policing if the switch supports it.
 Refer to documentation
 << .

%CAUTION: Interface Gi0/4: Misconfiguring the 'power inline
 consumption/allocation' command may cause damage to the switch and void
 your warranty. Take precaution not to oversubscribe the power supply.
 It is recommended to enable power policing
 <<  if the switch supports it.
 Refer to documentation.

c29s1c.r201.deen.ril(config-if-range)#end
c29s1c.r201.deen.riley.meridian#
 << 
Apr 10 15:30:43: %SYS-5-CONFIG_I: Configured from console by console
Expect: matched string 1: Configured
 >> 

 >> configure terminal

Expect: searching for 1 strs:  :(config)#
 << 
c29s1c.r201.deen.riley.meridian#configure terminal
Enter configuration commands, one per line.  End with CNTL/Z.
c29s1c.r201.deen.ril(config)#
Expect: matched string 1: (config)#
 >> default interface range gi0/9 - 12 

 >> interface range gi0/9 - 12 

Expect: searching for 1 strs:  :(config-if-range)#
 << default interface range gi0/9 - 12 
c29s1c.r201.deen.ril(config)#interface range gi0/9 - 12 
c29s1c.r201.deen.ril(config-if-range)#
Expect: matched string 1: (config-if-range)#
 >> switchport mode trunk

 >> switchport trunk native vlan 92

 >> ip dhcp snooping trust

 >> no keepalive

 >> end

Expect: searching for 1 strs:  :Configured
 << switchport mode trunk
c29s1c.r201.deen.ril(config-if-range)#switchport trunk native vlan 92
c29s1c.r201.deen.ril(config-if-range)#ip dhcp snooping trust
c29s1c.r201.deen.ril(config-if-range)#no keepalive
c29s1c.r201.deen.ril(config-if-range)#end
c29s
 << 1c.r201.deen.riley.meridian#
 << 
Apr 10 15:30:55: %SYS-5-CONFIG_I: Configured from console by console
Expect: matched string 1: Configured
 >> 

 >> write mem

Expect: searching for 2 strs:  :# :>
 << 
c29s1c.r201.deen.riley.meridian#write mem
Building configuration...
[OK]
c29s1c.r201.deen.riley.meridian#
Expect: matched string 1: #
 >> 
Expect: searching for 2 strs:  :# :>
 << 
c29s1c.r201.deen.riley.meridian#
c29s1c.r201.deen.riley.meridian#
Expect: matched string 1: #
 >> sh run

Expect: searching for 2 strs:  :# :>
 << sh run
Building configuration...

Current configuration : 6411 bytes
!
! Last configuration change at 15:30:55 CDT Mon Apr 10 2017
! NVRAM config last updated at 15:31:02 CDT Mon Apr 10 2017
!
version 15.2
no service pad
service timestamps debug
 <<  datetime localtime
service timestamps log datetime localtime
service password-encryption
!
hostname c29s1c.r201.deen.riley.meridian
!
boot-start-marker
boot-end-marker
!
enable secret 5 $1$9.C9$0NyM6xiJBhDOv51nGxK1V.
enable password 7 11280B001
 << 64F074613
!
username root privilege 15 secret 5 $1$8qZa$iewy/42oOa/7Q18eCQBD51
no aaa new-model
clock timezone CST -6 0
clock summer-time CDT recurring
system mtu routing 1500
!
!
!
!
!
!
ip dhcp snooping vlan 652
ip dhcp snooping
ip domain
 << -name mgmt.msstate.edu
ip name-server 130.18.80.12
!
!
!
!
!
authentication mac-move permit
!
!
crypto pki trustpoint TP-self-signed-2494998912
 enrollment selfsigned
 subject-name cn=IOS-Self-Signed-Certificate-2494998912
 revocation-check n
 << one
 rsakeypair TP-self-signed-2494998912
!
!
crypto pki certificate chain TP-self-signed-2494998912
 certificate self-signed 01
  	quit
!
spanning-tree mode pvst
spanning-tree portfast edge bpduguard default
spanning-tree extend system-id
no s
 << panning-tree vlan 2-91,504-505,507-519,522,551-560,562-570,602-607,627,629
no spanning-tree vlan 630,632-633,635-637,654-655,674-682,690-695,698,701,742
no spanning-tree vlan 802,880,905-908,912-914,916,927-930,994-1000
spanning-tree vlan 1-1000 priori
 << ty 61440
errdisable recovery cause udld
errdisable recovery cause bpduguard
errdisable recovery cause security-violation
errdisable recovery cause channel-misconfig
errdisable recovery cause pagp-flap
errdisable recovery cause dtp-flap
errdisable r
 << ecovery cause link-flap
errdisable recovery cause sfp-config-mismatch
errdisable recovery cause gbic-invalid
errdisable recovery cause psecure-violation
errdisable recovery cause port-mode-failure
errdisable recovery cause dhcp-rate-limit
errdisable
 <<  recovery cause pppoe-ia-rate-limit
errdisable recovery cause mac-limit
errdisable recovery cause vmps
errdisable recovery cause storm-control
errdisable recovery cause inline-power
errdisable recovery cause arp-inspection
errdisable recovery cause 
 << loopback
errdisable recovery cause small-frame
errdisable recovery cause psp
errdisable recovery interval 1800
!
!
!
!
vlan internal allocation policy ascending
!
!
! 
!
!
!
!
!
!
!
!
!
interface GigabitEthernet0/1
 switchport access
 <<  vlan 648
 switchport mode access
 power inline consumption 15400
 spanning-tree portfast edge
!
interface GigabitEthernet0/2
 switchport access vlan 648
 switchport mode access
 power inline consumption 15400
 spanning-tree portfast edge
!
int
 << erface GigabitEthernet0/3
 switchport access vlan 648
 switchport mode access
 power inline consumption 15400
 spanning-tree portfast edge
!
interface GigabitEthernet0/4
 switchport access vlan 648
 switchport mode access
 power inline consumptio
 << n 15400
 spanning-tree portfast edge
!
interface GigabitEthernet0/5
 switchport access vlan 652
 switchport mode access
 switchport port-security maximum 2
 switchport port-security violation protect
 switchport port-security aging time 15
 switc
 << hport port-security aging type inactivity
 switchport port-security
 power inline never
 spanning-tree portfast edge
!
interface GigabitEthernet0/6
 switchport access vlan 652
 switchport mode access
 switchport port-security maximum 2
 switchpor
 << t port-security violation protect
 switchport port-security aging time 15
 switchport port-security aging type inactivity
 switchport port-security
 power inline never
 spanning-tree portfast edge
!
interface GigabitEthernet0/7
 switchport access 
 << vlan 652
 switchport mode access
 switchport port-security maximum 2
 switchport port-security violation protect
 switchport port-security aging time 15
 switchport port-security aging type inactivity
 switchport port-security
 power inline never

 <<  spanning-tree portfast edge
!
interface GigabitEthernet0/8
 switchport access vlan 652
 switchport mode access
 switchport port-security maximum 2
 switchport port-security violation protect
 switchport port-security aging time 15
 switchport por
 << t-security aging type inactivity
 switchport port-security
 power inline never
 spanning-tree portfast edge
!
interface GigabitEthernet0/9
 switchport trunk native vlan 92
 switchport mode trunk
 ip dhcp snooping trust
!
interface GigabitEtherne
 << t0/10
 switchport trunk native vlan 92
 switchport mode trunk
 ip dhcp snooping trust
!
interface GigabitEthernet0/11
 switchport trunk native vlan 92
 switchport mode trunk
 ip dhcp snooping trust
!
interface GigabitEthernet0/12
 switchport tr
 << unk native vlan 92
 switchport mode trunk
 ip dhcp snooping trust
!
interface Vlan1
 no ip address
 no ip route-cache
 shutdown
!
interface Vlan92
 ip address 10.92.5.187 255.255.0.0
 ip broadcast-address 10.92.255.255
!
ip default-gateway 10
 << .92.0.1
ip forward-protocol nd
ip http server
ip http secure-server
!
!
!
logging facility local1
logging host 130.18.8.12
access-list 1 permit 10.92.0.0 0.0.255.255
access-list 1 permit 130.18.8.0 0.0.0.255
access-list 1 permit 10.93.0.0 0.0.2
 << 55.255
access-list 1 permit 130.18.1.0 0.0.0.255
!
snmp-server community sysnet RO 1
snmp-server community c2-b2=a2 RW 1
snmp-server enable traps snmp authentication linkdown linkup coldstart warmstart
snmp-server enable traps transceiver all
snmp-
 << server enable traps tty
snmp-server enable traps cluster
snmp-server enable traps config-copy
snmp-server enable traps config
snmp-server enable traps config-ctid
snmp-server enable traps entity
snmp-server enable traps power-ethernet police
snmp-s
 << erver enable traps cpu threshold
snmp-server enable traps bridge newroot topologychange
snmp-server enable traps stpx inconsistency root-inconsistency loop-inconsistency
snmp-server enable traps syslog
snmp-server enable traps vtp
snmp-server enable 
 << traps vlancreate
snmp-server enable traps vlandelete
snmp-server enable traps flash insertion removal
snmp-server enable traps port-security
snmp-server enable traps envmon fan shutdown supply temperature status
snmp-server enable traps errdisable
s
 << nmp-server enable traps mac-notification change move threshold
snmp-server enable traps vlan-membership
!
line con 0
line vty 0 4
 access-class 1 in
 password 7 013214015A560A4536
 login local
 transport input ssh
line vty 5 15
 access-class 1 i
 << n
 password 7 013214015A560A4536
 login local
 transport input ssh
!
ntp server 10.92.0.5
end

c29s1c.r201.deen.riley.meridian#
Expect: matched string 1: #
 >> show interface status

Expect: searching for 2 strs:  :# :>
 << show interface status

Port      Name               Status       Vlan       Duplex  Speed Type 
Gi0/1                        notconnect   648          auto   auto 10/100/1000BaseTX
Gi0/2                        notconnect   648          auto   auto 10/
 << 100/1000BaseTX
Gi0/3                        notconnect   648          auto   auto 10/100/1000BaseTX
Gi0/4                        notconnect   648          auto   auto 10/100/1000BaseTX
Gi0/5                        notconnect   652          auto   auto 
 << 10/100/1000BaseTX
Gi0/6                        notconnect   652          auto   auto 10/100/1000BaseTX
Gi0/7                        notconnect   652          auto   auto 10/100/1000BaseTX
Gi0/8                        notconnect   652          auto   au
 << to 10/100/1000BaseTX
Gi0/9                        notconnect   1            auto   auto 10/100/1000BaseTX
Gi0/10                       notconnect   1            auto   auto 10/100/1000BaseTX
Gi0/11                       notconnect   1            auto  
 <<  auto Not Present
Gi0/12                       notconnect   1            auto   auto Not Present
c29s1c.r201.deen.riley.meridian#
Expect: matched string 1: #
