trying to use serial port: /dev/ttyUSB0
 >> 
 >> 

Expect: searching for 4 strs:  :[yes/no] :Press RETURN to get started. :# :Switch>
 << 
Switch>
Switch>
Switch>
Switch>
Expect: matched string 4: Switch>
 >> term len 0

Expect: searching for 2 strs:  :# :>
 << term len 0
Switch>
Feb  9 17:47:24.401: SMI Director is not configured, disabling SMI
Feb  9 17:47:24.401: disable_smartinstall_operation:Disabling SMI
Expect: matched string 2: >
 >> show version

Expect: searching for 2 strs:  :# :>
 << show version
Cisco IOS Software, C2960X Software (C2960X-UNIVERSALK9-M), Version 15.2(2)E7, RELEASE SOFTWARE (fc3)
Technical Support: http://www.cisco.com/techsupport
Copyright (c) 1986-2017 by Cisco Systems, Inc.
Compiled Wed 12-Jul-17 13:06 by prod_
 << rel_team

ROM: Bootstrap program is C2960X boot loader
BOOTLDR: C2960X Boot Loader (C2960X-HBOOT-M) Version 15.2(3r)E1, RELEASE SOFTWARE (fc1)

Switch uptime is 19 hours, 27 minutes
System returned to ROM by power-on
System restarted at 22:19:41 UT
 << C Thu Feb 8 2018
System image file is "flash:/c2960x-universalk9-mz.152-2.E7/c2960x-universalk9-mz.152-2.E7.bin"
Last reload reason: Unknown reason



This product contains cryptographic features and is subject to United
States and local country la
 << ws governing import, export, transfer and
use. Delivery of Cisco cryptographic products does not imply
third-party authority to import, export, distribute or use encryption.
Importers, exporters, distributors and users are responsible for
compliance w
 << ith U.S. and local country laws. By using this product you
agree to comply with applicable laws and regulations. If you are unable
to comply with U.S. and local laws, return this product immediately.

A summary of U.S. laws governing Cisco cryptograph
 << ic products may be found at:
http://www.cisco.com/wwl/export/crypto/tool/stqrg.html

If you require further assistance please contact us by sending email to
export@cisco.com.

cisco WS-C2960X-24PS-L (APM86XXX) processor (revision S0) with 524288K by
 << tes of memory.
Processor board ID FOC2147S1K8
Last reset from power-on
1 Virtual Ethernet interface
1 FastEthernet interface
28 Gigabit Ethernet interfaces
The password-recovery mechanism is enabled.

512K bytes of flash-simulated non-volatile con
 << figuration memory.
Base ethernet MAC Address       : 24:7E:12:C3:95:80
Motherboard assembly number     : 73-16694-06
Power supply part number        : 341-0528-02
Motherboard serial number       : FOC21467MS7
Power supply serial number      : LIT2140
 << 2EFS
Model revision number           : S0
Motherboard revision number     : C0
Model number                    : WS-C2960X-24PS-L
Daughterboard assembly number   : 73-14200-03
Daughterboard serial number     : FOC21464P6R
System serial number       
 <<      : FOC2147S1K8
Top Assembly Part Number        : 68-100472-03
Top Assembly Revision Number    : F0
Version ID                      : V05
CLEI Code Number                : CMMLR00ARE
Daughterboard revision number   : B0
Hardware Board Revision Nu
 << mber  : 0x19


Switch Ports Model                     SW Version            SW Image                 
------ ----- -----                     ----------            ----------               
*    1 28    WS-C2960X-24PS-L          15.2(2)E7             
 << C2960X-UNIVERSALK9-M     


Configuration register is 0xF

Switch>
Expect: matched string 2: >
 >> enable

Expect: searching for 2 strs:  :Password: :#
 << enable
Switch#
Expect: matched string 2: #
 >> configure terminal

Expect: searching for 1 strs:  :(config)#
 << configure terminal
Enter configuration commands, one per line.  End with CNTL/Z.
Switch(config)#
Expect: matched string 1: (config)#
 >> no service pad

 >> service timestamps debug datetime localtime

 >> service timestamps log datetime localtime

 >> service password-encryption

 >> boot-start-marker

 >> boot-end-marker

 >> enable secret W2w1cD0mIliG!

 >> enable password W2w1cD0mIliG!

 >> username root privilege 15 secret W2w1cD0mIliG!

 >> no aaa new-model

 >> clock timezone CST -6 0

 >> clock summer-time CDT recurring

 >> authentication mac-move permit

 >> ip domain-name mgmt.msstate.edu

 >> ip name-server 130.18.80.12

 >> vtp domain vtp01.mgmt.msstate.edu

 >> vtp mode client

 >> crypto pki trustpoint TP-self-signed-2494998912

 >>  enrollment selfsigned

 >>  subject-name cn=IOS-Self-Signed-Certificate-2494998912

 >>  revocation-check none

 >>  rsakeypair TP-self-signed-2494998912

 >> crypto pki certificate chain TP-self-signed-2494998912

 >>  certificate self-signed 01 nvram:IOS-Self-Sig#3232.cer

 >> spanning-tree portfast bpduguard default

 >> spanning-tree extend system-id

 >> vlan internal allocation policy ascending

 >> errdisable recovery cause all

 >> errdisable recovery interval 1800

 >> interface FastEthernet0

 >>  no ip address

 >>  shutdown

 >> interface Vlan1

 >>  no ip address

 >>  no ip route-cache

 >>  shutdown

 >> interface Vlan92

 >> no ip http server

 >> no ip http secure-server

 >> logging facility local1

 >> logging host 130.18.8.12

 >> access-list 1 permit 10.92.0.0 0.0.255.255

 >> access-list 1 permit 130.18.8.0 0.0.0.255

 >> access-list 1 permit 10.93.0.0 0.0.255.255

 >> access-list 1 permit 130.18.1.0 0.0.0.255

 >> snmp-server community sysnet RO 1

 >> snmp-server community c2-b2=a2 RW 1

 >> snmp-server enable traps snmp authentication linkdown linkup coldstart warmstart

 >> snmp-server enable traps transceiver all

 >> snmp-server enable traps tty

 >> snmp-server enable traps cluster

 >> snmp-server enable traps config-copy

 >> snmp-server enable traps config

 >> snmp-server enable traps config-ctid

 >> snmp-server enable traps dot1x auth-fail-vlan guest-vlan no-auth-fail-vlan no-guest-vlan

 >> snmp-server enable traps entity

 >> snmp-server enable traps power-ethernet police

 >> snmp-server enable traps cpu threshold

 >> snmp-server enable traps rep

 >> snmp-server enable traps bridge newroot topologychange

 >> snmp-server enable traps stpx inconsistency root-inconsistency loop-inconsistency

 >> snmp-server enable traps syslog

 >> snmp-server enable traps vtp

 >> snmp-server enable traps vlancreate

 >> snmp-server enable traps vlandelete

 >> snmp-server enable traps flash insertion removal

 >> snmp-server enable traps port-security

 >> snmp-server enable traps envmon fan shutdown supply temperature status

 >> snmp-server enable traps errdisable

 >> snmp-server enable traps mac-notification change move threshold

 >> snmp-server enable traps vlan-membership

 >> snmp-server host 130.18.8.12 sysnet 

 >> line con 0

 >> line vty 0 15

 >>  access-class 1 in

 >>  password W2w1cD0mIliG!

 >>  login local

 >>  transport input ssh

 >> ntp server 10.92.0.5

 >> 

 >> end

Expect: searching for 1 strs:  :Configured
 << no service pad
Switch(config)#service timestamps debug datetime localtime
Switch(config)#service timestamps log datetime localtime
Switch(config)#service password-encryption
Switch(config)#boot-start-marker
Switch(config)#boot-end-marker
Switch(conf
 << ig)#enable secret W2w1cD0mIliG!
Switch(config)#enable password W2w1cD0mIliG!
The enable password you have chosen is the same as your enable secret.
This is not recommended.  Re-enter the enable password.

Switch(config)#username root privilege 15 sec
 << ret W2w1cD0mIliG!
Switch(config)#no aaa new-model
Switch(config)#clock timezone CST -6 0
Switch(config)#clock summer-time CDT recurring
Switch(config)#authentication mac-move permit
Switch(config)#ip domain-name mgmt.msstate.edu
Switch(config)#ip na
 << me-server 130.18.80.12
Switch(config)#vtp domain vtp01.mgmt.msstate.edu
Changing VTP domain name from NULL to vtp01.mgmt.msstate.edu
Switch(config)#
Feb  9 11:51:02: %SYS-6-CLOCKUPDATE: System clock has been updated from 17:51:02 UTC Fri Feb 9 2018 to
 <<  11:51:02 CST Fri Feb 9 2018, configured from console by console.
Feb  9 11:51:02: %SYS-6-CLOCKUPDATE: System clock has been updated from 11:51:02 CST Fri Feb 9 2018 to 11:51:02 CST Fri Feb 9 2018, configured from console by console.vtp mode client
Sett
 << ing device to VTP Client mode for VLANS.
Switch(config)#crypto pki trustpoint TP-self-signed-2494998912
Switch(ca-trustpoint)# enrollment selfsigned
Switch(ca-trustpoint)# subject-name cn=IOS-Self-Signed-Certificate-2494998912
Switch(ca-trustpoint)# r
 << evocation-check none
Switch(ca-trustpoint)#
Feb  9 11:51:03: %SW_VLAN-6-VTP_DOMAIN_NAME_CHG: VTP domain name changed to vtp01.mgmt.msstate.edu. rsakeypair TP-self-signed-2494998912
Switch(ca-trustpoint)#crypto pki certificate chain TP-self-signed-24949
 << 98912
Switch(config-cert-chain)# certificate self-signed 01 nvram:IOS-Self-Sig#3232$e self-signed 01 nvram:IOS-Self-Sig#3232.         cer
Switch(config-cert-chain)#spanning-tree portfast bpdugu
 << ard default
Switch(config)#spanning-tree extend system-id
Switch(config)#vlan internal allocation policy ascending
Switch(config)#errdisable recovery cause all
Switch(config)#errdisable recovery interval 1800
Switch(config)#interface FastEthernet0
S
 << witch(config-if)# no ip address
Switch(config-if)# shutdown
Switch(config-if)#interface Vlan1
Switch(config-if)# no ip address
Switch(config-if)# no ip route-cache
Switch(config-if)# shutdown
Switch(config-if)#interface Vlan92
Switch(config-if)#no 
 << ip http server
Switch(config)#no ip http secure-server
Switch(config)#logging facility local1
Switch(config)#logging host 130.18.8.12
Switch(config)#access-list 1 permit 10.92.0.0 0.0.255.255
Switch(config)#access-list 1 permit 130.18.8.0 0.0.0.255

 << Switch(config)#access-list 1 permit 10.93.0.0 0.0.255.255
Switch(config)#
Feb  9 11:51:09: %SYS-6-LOGGINGHOST_STARTSTOP: Logging to host 130.18.8.12 port 0 CLI Request Triggered
Feb  9 11:51:09: %SYS-6-LOGGINGHOST_STARTSTOP: Logging to host 130.18.8.12
 <<  port 514 started - CLI initiatedaccess-list 1 permit 130.18.1.0 0.0.0.255
Switch(config)#snmp-server community sysnet RO 1
Switch(config)#snmp-server community c2-b2=a2 RW 1
Switch(config)#snmp-server enable traps snmp authentication linkdown linkup c
 << $ enable traps snmp authentication linkdown linkup co         ldstart waps snmp authentication linkdown linkup coldstart wa
 <<          rmstart
Switch(config)#snmp-server enable traps transceiver all
Switch(config)#
Feb  9 11:51:09: %LINK-5-CHANGED: Interface FastEthernet0, changed state to administratively down
Feb  9 11:51:10: %LINK-5-CHANGED: Interface Vlan1, chan
 << ged state to administratively downsnmp-server enable traps tty
Switch(config)#snmp-server enable traps cluster
Switch(config)#snmp-server enable traps config-copy
Switch(config)#snmp-server enable traps config
Switch(config)#snmp-server enable traps c
 << onfig-ctid
Switch(config)#snmp-server enable traps dot1x auth-fail-vlan guest-vlan no-au$ enable traps dot1x auth-fail-vlan guest-vlan no-aut         h-fail-vl
 << aps dot1x auth-fail-vlan guest-vlan no-auth-fail-vla         n no-guesuth-fail-vlan guest-vlan no-auth-fail-vlan no-guest         -vlan
snm
 << p-server enable traps dot1x auth-fail-vlan guest-vlan no-auth-fail-vlan no-gu                         ^est-vlan

% Invalid input detected at '^' marker.

Switch(config)#snmp-server enable traps entity
Switch(config)#snmp-server enable traps power-eth
 << ernet police
Switch(config)#snmp-server enable traps cpu threshold
Switch(config)#snmp-server enable traps rep
                                        ^
% Invalid input detected at '^' marker.

Switch(config)#snmp-server enable traps bridge newroot 
 << topologychange
Switch(config)#snmp-server enable traps stpx inconsistency root-inconsistency$ enable traps stpx inconsistency root-inconsistency          loop-inco
 << aps stpx inconsistency root-inconsistency loop-incon         sistency
Switch(config)#snmp-server enable traps syslog
Switch(config)#snmp-server enable traps vtp
Switch(config)#snmp-server enable traps v
 << lancreate
Switch(config)#snmp-server enable traps vlandelete
Switch(config)#snmp-server enable traps flash insertion removal
Switch(config)#snmp-server enable traps port-security
Switch(config)#snmp-server enable traps envmon fan shutdown supply tempe
 << ratur$ enable traps envmon fan shutdown supply temperature          status
Switch(config)#snmp-server enable traps errdisable
Switch(config)#snmp-server enable traps mac-notification
 <<  change move threshol$ enable traps mac-notification change move threshold         
Switch(config)#snmp-server enable traps vlan-membership
Switch(config)#snmp-server host 130.18.8.1
 << 2 sysnet 
Switch(config)#line con 0
Switch(config-line)#line vty 0 15
Switch(config-line)# access-class 1 in
Switch(config-line)# password W2w1cD0mIliG!
Switch(config-line)# login local
Switch(config-line)# transport input ssh
Switch(config-line)#n
 << tp server 10.92.0.5
Switch(config)#
Switch(config)#end
Switch#
 << 
Feb  9 11:51:17: %SYS-5-CONFIG_I: Configured from console by console
Expect: matched string 1: Configured
 >> 

 >> configure terminal

Expect: searching for 1 strs:  :(config)#
 << 
Switch#configure terminal
Enter configuration commands, one per line.  End with CNTL/Z.
Switch(config)#
Expect: matched string 1: (config)#
 >> spanning-tree mode mst

 >> spanning-tree etherchannel guard misconfig

 >> spanning-tree mst configuration

 >>  name msstate

 >>  revision 1

 >>  instance 1 vlan 2, 7, 11, 20, 22, 24, 31, 35, 37, 39-40, 50, 60, 63, 70

 >>  instance 1 vlan 78, 80, 86, 91, 96, 104, 110, 126, 136, 140, 152, 160

 >>  instance 1 vlan 162-163, 168, 189, 194, 202, 220, 222, 230, 232, 242, 246

 >>  instance 1 vlan 256, 611-612, 654, 741, 996, 999

 >>  instance 2 vlan 2002, 2007, 2011, 2020, 2022, 2024, 2031, 2035, 2037, 2039-2040

 >>  instance 2 vlan 2050, 2060, 2063, 2070, 2080, 2086, 2096, 2104, 2110, 2126

 >>  instance 2 vlan 2136, 2140, 2152, 2160, 2162-2163, 2168, 2189, 2194, 2202

 >>  instance 2 vlan 2220, 2222, 2232, 2242, 2246, 2611-2612, 2654, 2999

 >>  instance 3 vlan 42, 51, 59, 64, 66, 69, 72, 108, 113, 128, 144, 176, 196

 >>  instance 3 vlan 244, 248, 927

 >>  instance 4 vlan 2042, 2051, 2059, 2064, 2066, 2069, 2072, 2108, 2113, 2128

 >>  instance 4 vlan 2144, 2176, 2196, 2244, 2248, 2927

 >>  instance 5 vlan 16, 48, 58, 88, 121, 131, 133-134, 216, 228

 >>  instance 6 vlan 2016, 2048, 2058, 2088, 2121, 2131, 2133-2134, 2216, 2228

 >>  instance 7 vlan 9, 33-34, 38, 54, 56, 71, 75, 82, 84, 97, 114, 116, 124

 >>  instance 7 vlan 172, 186, 192, 204-208, 210, 240-241, 251-252, 630, 928

 >>  instance 8 vlan 2009, 2033-2034, 2038, 2054, 2056, 2071, 2075, 2082, 2084

 >>  instance 8 vlan 2097, 2114, 2116, 2124, 2172, 2186, 2192, 2204-2208, 2210

 >>  instance 8 vlan 2240-2241, 2251-2252, 2630, 2928

 >>  instance 9 vlan 4-5, 12, 18-19, 32, 44, 57, 62, 68, 76, 98-99, 102, 112

 >>  instance 9 vlan 130, 132, 147-148, 158, 212, 226, 236, 500, 505, 510-511

 >>  instance 9 vlan 522, 551-570, 603, 629, 633, 742, 802, 926, 929

 >>  instance 10 vlan 2004-2005, 2012, 2018-2019, 2032, 2044, 2057, 2062, 2068

 >>  instance 10 vlan 2076, 2098-2099, 2102, 2112, 2130, 2132, 2147-2148, 2158

 >>  instance 10 vlan 2212, 2236, 2500, 2505, 2510-2511, 2522, 2603, 2629, 2633

 >>  instance 10 vlan 2802, 2926, 2929

 >>  instance 11 vlan 8, 43, 52, 146, 156-157, 180, 200, 218

 >>  instance 12 vlan 2008, 2043, 2052, 2146, 2156-2157, 2180, 2200, 2218

 >> 

 >> end

Expect: searching for 1 strs:  :Configured
 << spanning-tree mode mst
Switch(config)#spanning-tree etherchannel guard misconfig
Switch(config)#spanning-tree mst configuration
Switch(config-mst)# name msstate
Switch(config-mst)# revision 1
Switch(config-mst)# instance 1 vlan 2, 7, 11, 20, 22, 24, 
 << 31, 35, 37, 39-40, $ vlan 2, 7, 11, 20, 22, 24, 31, 35, 37, 39-40, 5         0, 60, 63, 11, 20, 22, 24, 31, 35, 37, 39-40, 50, 60, 
 << 63,          70
Switch(config-mst)# instance 1 vlan 78, 80, 86, 91, 96, 104, 110, 126, 136, 1$ vlan 78, 80, 86, 91, 96, 104, 110, 126, 136, 14         0, 152, 1
 << 80, 86, 91, 96, 104, 110, 126, 136, 140, 152, 16         0
Switch(config-mst)# instance 1 vlan 162-163, 168, 189, 194, 202, 220, 222, 23$ vlan 162-1
 << 63, 168, 189, 194, 202, 220, 222, 230         , 232, 24163, 168, 189, 194, 202, 220, 222, 230, 232, 242         , 246
Switch(config-mst)# instance 1 vlan 256, 611-612, 654, 741, 9
 << 96, 999
Switch(config-mst)# instance 2 vlan 2002, 2007, 2011, 2020, 2022, 2024, 2031,$ vlan 2002, 2007, 2011, 2020, 2022, 2024, 2031,          2035, 203
 << , 2007, 2011, 2020, 2022, 2024, 2031, 2035, 2037         , 2039-2011, 2020, 2022, 2024, 2031, 2035, 2037, 2039-204         0
Switch(config-mst)# instance 2 v
 << lan 2050, 2060, 2063, 2070, 2080, 2086, 2096,$ vlan 2050, 2060, 2063, 2070, 2080, 2086, 2096,          2104, 211, 2060, 2063, 2070,
 <<  2080, 2086, 2096, 2104, 2110         , 2126
Switch(config-mst)# instance 2 vlan 2136, 2140, 2152, 2160, 2162-2163, 2168, $ vlan 2136, 2140, 2152, 2160, 2162-2163, 2168, 2         
 << 189, 2194, 2140, 2152, 2160, 2162-2163, 2168, 2189, 2194,          2202
Switch(config-mst)# instance 2 vlan 2220, 2222, 2232, 2242, 2246, 2611-2612, 
 << $ vlan 2220, 2222, 2232, 2242, 2246, 2611-2612, 2         654, 2999
Switch(config-mst)# instance 3 vlan 42, 51, 59, 64, 66, 69, 72, 108, 113, 128$ vlan 42, 51, 59, 64
 << , 66, 69, 72, 108, 113, 128,          144, 17651, 59, 64, 66, 69, 72, 108, 113, 128, 144, 176,          196
Switch(config-mst)# instance 3 vlan 244, 248, 927
Switch(config-mst)# 
 << instance 4 vlan 2042, 2051, 2059, 2064, 2066, 2069, 2072,$ vlan 2042, 2051, 2059, 2064, 2066, 2069, 2072,          2108, 211, 2051,
 <<  2059, 2064, 2066, 2069, 2072, 2108, 2113         , 2128
Switch(config-mst)# instance 4 vlan 2144, 2176, 2196, 2244, 2248, 2927
Switch(config-mst)# instance 5 vlan 16, 48, 58, 88, 121, 131, 133-134, 216, 2
 << $ vlan 16, 48, 58, 88, 121, 131, 133-134, 216, 22         8
Switch(config-mst)# instance 6 vlan 2016, 2048, 2058, 2088, 2121, 2131, 2133-$ vlan 2016, 2048, 2058, 2088, 
 << 2121, 2131, 2133-2         134, 2216, 2048, 2058, 2088, 2121, 2131, 2133-2134, 2216,          2228
Switch(config-mst)# instance 7 vlan 9, 33-34, 38, 54, 56, 71, 75, 82, 84, 97,
 << $ vlan 9, 33-34, 38, 54, 56, 71, 75, 82, 84, 97,          114, 116,3-34, 38, 54, 56, 71, 75, 82, 84, 97, 114, 116,          1
 << 24
Switch(config-mst)# instance 7 vlan 172, 186, 192, 204-208, 210, 240-241, 251$ vlan 172, 186, 192, 204-208, 210, 240-241, 251-         252, 630,
 << 186, 192, 204-208, 210, 240-241, 251-252, 630,          928
Switch(config-mst)# instance 8 vlan 2009, 2033-2034, 2038, 2054, 2056, 2071, $ vlan 2009, 2033-2034, 2038, 2054
 << , 2056, 2071, 2         075, 2082, 2033-2034, 2038, 2054, 2056, 2071, 2075, 2082,          2084
Switch(config-mst)# instance 8 vlan 2097, 2114, 2116, 2124, 2172, 2186, 2192,
 << $ vlan 2097, 2114, 2116, 2124, 2172, 2186, 2192,          2204-2208, 2114, 2116, 2124, 2172, 2186, 2192, 2204-2208,          221
 << 0
Switch(config-mst)# instance 8 vlan 2240-2241, 2251-2252, 2630, 2928
Switch(config-mst)# instance 9 vlan 4-5, 12, 18-19, 32, 44, 57, 62, 68, 76, 9$ vlan 4-5, 12, 18-19, 32, 44, 57, 62, 68, 76, 
 << 98         -99, 102,12, 18-19, 32, 44, 57, 62, 68, 76, 98-99, 102,          112
Switch(config-mst)# instance 9 vlan 130, 132, 147-148, 158, 212, 226, 236, 50
 << $ vlan 130, 132, 147-148, 158, 212, 226, 236, 500         , 505, 51132, 147-148, 158, 212, 226, 236, 500, 505, 510         -511
Switch(config-mst
 << )# instance 9 vlan 522, 551-570, 603, 629, 633, 742, 802, 92$ vlan 522, 551-570, 603, 629, 633, 742, 802, 926         , 929
Switch(config-mst)# instance 10 vlan 2004-2005, 2012, 2018-2019
 << , 2032, 2044, $0 vlan 2004-2005, 2012, 2018-2019, 2032, 2044, 2         057, 20624-2005, 2012, 2018-2019, 2032, 2044, 2057, 2062,  
 <<         2068
Switch(config-mst)# instance 10 vlan 2076, 2098-2099, 2102, 2112, 2130, 2132,$0 vlan 2076, 2098-2099, 2102, 2112, 2130, 2132,          2147-2148
 << 6, 2098-2099, 2102, 2112, 2130, 2132, 2147-2148,          2158
Switch(config-mst)# instance 10 vlan 2212, 2236, 2500, 2505, 2510-2511, 2522,$0 vlan 221
 << 2, 2236, 2500, 2505, 2510-2511, 2522,          2603, 2622, 2236, 2500, 2505, 2510-2511, 2522, 2603, 2629         , 2633
Switch(config-mst)# instance 10 vlan 2802, 2926, 2929
Swit
 << ch(config-mst)# instance 11 vlan 8, 43, 52, 146, 156-157, 180, 200, 218
Switch(config-mst)# instance 12 vlan 2008, 2043, 2052, 2146, 2156-2157, 2180,$2 vlan 2008, 2043, 2052, 2146, 2156-2157, 2180
 << ,          2200, 2218, 2043, 2052, 2146, 2156-2157, 2180, 2200, 2218         
Switch(config-mst)#
Switch(config-mst)#end
Switch#
Feb  9 11:51:32: %SYS-5-CONFIG_I: Configured fr
Expect: matched string 1: Configured
 >> 

 >> configure terminal

Expect: searching for 1 strs:  :(config)#
 << om console by console
Switch#configure terminal
Enter configuration commands, one per line.  End with CNTL/Z.
Switch(config)#
Expect: matched string 1: (config)#
 >> hostname c29s1p.r205.butlerwilliams 

Expect: searching for 2 strs:  :# :>
 << hostname c29s1p.r205.butlerwilliams 
c29s1p.r205.butlerwi(config)#
Expect: matched string 1: #
 >> end

Expect: searching for 1 strs:  :Configured
 << end
c29s1p.r205.butlerwilliams#
 << 
Feb  9 11:51:37: %SYS-5-CONFIG_I: Configured from console by console
Expect: matched string 1: Configured
 >> 

 >> configure terminal

Expect: searching for 1 strs:  :(config)#
 << 
c29s1p.r205.butlerwilliams#configure terminal
Enter configuration commands, one per line.  End with CNTL/Z.
c29s1p.r205.butlerwi(config)#
Expect: matched string 1: (config)#
 >> snmp-server contact 6F-2258

Expect: searching for 1 strs:  :#
 << snmp-server contact 6F-2258
c29s1p.r205.butlerwi(config)#
Expect: matched string 1: #
 >> end

Expect: searching for 1 strs:  :Configured
 << end
c29s1p.r205.butlerwilliams#
 << 
Feb  9 11:51:43: %SYS-5-CONFIG_I: Configured from console by console
Expect: matched string 1: Configured
 >> 

 >> configure terminal

Expect: searching for 1 strs:  :(config)#
 << 
c29s1p.r205.butlerwilliams#configure terminal
Enter configuration commands, one per line.  End with CNTL/Z.
c29s1p.r205.butlerwi(config)#
Expect: matched string 1: (config)#
 >> interface vlan 92

Expect: searching for 1 strs:  :(config-if)#
 << interface vlan 92
c29s1p.r205.butlerwi(config-if)#
Expect: matched string 1: (config-if)#
 >> ip address 10.92.5.248 255.255.0.0

 >> ip broadcast-address 10.92.255.255

 >> end

Expect: searching for 1 strs:  :Configured
 << ip address 10.92.5.248 255.255.0.0
c29s1p.r205.butlerwi(config-if)#ip broadcast-address 10.92.255.255
c29s1p.r205.butlerwi(config-if)#end
c29s1p.r205.butlerwilliams#
 << 
Feb  9 11:51:50: %SYS-5-CONFIG_I: Configured from console by console
Expect: matched string 1: Configured
 >> 

 >> configure terminal

Expect: searching for 1 strs:  :(config)#
 << 
c29s1p.r205.butlerwilliams#configure terminal
Enter configuration commands, one per line.  End with CNTL/Z.
c29s1p.r205.butlerwi(config)#
Expect: matched string 1: (config)#
 >> interface Vlan92

Expect: searching for 1 strs:  :(config-if)#
 << interface Vlan92
c29s1p.r205.butlerwi(config-if)#
Expect: matched string 1: (config-if)#
 >> ip default-gateway 10.92.0.1

 >> end

Expect: searching for 1 strs:  :Configured
 << ip default-gateway 10.92.0.1
c29s1p.r205.butlerwi(config)#end
c29s1p.r205.butlerwilliams#
Feb  9 11:51:55: %SYS-5-CONFIG_I: Configured from console by console
Expect: matched string 1: Configured
 >> 

 >> configure terminal

Expect: searching for 1 strs:  :(config)#
 << 
c29s1p.r205.butlerwilliams#configure terminal
Enter configuration commands, one per line.  End with CNTL/Z.
c29s1p.r205.butlerwi(config)#
Expect: matched string 1: (config)#
 >> ip dhcp snooping

Expect: searching for 1 strs:  :#
 << ip dhcp snooping
c29s1p.r205.butlerwi(config)#
Expect: matched string 1: #
 >> ip dhcp snooping vlan 97

Expect: searching for 1 strs:  :#
 << ip dhcp snooping vlan 97
c29s1p.r205.butlerwi(config)#
Expect: matched string 1: #
 >> end

Expect: searching for 1 strs:  :Configured
 << end
c29s1p.r205.butlerwilliams#
Feb  9 11:52:02: %SYS-5-CONFIG_I: Configured from console by console
Expect: matched string 1: Configured
 >> 

 >> configure terminal

Expect: searching for 1 strs:  :(config)#
 << 
c29s1p.r205.butlerwilliams#configure terminal
Enter configuration commands, one per line.  End with CNTL/Z.
c29s1p.r205.butlerwi(config)#
Expect: matched string 1: (config)#
 >> default interface range gi1/0/1 - 24 

 >> interface range gi1/0/1 - 24 

Expect: searching for 1 strs:  :(config-if-range)#
 << default interface range gi1/0/1 - 24 
c29s1p.r205.butlerwi(config)#interface range gi1/0/1 - 24 
c29s1p.r205.butlerwi(config-if-range)#
Expect: matched string 1: (config-if-range)#
 >> switchport access vlan 97

 >> switchport mode access

 >> spanning-tree portfast

 >> switchport port-security maximum 2

 >> switchport port-security

 >> switchport port-security aging time 15

 >> switchport port-security violation protect

 >> switchport port-security aging type inactivity

 >> power inline never

 >> end

Expect: searching for 1 strs:  :Configured
 << switchport access vlan 97
c29s1p.r205.butlerwi(config-if-range)#switchport mode access
c29s1p.r205.butlerwi(config-if-range)#spanning-tree portfast
%Warning: portfast should only be enabled on ports connected to a single
 host. Connecting hubs, concen
 << trators, switches, bridges, etc... to this
 interface  when portfast is enabled, can cause temporary bridging loops.
 Use with CAUTION

%Portfast will be configured in 24 interfaces due to the range command 
 but will only have effect when the interf
 << aces are in a non-trunking mode.
c29s1p.r205.butlerwi(config-if-range)#switchport port-security maximum 2
c29s1p.r205.butlerwi(config-if-range)#switchport port-security
c29s1p.r205.butlerwi(config-if-range)#switchport port-security aging time 15
c29s1
 << p.r205.butlerwi(config-if-range)#switchport port-security violation prot$port-security violation prote         ct
c29s1p.r205.butlerwi(config-if-range)#switchport port-security aging type ina
 << $port-security aging type inac         tivity
c29s1p.r205.butlerwi(config-if-range)#power inline never
c29s1p.r205.butlerwi(config-if-range)#end
c29s1p.r205.butlerwilliams#
 << 
Feb  9 11:52:10: %SYS-5-CONFIG_I: Configured from console by console
Expect: matched string 1: Configured
 >> 

 >> configure terminal

Expect: searching for 1 strs:  :(config)#
 << 
c29s1p.r205.butlerwilliams#configure terminal
Enter configuration commands, one per line.  End with CNTL/Z.
c29s1p.r205.butlerwi(config)#
Expect: matched string 1: (config)#
 >> default interface range gi1/0/1 - 4 

 >> interface range gi1/0/1 - 4 

Expect: searching for 1 strs:  :(config-if-range)#
 << default interface range gi1/0/1 - 4 
c29s1p.r205.butlerwi(config)#interface range gi1/0/1 - 4 
c29s1p.r205.butlerwi(config-if-range)#
Expect: matched string 1: (config-if-range)#
 >> switchport access vlan 819

 >> switchport mode access

 >> spanning-tree portfast

 >> power inline consumption 15400

 >> end

Expect: searching for 1 strs:  :Configured
 << switchport access vlan 819
c29s1p.r205.butlerwi(config-if-range)#switchport mode access
c29s1p.r205.butlerwi(config-if-range)#spanning-tree portfast
%Warning: portfast should only be enabled on ports connected to a single
 host. Connecting hubs, conce
 << ntrators, switches, bridges, etc... to this
 interface  when portfast is enabled, can cause temporary bridging loops.
 Use with CAUTION

%Portfast will be configured in 4 interfaces due to the range command 
 but will only have effect when the interf
 << aces are in a non-trunking mode.
c29s1p.r205.butlerwi(config-if-range)#power inline consumption 15400
%CAUTION: Interface Gi1/0/1: Misconfiguring the 'power inline
 consumption/allocation' command may cause damage to the switch and void
 your warranty
 << . Take precaution not to oversubscribe the power supply.
 It is recommended to enable power policing if the switch supports it.
 Refer to documentation.

%CAUTION: Interface Gi1/0/2: Misconfiguring the 'power inline
 consumption/allocation' command m
 << ay cause damage to the switch and void
 your warranty. Take precaution not to oversubscribe the power supply.
 It is recommended to enable power policing if the switch supports it.
 Refer to documentation.

%CAUTION: Interface Gi1/0/3: Misconfiguring
 <<  the 'power inline
 consumption/allocation' command may cause damage to the switch and void
 your warranty. Take precaution not to oversubscribe the power supply.
 It is recommended to enable power policing if the switch supports it.
 Refer to documen
 << tation.

%CAUTION: Interface Gi1/0/4: Misconfiguring the 'power inline
 consumption/allocation' command may cause damage to the switch and void
 your warranty. Take precaution not to oversubscribe the power supply.
 It is recommended to enable power 
 << policing if the switch supports it.
 Refer to documentation.

c29s1p.r205.butlerwi(config-if-range)#end
c29s1p.r205.butlerwilliams#
 << 
Feb  9 11:52:18: %SYS-5-CONFIG_I: Configured from console by console
Expect: matched string 1: Configured
 >> 

 >> configure terminal

Expect: searching for 1 strs:  :(config)#
 << 
c29s1p.r205.butlerwilliams#configure terminal
Enter configuration commands, one per line.  End with CNTL/Z.
c29s1p.r205.butlerwi(config)#
Expect: matched string 1: (config)#
 >> default interface range gi1/0/5 - 8 

 >> interface range gi1/0/5 - 8 

Expect: searching for 1 strs:  :(config-if-range)#
 << default interface range gi1/0/5 - 8 
c29s1p.r205.butlerwi(config)#interface range gi1/0/5 - 8 
c29s1p.r205.butlerwi(config-if-range)#
Expect: matched string 1: (config-if-range)#
 >> switchport access vlan 818

 >> switchport mode access

 >> spanning-tree portfast

 >> power inline consumption 15400

 >> end

Expect: searching for 1 strs:  :Configured
 << switchport access vlan 818
c29s1p.r205.butlerwi(config-if-range)#switchport mode access
c29s1p.r205.butlerwi(config-if-range)#spanning-tree portfast
%Warning: portfast should only be enabled on ports connected to a single
 host. Connecting hubs, conce
 << ntrators, switches, bridges, etc... to this
 interface  when portfast is enabled, can cause temporary bridging loops.
 Use with CAUTION

%Portfast will be configured in 4 interfaces due to the range command 
 but will only have effect when the interf
 << aces are in a non-trunking mode.
c29s1p.r205.butlerwi(config-if-range)#power inline consumption 15400
%CAUTION: Interface Gi1/0/5: Misconfiguring the 'power inline
 consumption/allocation' command may cause damage to the switch and void
 your warranty
 << . Take precaution not to oversubscribe the power supply.
 It is recommended to enable power policing if the switch supports it.
 Refer to documentation.

%CAUTION: Interface Gi1/0/6: Misconfiguring the 'power inline
 consumption/allocation' command m
 << ay cause damage to the switch and void
 your warranty. Take precaution not to oversubscribe the power supply.
 It is recommended to enable power policing if the switch supports it.
 Refer to documentation.

%CAUTION: Interface Gi1/0/7: Misconfiguring
 <<  the 'power inline
 consumption/allocation' command may cause damage to the switch and void
 your warranty. Take precaution not to oversubscribe the power supply.
 It is recommended to enable power policing if the switch supports it.
 Refer to documen
 << tation.

%CAUTION: Interface Gi1/0/8: Misconfiguring the 'power inline
 consumption/allocation' command may cause damage to the switch and void
 your warranty. Take precaution not to oversubscribe the power supply.
 It is recommended to enable power 
 << policing if the switch supports it.
 Refer to documentation.

c29s1p.r205.butlerwi(config-if-range)#end
c29s1p.r205.butlerwilliams#
 << 
 << 
Feb  9 11:52:26: %SYS-5-CONFIG_I: Configured from console by console
Expect: matched string 1: Configured
 >> 

 >> configure terminal

Expect: searching for 1 strs:  :(config)#
 << 
c29s1p.r205.butlerwilliams#configure terminal
Enter configuration commands, one per line.  End with CNTL/Z.
c29s1p.r205.butlerwi(config)#
Expect: matched string 1: (config)#
 >> default interface range gi1/0/9 - 12 

 >> interface range gi1/0/9 - 12 

Expect: searching for 1 strs:  :(config-if-range)#
 << default interface range gi1/0/9 - 12 
c29s1p.r205.butlerwi(config)#interface range gi1/0/9 - 12 
c29s1p.r205.butlerwi(config-if-range)#
Expect: matched string 1: (config-if-range)#
 >> switchport access vlan 802

 >> switchport mode access

 >> spanning-tree portfast

 >> power inline consumption 15400

 >> end

Expect: searching for 1 strs:  :Configured
 << switchport access vlan 802
c29s1p.r205.butlerwi(config-if-range)#switchport mode access
c29s1p.r205.butlerwi(config-if-range)#spanning-tree portfast
%Warning: portfast should only be enabled on ports connected to a single
 host. Connecting hubs, conce
 << ntrators, switches, bridges, etc... to this
 interface  when portfast is enabled, can cause temporary bridging loops.
 Use with CAUTION

%Portfast will be configured in 4 interfaces due to the range command 
 but will only have effect when the interf
 << aces are in a non-trunking mode.
c29s1p.r205.butlerwi(config-if-range)#power inline consumption 15400
%CAUTION: Interface Gi1/0/9: Misconfiguring the 'power inline
 consumption/allocation' command may cause damage to the switch and void
 your warranty
 << . Take precaution not to oversubscribe the power supply.
 It is recommended to enable power policing if the switch supports it.
 Refer to documentation.

%CAUTION: Interface Gi1/0/10: Misconfiguring the 'power inline
 consumption/allocation' command 
 << may cause damage to the switch and void
 your warranty. Take precaution not to oversubscribe the power supply.
 It is recommended to enable power policing if the switch supports it.
 Refer to documentation.

%CAUTION: Interface Gi1/0/11: Misconfiguri
 << ng the 'power inline
 consumption/allocation' command may cause damage to the switch and void
 your warranty. Take precaution not to oversubscribe the power supply.
 It is recommended to enable power policing if the switch supports it.
 Refer to docum
 << entation.

%CAUTION: Interface Gi1/0/12: Misconfiguring the 'power inline
 consumption/allocation' command may cause damage to the switch and void
 your warranty. Take precaution not to oversubscribe the power supply.
 It is recommended to enable pow
 << er policing if the switch supports it.
 Refer to documentation.

c29s1p.r205.butlerwi(config-if-range)#end
c29s1p.r205.butlerwilliams#
 << 
Feb  9 11:52:37: %SYS-5-CONFIG_I: Configured from console by console
Expect: matched string 1: Configured
 >> 

 >> configure terminal

Expect: searching for 1 strs:  :(config)#
 << 
 << 
 << 
 << 
 << 
 << 
 << 
 << 
 << 
 << 
Expect: did not match any strings!
...

...

 >> default interface gi1/0/24 

 >> interface gi1/0/24 

Expect: searching for 1 strs:  :(config-if)#
 << 
 << 
 << 
 << 
 << 
Feb  9 11:52:57: %PNP-6-PNP_DISCOVERY_STOPPED: PnP Discovery stopped (Aborted by non-PnP bootstrapping)
 << 
 << 
 << 
Expect: did not match any strings!
...

Feb  9 11:52:57: %PNP-6-PNP_DISCOVERY_STOPPED: PnP Discovery stopped (Aborted by non-PnP bootstrapping)
...

 >> configure terminal

Expect: searching for 1 strs:  :(config)#
 << configure terminal
                                 ^
% Invalid input detected at '^' marker.

c29s1p.r205.butlerwi(config-if)#
 << 
 << 
 << 
 << 
 << 
 << 
 << 
 << 
 << 
 << 
Expect: did not match any strings!
...
configure terminal
                                 ^
% Invalid input detected at '^' marker.

c29s1p.r205.butlerwi(config-if)#
...

 >> default interface range gi1/0/25 - 28 

 >> interface range gi1/0/25 - 28 

Expect: searching for 1 strs:  :(config-if-range)#
 << default interface range gi1/0/25 - 28 
c29s1p.r205.butlerwi(config)#interface range gi1/0/25 - 28 
c29s1p.r205.butlerwi(config-if-range)#
Expect: matched string 1: (config-if-range)#
 >> switchport mode trunk

 >> switchport trunk native vlan 92

 >> ip dhcp snooping trust

 >> no keepalive

 >> configure terminal

Expect: searching for 1 strs:  :(config)#
 << switchport mode trunk
c29s1p.r205.butlerwi(config-if-range)#switchport trunk native vlan 92
c29s1p.r205.butlerwi(config-if-range)#ip dhcp snooping trust
c29s1p.r205.butlerwi(config-if-range)#no keepalive
c29s1p.r205.butlerwi(config-if-range)#configure
 <<  terminal
                                       ^
% Invalid input detected at '^' marker.

c29s1p.r205.butlerwi(config-if-range)#
 << 
 << 
 << 
 << 
 << 
 << 
 << 
 << 
 << 
 << 
Expect: did not match any strings!
...
switchport mode trunk
c29s1p.r205.butlerwi(config-if-range)#switchport trunk native vlan 92
c29s1p.r205.butlerwi(config-if-range)#ip dhcp snooping trust
c29s1p.r205.butlerwi(config-if-range)#no keepalive
c29s1p.r205.butlerwi(config-if-range)#configure terminal
                                       ^
% Invalid input detected at '^' marker.

c29s1p.r205.butlerwi(config-if-range)#
...

 >> crypto key generate rsa

 >> no

 >> 2048

Expect: searching for 2 strs:  :OK :(config)#
 << crypto key generate rsa
The name for the keys will be: c29s1p.r205.butlerwilliams.mgmt.msstate.edu
Choose the size of the key modulus in the range of 360 to 4096 for your
  General Purpose Keys. Choosing a key modulus greater than 512 may take
  a few
 <<  minutes.

How many bits in the modulus [512]: no
% A decimal number between 360 and 4096.
How many bits in the modulus [512]: 2048
% Generating 2048 bit RSA keys, keys will be non-exportable...
 << 
 << 
 << 
 << 
 << 
 << 
 << 
 << 
 << 
[OK] (elapsed time was 10 seconds)

c29s1p.r205.butlerwi(config)#
Expect: matched string 1: OK
 >> write mem

Expect: searching for 2 strs:  :# :>
 << write mem
                              ^
% Invalid input detected at '^' marker.

c29s1p.r205.butlerwi(config)#
Feb  9 11:53:38: %SSH-5-ENABLED: SSH 1.99 has been enabled
Expect: matched string 1: #
 >> 
Expect: searching for 2 strs:  :# :>
 << 
c29s1p.r205.butlerwi(config)#
c29s1p.r205.butlerwi(config)#
Expect: matched string 1: #
 >> sh run

Expect: searching for 2 strs:  :# :>
 << sh run
                                ^
% Invalid input detected at '^' marker.

c29s1p.r205.butlerwi(config)#
Expect: matched string 1: #
 >> show interface status

Expect: searching for 2 strs:  :# :>
 << show interface status
                               ^
% Invalid input detected at '^' marker.

c29s1p.r205.butlerwi(config)#
Expect: matched string 1: #
