trying to use serial port: /dev/ttyUSB0
 >> 
 >> 

Expect: searching for 4 strs:  :[yes/no] :Press RETURN to get started. :# :Switch>
 << 
Switch>
Switch>
Switch>
Switch>
Expect: matched string 4: Switch>
 >> term len 0

Expect: searching for 2 strs:  :# :>
 << term len 0
Switch>
Expect: matched string 2: >
 >> show version

Expect: searching for 2 strs:  :# :>
 << show version
Cisco IOS Software, C2960X Software (C2960X-UNIVERSALK9-M), Version 15.2(2)E6, RELEASE SOFTWARE (fc1)
Technical Support: http://www.cisco.com/techsupport
Copyright (c) 1986-2016 by Cisco Systems, Inc.
Compiled Fri 16-Dec-16 21:27 by prod_
 << rel_team

ROM: Bootstrap program is C2960X boot loader
BOOTLDR: C2960X Boot Loader (C2960X-HBOOT-M) Version 15.2(3r)E1, RELEASE SOFTWARE (fc1)

Switch uptime is 4 hours, 39 minutes
System returned to ROM by power-on
System restarted at 15:12:33 UTC
 <<  Tue Feb 13 2018
System image file is "flash:/c2960x-universalk9-mz.152-2.E6/c2960x-universalk9-mz.152-2.E6.bin"
Last reload reason: Unknown reason



This product contains cryptographic features and is subject to United
States and local country la
 << ws governing import, export, transfer and
use. Delivery of Cisco cryptographic products does not imply
third-party authority to import, export, distribute or use encryption.
Importers, exporters, distributors and users are responsible for
compliance w
 << ith U.S. and local country laws. By using this product you
agree to comply with applicable laws and regulations. If you are unable
to comply with U.S. and local laws, return this product immediately.

A summary of U.S. laws governing Cisco cryptograph
 << ic products may be found at:
http://www.cisco.com/wwl/export/crypto/tool/stqrg.html

If you require further assistance please contact us by sending email to
export@cisco.com.

cisco WS-C2960X-48TS-L (APM86XXX) processor (revision R0) with 524288K by
 << tes of memory.
Processor board ID FCW2129A4Y8
Last reset from power-on
1 Virtual Ethernet interface
1 FastEthernet interface
52 Gigabit Ethernet interfaces
The password-recovery mechanism is enabled.

512K bytes of flash-simulated non-volatile con
 << figuration memory.
Base ethernet MAC Address       : 50:F7:22:C7:17:80
Motherboard assembly number     : 73-16693-05
Power supply part number        : 341-0537-02
Motherboard serial number       : FOC21292PX9
Power supply serial number      : LIT2122
 << 4XLQ
Model revision number           : R0
Motherboard revision number     : B0
Model number                    : WS-C2960X-48TS-L
Daughterboard assembly number   : 73-14200-03
Daughterboard serial number     : FOC21284DF4
System serial number       
 <<      : FCW2129A4Y8
Top Assembly Part Number        : 68-100471-02
Top Assembly Revision Number    : E0
Version ID                      : V05
CLEI Code Number                : CMMNF00ARD
Daughterboard revision number   : B0
Hardware Board Revision Nu
 << mber  : 0x19


Switch Ports Model                     SW Version            SW Image                 
------ ----- -----                     ----------            ----------               
*    1 52    WS-C2960X-48TS-L          15.2(2)E6             
 << C2960X-UNIVERSALK9-M     


Configuration register is 0xF

Switch>
Expect: matched string 2: >
 >> enable

Expect: searching for 2 strs:  :Password: :#
 << enable
Switch#
Expect: matched string 2: #
 >> configure terminal

Expect: searching for 1 strs:  :(config)#
 << configure terminal
Enter configuration commands, one per line.  End with CNTL/Z.
Switch(config)#
Expect: matched string 1: (config)#
 >> no service pad

 >> service timestamps debug datetime localtime

 >> service timestamps log datetime localtime

 >> service password-encryption

 >> boot-start-marker

 >> boot-end-marker

 >> enable secret W2w1cD0mIliG!

 >> enable password W2w1cD0mIliG!

 >> username root privilege 15 secret W2w1cD0mIliG!

 >> no aaa new-model

 >> clock timezone CST -6 0

 >> clock summer-time CDT recurring

 >> authentication mac-move permit

 >> ip domain-name mgmt.msstate.edu

 >> ip name-server 130.18.80.12

 >> vtp domain vtp01.mgmt.msstate.edu

 >> vtp mode client

 >> crypto pki trustpoint TP-self-signed-2494998912

 >>  enrollment selfsigned

 >>  subject-name cn=IOS-Self-Signed-Certificate-2494998912

 >>  revocation-check none

 >>  rsakeypair TP-self-signed-2494998912

 >> crypto pki certificate chain TP-self-signed-2494998912

 >>  certificate self-signed 01 nvram:IOS-Self-Sig#3232.cer

 >> spanning-tree portfast bpduguard default

 >> spanning-tree extend system-id

 >> vlan internal allocation policy ascending

 >> errdisable recovery cause all

 >> errdisable recovery interval 1800

 >> interface FastEthernet0

 >>  no ip address

 >>  shutdown

 >> interface Vlan1

 >>  no ip address

 >>  no ip route-cache

 >>  shutdown

 >> interface Vlan92

 >> no ip http server

 >> no ip http secure-server

 >> logging facility local1

 >> logging host 130.18.8.12

 >> access-list 1 permit 10.92.0.0 0.0.255.255

 >> access-list 1 permit 130.18.8.0 0.0.0.255

 >> access-list 1 permit 10.93.0.0 0.0.255.255

 >> access-list 1 permit 130.18.1.0 0.0.0.255

 >> snmp-server community sysnet RO 1

 >> snmp-server community c2-b2=a2 RW 1

 >> snmp-server enable traps snmp authentication linkdown linkup coldstart warmstart

 >> snmp-server enable traps transceiver all

 >> snmp-server enable traps tty

 >> snmp-server enable traps cluster

 >> snmp-server enable traps config-copy

 >> snmp-server enable traps config

 >> snmp-server enable traps config-ctid

 >> snmp-server enable traps dot1x auth-fail-vlan guest-vlan no-auth-fail-vlan no-guest-vlan

 >> snmp-server enable traps entity

 >> snmp-server enable traps power-ethernet police

 >> snmp-server enable traps cpu threshold

 >> snmp-server enable traps rep

 >> snmp-server enable traps bridge newroot topologychange

 >> snmp-server enable traps stpx inconsistency root-inconsistency loop-inconsistency

 >> snmp-server enable traps syslog

 >> snmp-server enable traps vtp

 >> snmp-server enable traps vlancreate

 >> snmp-server enable traps vlandelete

 >> snmp-server enable traps flash insertion removal

 >> snmp-server enable traps port-security

 >> snmp-server enable traps envmon fan shutdown supply temperature status

 >> snmp-server enable traps errdisable

 >> snmp-server enable traps mac-notification change move threshold

 >> snmp-server enable traps vlan-membership

 >> snmp-server host 130.18.8.12 sysnet 

 >> line con 0

 >> line vty 0 15

 >>  access-class 1 in

 >>  password W2w1cD0mIliG!

 >>  login local

 >>  transport input ssh

 >> ntp server 10.92.0.5

 >> 

 >> end

Expect: searching for 1 strs:  :Configured
 << no service pad
Switch(config)#service timestamps debug datetime localtime
Switch(config)#service timestamps log datetime localtime
Switch(config)#service password-encryption
Switch(config)#boot-start-marker
Switch(config)#boot-end-marker
Switch(conf
 << ig)#enable secret W2w1cD0mIliG!
Switch(config)#enable password W2w1cD0mIliG!
The enable password you have chosen is the same as your enable secret.
This is not recommended.  Re-enter the enable password.

Switch(config)#username root privilege 15 sec
 << ret W2w1cD0mIliG!
Switch(config)#no aaa new-model
Switch(config)#clock timezone CST -6 0
Switch(config)#clock summer-time CDT recurring
Switch(config)#authentication mac-move permit
Switch(config)#ip domain-name mgmt.msstate.edu
Switch(config)#ip na
 << me-server 130.18.80.12
Switch(config)#vtp domain vtp01.mgmt.msstate.edu
Changing VTP domain name from NULL to vtp01.mgmt.msstate.edu
Switch(config)#vtp mode client
Setting device to VTP Client mode for VLANS.
Switch(config)#crypto pki trustpoint TP-s
 << elf-signed-2494998912
Switch(ca-trustpoint)# enrollment selfsigned
Switch(ca-trustpoint)# subject-name cn=IOS-Self-Signed-Certificate-
Feb 13 13:53:13: %SYS-6-CLOCKUPDATE: System clock has been updated from 19:53:13 UTC Tue Feb 13 2018 to 13:53:13 CST 
 << Tue Feb 13 2018, configured from console by console.
Feb 13 13:53:13: %SYS-6-CLOCKUPDATE: System clock has been updated from 13:53:13 CST Tue Feb 13 2018 to 13:53:13 CST Tue Feb 13 2018, configured from console by console.2494998912
Switch(ca-trustpoint
 << )# revocation-check none
Switch(ca-trustpoint)# rsakeypair TP-self-signed-2494998912
Switch(ca-trustpoint)#crypto pki certificate chain TP-self-signed-2494998912
Switch(config-cert-chain)# certificate self-signed 01 nvram:IOS-Self-Sig#3232
 << $e self-signed 01 nvram:IOS-Self-Sig#3232.         cer
Switch(config-cert-chain)#
Feb 13 13:53:14: %SW_VLAN-6-VTP_DOMAIN_NAME_CHG: VTP domain name changed to vtp01.mgmt.msstate.edu.spanning-tree portfast bp
 << duguard default
Switch(config)#spanning-tree extend system-id
Switch(config)#vlan internal allocation policy ascending
Switch(config)#errdisable recovery cause all
Switch(config)#errdisable recovery interval 1800
Switch(config)#interface FastEthernet
 << 0
Switch(config-if)# no ip address
Switch(config-if)# shutdown
Switch(config-if)#interface Vlan1
Switch(config-if)# no ip address
Switch(config-if)# no ip route-cache
Switch(config-if)# shutdown
Switch(config-if)#interface Vlan92
Switch(config-if)
 << #no ip http server
Switch(config)#no ip http secure-server
Switch(config)#logging facility local1
Switch(config)#logging host 130.18.8.12
Switch(config)#access-list 1 permit 10.92.0.0 0.0.255.255
Switch(config)#access-list 1 permit 130.18.8.0 0.0.0.2
 << 55
Switch(config)#
Feb 13 13:53:19: %SYS-6-LOGGINGHOST_STARTSTOP: Logging to host 130.18.8.12 port 0 CLI Request Triggered
Feb 13 13:53:19: %SYS-6-LOGGINGHOST_STARTSTOP: Logging to host 130.18.8.12 port 514 started - CLI initiatedaccess-list 1 permit 1
 << 0.93.0.0 0.0.255.255
Switch(config)#access-list 1 permit 130.18.1.0 0.0.0.255
Switch(config)#snmp-server community sysnet RO 1
Switch(config)#snmp-server community c2-b2=a2 RW 1
Switch(config)#snmp-server enable traps snmp authenti
Feb 13 13:53:20: %
 << LINK-5-CHANGED: Interface FastEthernet0, changed state to administratively down
Feb 13 13:53:20: %LINK-5-CHANGED: Interface Vlan1, changed state to administratively downcation linkdown linkup c
 << $ enable traps snmp authentication linkdown linkup co         ldstart waps snmp authentication linkdown linkup coldstart wa         rmstart
Switch(config)#snmp-server enable 
 << traps transceiver all
Switch(config)#snmp-server enable traps tty
Switch(config)#snmp-server enable traps cluster
Switch(config)#snmp-server enable traps config-copy
Switch(config)#snmp-server enable traps config
Switch(config)#snmp-server enable tra
 << ps config-ctid
Switch(config)#snmp-server enable traps dot1x auth-fail-vlan guest-vlan no-au$ enable traps dot1x auth-fail-vlan guest-vlan no-aut         h-fail-vl
 << aps dot1x auth-fail-vlan guest-vlan no-auth-fail-vla         n no-guesuth-fail-vlan guest-vlan no-auth-fail-vlan no-guest         -vlan
 << 
snmp-server enable traps dot1x auth-fail-vlan guest-vlan no-auth-fail-vlan no-gu                         ^est-vlan

% Invalid input detected at '^' marker.

Switch(config)#snmp-server enable traps entity
Switch(config)#snmp-server enable traps power
 << -ethernet police
Switch(config)#snmp-server enable traps cpu threshold
Switch(config)#snmp-server enable traps rep
                                        ^
% Invalid input detected at '^' marker.

Switch(config)#snmp-server enable traps bridge newr
 << oot topologychange
Switch(config)#snmp-server enable traps stpx inconsistency root-inconsistency$ enable traps stpx inconsistency root-inconsistency          loop-inco
 << aps stpx inconsistency root-inconsistency loop-incon         sistency
Switch(config)#snmp-server enable traps syslog
Switch(config)#snmp-server enable traps vtp
Switch(config)#snmp-server enable tra
 << ps vlancreate
Switch(config)#snmp-server enable traps vlandelete
Switch(config)#snmp-server enable traps flash insertion removal
Switch(config)#snmp-server enable traps port-security
Switch(config)#snmp-server enable traps envmon fan shutdown supply t
 << emperatur$ enable traps envmon fan shutdown supply temperature          status
Switch(config)#snmp-server enable traps errdisable
Switch(config)#snmp-server enable traps mac-notifica
 << tion change move threshol$ enable traps mac-notification change move threshold         
Switch(config)#snmp-server enable traps vlan-membership
Switch(config)#snmp-server host 130.18
 << .8.12 sysnet 
Switch(config)#line con 0
Switch(config-line)#line vty 0 15
Switch(config-line)# access-class 1 in
Switch(config-line)# password W2w1cD0mIliG!
Switch(config-line)# login local
Switch(config-line)# transport input ssh
Switch(config-lin
 << e)#ntp server 10.92.0.5
Switch(config)#
Switch(config)#end
Switch#
 << 
Feb 13 13:53:28: %SYS-5-CONFIG_I: Configured from console by console
Expect: matched string 1: Configured
 >> 

 >> configure terminal

Expect: searching for 1 strs:  :(config)#
 << 
Switch#configure terminal
Enter configuration commands, one per line.  End with CNTL/Z.
Switch(config)#
Expect: matched string 1: (config)#
 >> spanning-tree mode pvst

 >> no spanning-tree vlan 159,177,502-519,521-522,531,541,551-560,562-570,601-607

 >> no spanning-tree vlan 609-612,614,617,627,629-630,632-633,635-637,645,647-652

 >> no spanning-tree vlan 654-655,672-682,690-695,698,701,742,802,818-819,880,901

 >> no spanning-tree vlan 903-908,912-914,916-919,927-931,970,994-1000

 >> 

 >> end

Expect: searching for 1 strs:  :Configured
 << spanning-tree mode pvst
Switch(config)#no spanning-tree vlan 159,177,502-519,521-522,531,541,551-560,$-tree vlan 159,177,502-519,521-522,531,541,551-560,5         62-570,60
 <<  159,177,502-519,521-522,531,541,551-560,562-570,601         -607
Switch(config)#no spanning-tree vlan 609-612,614,617,627,629-630,632-633,635-
 << $-tree vlan 609-612,614,617,627,629-630,632-633,635-6         37,645,64 609-612,614,617,627,629-630,632-633,635-637,645,647         -652
Switch(config)#no spanning-t
 << ree vlan 654-655,672-682,690-695,698,701,742,802,$-tree vlan 654-655,672-682,690-695,698,701,742,802,8         18-819,88 65
 << 4-655,672-682,690-695,698,701,742,802,818-819,880         ,901
Switch(config)#no spanning-tree vlan 903-908,912-914,916-919,927-931,970,994-$-tree vlan 903-908,912-914,916-919,927-931
 << ,970,994-1         000
Switch(config)#
Switch(config)#end
Switch#
Feb 13 13:53:36: %SYS-5-CONFIG_I: Configured from console by console
Expect: matched string 1: Configured
 >> 

 >> configure terminal

Expect: searching for 1 strs:  :(config)#
 << 
Switch#configure terminal
Enter configuration commands, one per line.  End with CNTL/Z.
Switch(config)#
Expect: matched string 1: (config)#
 >> hostname c29s3.vni.flowood 

Expect: searching for 2 strs:  :# :>
 << hostname c29s3.vni.flowood 
c29s3.vni.flowood(config)#
Expect: matched string 1: #
 >> end

Expect: searching for 1 strs:  :Configured
 << end
c29s3.vni.flowood#
 << 
Feb 13 13:53:42: %SYS-5-CONFIG_I: Configured from console by console
Expect: matched string 1: Configured
 >> 

 >> configure terminal

Expect: searching for 1 strs:  :(config)#
 << 
c29s3.vni.flowood#configure terminal
Enter configuration commands, one per line.  End with CNTL/Z.
c29s3.vni.flowood(config)#
Expect: matched string 1: (config)#
 >> snmp-server contact 6F-2205

Expect: searching for 1 strs:  :#
 << snmp-server contact 6F-2205
c29s3.vni.flowood(config)#
Expect: matched string 1: #
 >> end

Expect: searching for 1 strs:  :Configured
 << end
c29s3.vni.flowood#
 << 
Feb 13 13:53:48: %SYS-5-CONFIG_I: Configured from console by console
Expect: matched string 1: Configured
 >> 

 >> configure terminal

Expect: searching for 1 strs:  :(config)#
 << 
c29s3.vni.flowood#configure terminal
Enter configuration commands, one per line.  End with CNTL/Z.
c29s3.vni.flowood(config)#
Expect: matched string 1: (config)#
 >> interface vlan 92

Expect: searching for 1 strs:  :(config-if)#
 << interface vlan 92
c29s3.vni.flowood(config-if)#
Expect: matched string 1: (config-if)#
 >> ip address 10.92.5.249 255.255.0.0

 >> ip broadcast-address 10.92.255.255

 >> end

Expect: searching for 1 strs:  :Configured
 << ip address 10.92.5.249 255.255.0.0
c29s3.vni.flowood(config-if)#ip broadcast-address 10.92.255.255
c29s3.vni.flowood(config-if)#end
c29s3.vni.flowood#
 << 
Feb 13 13:53:54: %SYS-5-CONFIG_I: Configured from console by console
Expect: matched string 1: Configured
 >> 

 >> configure terminal

Expect: searching for 1 strs:  :(config)#
 << 
c29s3.vni.flowood#configure terminal
Enter configuration commands, one per line.  End with CNTL/Z.
c29s3.vni.flowood(config)#
Expect: matched string 1: (config)#
 >> interface Vlan92

Expect: searching for 1 strs:  :(config-if)#
 << interface Vlan92
c29s3.vni.flowood(config-if)#
Expect: matched string 1: (config-if)#
 >> ip default-gateway 10.92.0.1

 >> end

Expect: searching for 1 strs:  :Configured
 << ip default-gateway 10.92.0.1
c29s3.vni.flowood(config)#end
c29s3.vni.flowood#
Feb 13 13:54:00: %SYS-5-CONFIG_I: Configured from console by console
Expect: matched string 1: Configured
 >> 

 >> configure terminal

Expect: searching for 1 strs:  :(config)#
 << 
c29s3.vni.flowood#configure terminal
Enter configuration commands, one per line.  End with CNTL/Z.
c29s3.vni.flowood(config)#
Expect: matched string 1: (config)#
 >> ip dhcp snooping

Expect: searching for 1 strs:  :#
 << ip dhcp snooping
c29s3.vni.flowood(config)#
Expect: matched string 1: #
 >> ip dhcp snooping vlan 238

Expect: searching for 1 strs:  :#
 << ip dhcp snooping vlan 238
c29s3.vni.flowood(config)#
Expect: matched string 1: #
 >> end

Expect: searching for 1 strs:  :Configured
 << end
c29s3.vni.flowood#
Feb 13 13:54:07: %SYS-5-CONFIG_I: Configured from console by console
Expect: matched string 1: Configured
 >> 

 >> configure terminal

Expect: searching for 1 strs:  :(config)#
 << 
c29s3.vni.flowood#configure terminal
Enter configuration commands, one per line.  End with CNTL/Z.
c29s3.vni.flowood(config)#
Expect: matched string 1: (config)#
 >> default interface range gi1/0/1 - 48 

 >> interface range gi1/0/1 - 48 

Expect: searching for 1 strs:  :(config-if-range)#
 << default interface range gi1/0/1 - 48 
c29s3.vni.flowood(config)#interface range gi1/0/1 - 48 
c29s3.vni.flowood(config-if-range)#
Expect: matched string 1: (config-if-range)#
 >> switchport access vlan 238

 >> switchport mode access

 >> spanning-tree portfast

 >> switchport port-security maximum 2

 >> switchport port-security

 >> switchport port-security aging time 15

 >> switchport port-security violation protect

 >> switchport port-security aging type inactivity

 >> power inline never

 >> end

Expect: searching for 1 strs:  :Configured
 << switchport access vlan 238
c29s3.vni.flowood(config-if-range)#switchport mode access
c29s3.vni.flowood(config-if-range)#spanning-tree portfast
%Warning: portfast should only be enabled on ports connected to a single
 host. Connecting hubs, concentrato
 << rs, switches, bridges, etc... to this
 interface  when portfast is enabled, can cause temporary bridging loops.
 Use with CAUTION

%Portfast will be configured in 48 interfaces due to the range command 
 but will only have effect when the interfaces 
 << are in a non-trunking mode.
c29s3.vni.flowood(config-if-range)#switchport port-security maximum 2
c29s3.vni.flowood(config-if-range)#switchport port-security
c29s3.vni.flowood(config-if-range)#switchport port-security aging time 15
c29s3.vni.flowood(c
 << onfig-if-range)#switchport port-security violation protect
c29s3.vni.flowood(config-if-range)#switchport port-security aging type inacti$port-security aging type inactiv         ity
c29s3.vni.flowood(co
 << nfig-if-range)#power inline never
                                         ^
% Invalid input detected at '^' marker.

c29s3.vni.flowood(config-if-range)#end
c29s3.vni.flowood#
 << 
Feb 13 13:54:15: %SYS-5-CONFIG_I: Configured from console by console
Expect: matched string 1: Configured
 >> 

 >> configure terminal

Expect: searching for 1 strs:  :(config)#
 << 
c29s3.vni.flowood#configure terminal
Enter configuration commands, one per line.  End with CNTL/Z.
c29s3.vni.flowood(config)#
Expect: matched string 1: (config)#
 >> default interface range gi1/0/49 - 52 

 >> interface range gi1/0/49 - 52 

Expect: searching for 1 strs:  :(config-if-range)#
 << default interface range gi1/0/49 - 52 
c29s3.vni.flowood(config)#interface range gi1/0/49 - 52 
c29s3.vni.flowood(config-if-range)#
Expect: matched string 1: (config-if-range)#
 >> switchport mode trunk

 >> switchport trunk native vlan 92

 >> ip dhcp snooping trust

 >> no keepalive

 >> end

Expect: searching for 1 strs:  :Configured
 << switchport mode trunk
c29s3.vni.flowood(config-if-range)#switchport trunk native vlan 92
c29s3.vni.flowood(config-if-range)#ip dhcp snooping trust
c29s3.vni.flowood(config-if-range)#no keepalive
c29s3.vni.flowood(config-if-range)#end
c29s3.vni.flowoo
 << d#
 << 
Feb 13 13:54:22: %SYS-5-CONFIG_I: Configured from console by console
Expect: matched string 1: Configured
 >> 

 >> configure terminal

Expect: searching for 1 strs:  :(config)#
 << 
c29s3.vni.flowood#configure terminal
Enter configuration commands, one per line.  End with CNTL/Z.
c29s3.vni.flowood(config)#
Expect: matched string 1: (config)#
 >> crypto key generate rsa

 >> no

 >> 2048

Expect: searching for 2 strs:  :OK :(config)#
 << crypto key generate rsa
The name for the keys will be: c29s3.vni.flowood.mgmt.msstate.edu
Choose the size of the key modulus in the range of 360 to 4096 for your
  General Purpose Keys. Choosing a key modulus greater than 512 may take
  a few minutes.
 << 

How many bits in the modulus [512]: no
% A decimal number between 360 and 4096.
How many bits in the modulus [512]: 2048
% Generating 2048 bit RSA keys, keys will be non-exportable...
 << 
 << 
 << 
 << 
 << 
 << 
 << 
 << 
 << 
[OK] (elapsed time was 10 seconds)

c29s3.vni.flowood(config)#
Expect: matched string 1: OK
 >> end

Expect: searching for 1 strs:  :Configured
 << end
c29s3.vni.flowood#
Feb 13 13:54:36: %SSH-5-ENABLED: SSH 1.99 has been enabled
Feb 13 13:54:37: %SYS-5-CONFIG_I: Configured from console by console
Expect: matched string 1: Configured
 >> 

 >> write mem

Expect: searching for 2 strs:  :# :>
 << 
c29s3.vni.flowood#write mem
Building configuration...
[OK]
c29s3.vni.flowood#
Expect: matched string 1: #
 >> 
Expect: searching for 2 strs:  :# :>
 << 
c29s3.vni.flowood#
c29s3.vni.flowood#
Expect: matched string 1: #
 >> sh run

Expect: searching for 2 strs:  :# :>
 << sh run
Building configuration...

Current configuration : 19319 bytes
!
! Last configuration change at 13:54:37 CST Tue Feb 13 2018
! NVRAM config last updated at 13:54:40 CST Tue Feb 13 2018
!
version 15.2
no service pad
service timestamps debu
 << g datetime localtime
service timestamps log datetime localtime
service password-encryption
!
hostname c29s3.vni.flowood
!
boot-start-marker
boot-end-marker
!
enable secret 5 $1$Qt0I$5OJOkewu3ONbMEwE0LiMP/
enable password 7 0333091C570C051C432015
 << 0C3053
!
username root privilege 15 secret 5 $1$6eG9$ES8OhKNPudu9zsasZ7Aqi.
no aaa new-model
clock timezone CST -6 0
clock summer-time CDT recurring
switch 1 provision ws-c2960x-48ts-l
!
!
ip dhcp snooping vlan 238
ip dhcp snooping
ip domain-na
 << me mgmt.msstate.edu
ip name-server 130.18.80.12
!
!
!
!
!
authentication mac-move permit
!
!
crypto pki trustpoint TP-self-signed-2494998912
 enrollment selfsigned
 subject-name cn=IOS-Self-Signed-Certificate-2494998912
 revocation-check none
 << 
 rsakeypair TP-self-signed-2494998912
!
!
crypto pki certificate chain TP-self-signed-2494998912
 certificate self-signed 01
  	quit
!
spanning-tree mode pvst
spanning-tree portfast bpduguard default
spanning-tree extend system-id
no spanning-
 << tree vlan 159,177,502-519,521-522,531,541,551-560,562-570,601-607
no spanning-tree vlan 609-612,614,617,627,629-630,632-633,635-637,645,647-652
no spanning-tree vlan 654-655,672-682,690-695,698,701,742,802,818-819,880,901
no spanning-tree vlan 903-908,
 << 912-914,916-919,927-931,970,994-1000
errdisable recovery cause udld
errdisable recovery cause bpduguard
errdisable recovery cause security-violation
errdisable recovery cause channel-misconfig
errdisable recovery cause pagp-flap
errdisable recovery 
 << cause dtp-flap
errdisable recovery cause link-flap
errdisable recovery cause sfp-config-mismatch
errdisable recovery cause gbic-invalid
errdisable recovery cause psecure-violation
errdisable recovery cause port-mode-failure
errdisable recovery cause
 <<  dhcp-rate-limit
errdisable recovery cause pppoe-ia-rate-limit
errdisable recovery cause mac-limit
errdisable recovery cause vmps
errdisable recovery cause storm-control
errdisable recovery cause inline-power
errdisable recovery cause arp-inspection
 << 
errdisable recovery cause loopback
errdisable recovery cause small-frame
errdisable recovery cause psp
errdisable recovery interval 1800
!
!
!
!
vlan internal allocation policy ascending
!
!
! 
!
!
!
!
!
!
!
!
interface FastEthernet0
 << 
 no ip address
 shutdown
!
interface GigabitEthernet1/0/1
 switchport access vlan 238
 switchport mode access
 switchport port-security maximum 2
 switchport port-security violation  protect
 switchport port-security aging time 15
 switchport p
 << ort-security aging type inactivity
 switchport port-security
 spanning-tree portfast
!
interface GigabitEthernet1/0/2
 switchport access vlan 238
 switchport mode access
 switchport port-security maximum 2
 switchport port-security violation  prot
 << ect
 switchport port-security aging time 15
 switchport port-security aging type inactivity
 switchport port-security
 spanning-tree portfast
!
interface GigabitEthernet1/0/3
 switchport access vlan 238
 switchport mode access
 switchport port-se
 << curity maximum 2
 switchport port-security violation  protect
 switchport port-security aging time 15
 switchport port-security aging type inactivity
 switchport port-security
 spanning-tree portfast
!
interface GigabitEthernet1/0/4
 switchport ac
 << cess vlan 238
 switchport mode access
 switchport port-security maximum 2
 switchport port-security violation  protect
 switchport port-security aging time 15
 switchport port-security aging type inactivity
 switchport port-security
 spanning-tree 
 << portfast
!
interface GigabitEthernet1/0/5
 switchport access vlan 238
 switchport mode access
 switchport port-security maximum 2
 switchport port-security violation  protect
 switchport port-security aging time 15
 switchport port-security aging 
 << type inactivity
 switchport port-security
 spanning-tree portfast
!
interface GigabitEthernet1/0/6
 switchport access vlan 238
 switchport mode access
 switchport port-security maximum 2
 switchport port-security violation  protect
 switchport po
 << rt-security aging time 15
 switchport port-security aging type inactivity
 switchport port-security
 spanning-tree portfast
!
interface GigabitEthernet1/0/7
 switchport access vlan 238
 switchport mode access
 switchport port-security maximum 2
 
 << switchport port-security violation  protect
 switchport port-security aging time 15
 switchport port-security aging type inactivity
 switchport port-security
 spanning-tree portfast
!
interface GigabitEthernet1/0/8
 switchport access vlan 238
 swi
 << tchport mode access
 switchport port-security maximum 2
 switchport port-security violation  protect
 switchport port-security aging time 15
 switchport port-security aging type inactivity
 switchport port-security
 spanning-tree portfast
!
interf
 << ace GigabitEthernet1/0/9
 switchport access vlan 238
 switchport mode access
 switchport port-security maximum 2
 switchport port-security violation  protect
 switchport port-security aging time 15
 switchport port-security aging type inactivity
 s
 << witchport port-security
 spanning-tree portfast
!
interface GigabitEthernet1/0/10
 switchport access vlan 238
 switchport mode access
 switchport port-security maximum 2
 switchport port-security violation  protect
 switchport port-security aging 
 << time 15
 switchport port-security aging type inactivity
 switchport port-security
 spanning-tree portfast
!
interface GigabitEthernet1/0/11
 switchport access vlan 238
 switchport mode access
 switchport port-security maximum 2
 switchport port-s
 << ecurity violation  protect
 switchport port-security aging time 15
 switchport port-security aging type inactivity
 switchport port-security
 spanning-tree portfast
!
interface GigabitEthernet1/0/12
 switchport access vlan 238
 switchport mode acc
 << ess
 switchport port-security maximum 2
 switchport port-security violation  protect
 switchport port-security aging time 15
 switchport port-security aging type inactivity
 switchport port-security
 spanning-tree portfast
!
interface GigabitEther
 << net1/0/13
 switchport access vlan 238
 switchport mode access
 switchport port-security maximum 2
 switchport port-security violation  protect
 switchport port-security aging time 15
 switchport port-security aging type inactivity
 switchport port-
 << security
 spanning-tree portfast
!
interface GigabitEthernet1/0/14
 switchport access vlan 238
 switchport mode access
 switchport port-security maximum 2
 switchport port-security violation  protect
 switchport port-security aging time 15
 switc
 << hport port-security aging type inactivity
 switchport port-security
 spanning-tree portfast
!
interface GigabitEthernet1/0/15
 switchport access vlan 238
 switchport mode access
 switchport port-security maximum 2
 switchport port-security violati
 << on  protect
 switchport port-security aging time 15
 switchport port-security aging type inactivity
 switchport port-security
 spanning-tree portfast
!
interface GigabitEthernet1/0/16
 switchport access vlan 238
 switchport mode access
 switchpor
 << t port-security maximum 2
 switchport port-security violation  protect
 switchport port-security aging time 15
 switchport port-security aging type inactivity
 switchport port-security
 spanning-tree portfast
!
interface GigabitEthernet1/0/17
 swi
 << tchport access vlan 238
 switchport mode access
 switchport port-security maximum 2
 switchport port-security violation  protect
 switchport port-security aging time 15
 switchport port-security aging type inactivity
 switchport port-security
 span
 << ning-tree portfast
!
interface GigabitEthernet1/0/18
 switchport access vlan 238
 switchport mode access
 switchport port-security maximum 2
 switchport port-security violation  protect
 switchport port-security aging time 15
 switchport port-secu
 << rity aging type inactivity
 switchport port-security
 spanning-tree portfast
!
interface GigabitEthernet1/0/19
 switchport access vlan 238
 switchport mode access
 switchport port-security maximum 2
 switchport port-security violation  protect
 s
 << witchport port-security aging time 15
 switchport port-security aging type inactivity
 switchport port-security
 spanning-tree portfast
!
interface GigabitEthernet1/0/20
 switchport access vlan 238
 switchport mode access
 switchport port-security
 <<  maximum 2
 switchport port-security violation  protect
 switchport port-security aging time 15
 switchport port-security aging type inactivity
 switchport port-security
 spanning-tree portfast
!
interface GigabitEthernet1/0/21
 switchport access 
 << vlan 238
 switchport mode access
 switchport port-security maximum 2
 switchport port-security violation  protect
 switchport port-security aging time 15
 switchport port-security aging type inactivity
 switchport port-security
 spanning-tree portf
 << ast
!
interface GigabitEthernet1/0/22
 switchport access vlan 238
 switchport mode access
 switchport port-security maximum 2
 switchport port-security violation  protect
 switchport port-security aging time 15
 switchport port-security aging type
 <<  inactivity
 switchport port-security
 spanning-tree portfast
!
interface GigabitEthernet1/0/23
 switchport access vlan 238
 switchport mode access
 switchport port-security maximum 2
 switchport port-security violation  protect
 switchport port-
 << security aging time 15
 switchport port-security aging type inactivity
 switchport port-security
 spanning-tree portfast
!
interface GigabitEthernet1/0/24
 switchport access vlan 238
 switchport mode access
 switchport port-security maximum 2
 sw
 << itchport port-security violation  protect
 switchport port-security aging time 15
 switchport port-security aging type inactivity
 switchport port-security
 spanning-tree portfast
!
interface GigabitEthernet1/0/25
 switchport access vlan 238
 swit
 << chport mode access
 switchport port-security maximum 2
 switchport port-security violation  protect
 switchport port-security aging time 15
 switchport port-security aging type inactivity
 switchport port-security
 spanning-tree portfast
!
interfa
 << ce GigabitEthernet1/0/26
 switchport access vlan 238
 switchport mode access
 switchport port-security maximum 2
 switchport port-security violation  protect
 switchport port-security aging time 15
 switchport port-security aging type inactivity
 s
 << witchport port-security
 spanning-tree portfast
!
interface GigabitEthernet1/0/27
 switchport access vlan 238
 switchport mode access
 switchport port-security maximum 2
 switchport port-security violation  protect
 switchport port-security aging 
 << time 15
 switchport port-security aging type inactivity
 switchport port-security
 spanning-tree portfast
!
interface GigabitEthernet1/0/28
 switchport access vlan 238
 switchport mode access
 switchport port-security maximum 2
 switchport port-s
 << ecurity violation  protect
 switchport port-security aging time 15
 switchport port-security aging type inactivity
 switchport port-security
 spanning-tree portfast
!
interface GigabitEthernet1/0/29
 switchport access vlan 238
 switchport mode acc
 << ess
 switchport port-security maximum 2
 switchport port-security violation  protect
 switchport port-security aging time 15
 switchport port-security aging type inactivity
 switchport port-security
 spanning-tree portfast
!
interface GigabitEther
 << net1/0/30
 switchport access vlan 238
 switchport mode access
 switchport port-security maximum 2
 switchport port-security violation  protect
 switchport port-security aging time 15
 switchport port-security aging type inactivity
 switchport port-
 << security
 spanning-tree portfast
!
interface GigabitEthernet1/0/31
 switchport access vlan 238
 switchport mode access
 switchport port-security maximum 2
 switchport port-security violation  protect
 switchport port-security aging time 15
 switc
 << hport port-security aging type inactivity
 switchport port-security
 spanning-tree portfast
!
interface GigabitEthernet1/0/32
 switchport access vlan 238
 switchport mode access
 switchport port-security maximum 2
 switchport port-security violati
 << on  protect
 switchport port-security aging time 15
 switchport port-security aging type inactivity
 switchport port-security
 spanning-tree portfast
!
interface GigabitEthernet1/0/33
 switchport access vlan 238
 switchport mode access
 switchpor
 << t port-security maximum 2
 switchport port-security violation  protect
 switchport port-security aging time 15
 switchport port-security aging type inactivity
 switchport port-security
 spanning-tree portfast
!
interface GigabitEthernet1/0/34
 swi
 << tchport access vlan 238
 switchport mode access
 switchport port-security maximum 2
 switchport port-security violation  protect
 switchport port-security aging time 15
 switchport port-security aging type inactivity
 switchport port-security
 span
 << ning-tree portfast
!
interface GigabitEthernet1/0/35
 switchport access vlan 238
 switchport mode access
 switchport port-security maximum 2
 switchport port-security violation  protect
 switchport port-security aging time 15
 switchport port-secu
 << rity aging type inactivity
 switchport port-security
 spanning-tree portfast
!
interface GigabitEthernet1/0/36
 switchport access vlan 238
 switchport mode access
 switchport port-security maximum 2
 switchport port-security violation  protect
 s
 << witchport port-security aging time 15
 switchport port-security aging type inactivity
 switchport port-security
 spanning-tree portfast
!
interface GigabitEthernet1/0/37
 switchport access vlan 238
 switchport mode access
 switchport port-security
 <<  maximum 2
 switchport port-security violation  protect
 switchport port-security aging time 15
 switchport port-security aging type inactivity
 switchport port-security
 spanning-tree portfast
!
interface GigabitEthernet1/0/38
 switchport access 
 << vlan 238
 switchport mode access
 switchport port-security maximum 2
 switchport port-security violation  protect
 switchport port-security aging time 15
 switchport port-security aging type inactivity
 switchport port-security
 spanning-tree portf
 << ast
!
interface GigabitEthernet1/0/39
 switchport access vlan 238
 switchport mode access
 switchport port-security maximum 2
 switchport port-security violation  protect
 switchport port-security aging time 15
 switchport port-security aging type
 <<  inactivity
 switchport port-security
 spanning-tree portfast
!
interface GigabitEthernet1/0/40
 switchport access vlan 238
 switchport mode access
 switchport port-security maximum 2
 switchport port-security violation  protect
 switchport port-
 << security aging time 15
 switchport port-security aging type inactivity
 switchport port-security
 spanning-tree portfast
!
interface GigabitEthernet1/0/41
 switchport access vlan 238
 switchport mode access
 switchport port-security maximum 2
 sw
 << itchport port-security violation  protect
 switchport port-security aging time 15
 switchport port-security aging type inactivity
 switchport port-security
 spanning-tree portfast
!
interface GigabitEthernet1/0/42
 switchport access vlan 238
 swit
 << chport mode access
 switchport port-security maximum 2
 switchport port-security violation  protect
 switchport port-security aging time 15
 switchport port-security aging type inactivity
 switchport port-security
 spanning-tree portfast
!
interfa
 << ce GigabitEthernet1/0/43
 switchport access vlan 238
 switchport mode access
 switchport port-security maximum 2
 switchport port-security violation  protect
 switchport port-security aging time 15
 switchport port-security aging type inactivity
 s
 << witchport port-security
 spanning-tree portfast
!
interface GigabitEthernet1/0/44
 switchport access vlan 238
 switchport mode access
 switchport port-security maximum 2
 switchport port-security violation  protect
 switchport port-security aging 
 << time 15
 switchport port-security aging type inactivity
 switchport port-security
 spanning-tree portfast
!
interface GigabitEthernet1/0/45
 switchport access vlan 238
 switchport mode access
 switchport port-security maximum 2
 switchport port-s
 << ecurity violation  protect
 switchport port-security aging time 15
 switchport port-security aging type inactivity
 switchport port-security
 spanning-tree portfast
!
interface GigabitEthernet1/0/46
 switchport access vlan 238
 switchport mode acc
 << ess
 switchport port-security maximum 2
 switchport port-security violation  protect
 switchport port-security aging time 15
 switchport port-security aging type inactivity
 switchport port-security
 spanning-tree portfast
!
interface GigabitEther
 << net1/0/47
 switchport access vlan 238
 switchport mode access
 switchport port-security maximum 2
 switchport port-security violation  protect
 switchport port-security aging time 15
 switchport port-security aging type inactivity
 switchport port-
 << security
 spanning-tree portfast
!
interface GigabitEthernet1/0/48
 switchport access vlan 238
 switchport mode access
 switchport port-security maximum 2
 switchport port-security violation  protect
 switchport port-security aging time 15
 switc
 << hport port-security aging type inactivity
 switchport port-security
 spanning-tree portfast
!
interface GigabitEthernet1/0/49
 switchport trunk native vlan 92
 switchport mode trunk
 ip dhcp snooping trust
!
interface GigabitEthernet1/0/50
 swit
 << chport trunk native vlan 92
 switchport mode trunk
 ip dhcp snooping trust
!
interface GigabitEthernet1/0/51
 switchport trunk native vlan 92
 switchport mode trunk
 ip dhcp snooping trust
!
interface GigabitEthernet1/0/52
 switchport trunk nati
 << ve vlan 92
 switchport mode trunk
 ip dhcp snooping trust
!
interface Vlan1
 no ip address
 no ip route-cache
 shutdown
!
interface Vlan92
 ip address 10.92.5.249 255.255.0.0
 ip broadcast-address 10.92.255.255
!
ip default-gateway 10.92.0.1
 << 
no ip http server
no ip http secure-server
!
!
logging facility local1
logging host 130.18.8.12
access-list 1 permit 10.92.0.0 0.0.255.255
access-list 1 permit 130.18.8.0 0.0.0.255
access-list 1 permit 10.93.0.0 0.0.255.255
access-list 1 permit 
 << 130.18.1.0 0.0.0.255
!
snmp-server community sysnet RO 1
snmp-server community c2-b2=a2 RW 1
snmp-server contact 6F-2205
snmp-server enable traps snmp authentication linkdown linkup coldstart warmstart
snmp-server enable traps transceiver all
snmp-
 << server enable traps tty
snmp-server enable traps cluster
snmp-server enable traps config-copy
snmp-server enable traps config
snmp-server enable traps config-ctid
snmp-server enable traps entity
snmp-server enable traps power-ethernet police
snmp-s
 << erver enable traps cpu threshold
snmp-server enable traps bridge newroot topologychange
snmp-server enable traps stpx inconsistency root-inconsistency loop-inconsistency
snmp-server enable traps syslog
snmp-server enable traps vtp
snmp-server enable 
 << traps vlancreate
snmp-server enable traps vlandelete
snmp-server enable traps flash insertion removal
snmp-server enable traps port-security
snmp-server enable traps envmon fan shutdown supply temperature status
snmp-server enable traps errdisable
s
 << nmp-server enable traps mac-notification change move threshold
snmp-server enable traps vlan-membership
snmp-server host 130.18.8.12 sysnet 
!
!
line con 0
line vty 0 4
 access-class 1 in
 password 7 0033411155582F56020840472E58
 login local
 tr
 << ansport input ssh
line vty 5 15
 access-class 1 in
 password 7 0033411155582F56020840472E58
 login local
 transport input ssh
!
ntp server 10.92.0.5
end

c29s3.vni.flowood#
Expect: matched string 1: #
 >> show interface status

Expect: searching for 2 strs:  :# :>
 << show interface status

Port      Name               Status       Vlan       Duplex  Speed Type 
Gi1/0/1                      notconnect   238          auto   auto 10/100/1000BaseTX
Gi1/0/2                      notconnect   238          auto   auto 10/
 << 100/1000BaseTX
Gi1/0/3                      notconnect   238          auto   auto 10/100/1000BaseTX
Gi1/0/4                      notconnect   238          auto   auto 10/100/1000BaseTX
Gi1/0/5                      notconnect   238          auto   auto 
 << 10/100/1000BaseTX
Gi1/0/6                      notconnect   238          auto   auto 10/100/1000BaseTX
Gi1/0/7                      notconnect   238          auto   auto 10/100/1000BaseTX
Gi1/0/8                      notconnect   238          auto   au
 << to 10/100/1000BaseTX
Gi1/0/9                      notconnect   238          auto   auto 10/100/1000BaseTX
Gi1/0/10                     notconnect   238          auto   auto 10/100/1000BaseTX
Gi1/0/11                     notconnect   238          auto  
 <<  auto 10/100/1000BaseTX
Gi1/0/12                     notconnect   238          auto   auto 10/100/1000BaseTX
Gi1/0/13                     notconnect   238          auto   auto 10/100/1000BaseTX
Gi1/0/14                     notconnect   238          aut
 << o   auto 10/100/1000BaseTX
Gi1/0/15                     notconnect   238          auto   auto 10/100/1000BaseTX
Gi1/0/16                     notconnect   238          auto   auto 10/100/1000BaseTX
Gi1/0/17                     notconnect   238          
 << auto   auto 10/100/1000BaseTX
Gi1/0/18                     notconnect   238          auto   auto 10/100/1000BaseTX
Gi1/0/19                     notconnect   238          auto   auto 10/100/1000BaseTX
Gi1/0/20                     notconnect   238       
 <<    auto   auto 10/100/1000BaseTX
Gi1/0/21                     notconnect   238          auto   auto 10/100/1000BaseTX
Gi1/0/22                     notconnect   238          auto   auto 10/100/1000BaseTX
Gi1/0/23                     notconnect   238    
 <<       auto   auto 10/100/1000BaseTX
Gi1/0/24                     notconnect   238          auto   auto 10/100/1000BaseTX
Gi1/0/25                     notconnect   238          auto   auto 10/100/1000BaseTX
Gi1/0/26                     notconnect   238 
 <<          auto   auto 10/100/1000BaseTX
Gi1/0/27                     notconnect   238          auto   auto 10/100/1000BaseTX
Gi1/0/28                     notconnect   238          auto   auto 10/100/1000BaseTX
Gi1/0/29                     notconnect   2
 << 38          auto   auto 10/100/1000BaseTX
Gi1/0/30                     notconnect   238          auto   auto 10/100/1000BaseTX
Gi1/0/31                     notconnect   238          auto   auto 10/100/1000BaseTX
Gi1/0/32                     notconnect 
 <<   238          auto   auto 10/100/1000BaseTX
Gi1/0/33                     notconnect   238          auto   auto 10/100/1000BaseTX
Gi1/0/34                     notconnect   238          auto   auto 10/100/1000BaseTX
Gi1/0/35                     notconne
 << ct   238          auto   auto 10/100/1000BaseTX
Gi1/0/36                     notconnect   238          auto   auto 10/100/1000BaseTX
Gi1/0/37                     notconnect   238          auto   auto 10/100/1000BaseTX
Gi1/0/38                     notco
 << nnect   238          auto   auto 10/100/1000BaseTX
Gi1/0/39                     notconnect   238          auto   auto 10/100/1000BaseTX
Gi1/0/40                     notconnect   238          auto   auto 10/100/1000BaseTX
Gi1/0/41                     no
 << tconnect   238          auto   auto 10/100/1000BaseTX
Gi1/0/42                     notconnect   238          auto   auto 10/100/1000BaseTX
Gi1/0/43                     notconnect   238          auto   auto 10/100/1000BaseTX
Gi1/0/44                    
 <<  notconnect   238          auto   auto 10/100/1000BaseTX
Gi1/0/45                     notconnect   238          auto   auto 10/100/1000BaseTX
Gi1/0/46                     notconnect   238          auto   auto 10/100/1000BaseTX
Gi1/0/47                 
 <<     notconnect   238          auto   auto 10/100/1000BaseTX
Gi1/0/48                     notconnect   238          auto   auto 10/100/1000BaseTX
Gi1/0/49                     notconnect   1            auto   auto Not Present
Gi1/0/50                    
 <<  notconnect   1            auto   auto Not Present
Gi1/0/51                     notconnect   1            auto   auto Not Present
Gi1/0/52                     notconnect   1            auto   auto Not Present
Fa0                          disabled     r
 << outed       auto   auto 10/100BaseTX
c29s3.vni.flowood#
Expect: matched string 1: #
