trying to use serial port: /dev/ttyUSB0
 >> 
 >> 

Expect: searching for 4 strs:  :[yes/no] :Press RETURN to get started. :# :Switch>
 << 
Switch>
Switch>
Switch>
Switch>
Expect: matched string 4: Switch>
 >> term len 0

Expect: searching for 2 strs:  :# :>
 << term len 0
Switch>
Expect: matched string 2: >
 >> show version

Expect: searching for 2 strs:  :# :>
 << show version
Cisco IOS Software, C2960X Software (C2960X-UNIVERSALK9-M), Version 15.2(2)E7, RELEASE SOFTWARE (fc3)
Technical Support: http://www.cisco.com/techsupport
Copyright (c) 1986-2017 by Cisco Systems, Inc.
Compiled Wed 12-Jul-17 13:06 by prod_
 << rel_team

ROM: Bootstrap program is C2960X boot loader
BOOTLDR: C2960X Boot Loader (C2960X-HBOOT-M) Version 15.2(3r)E1, RELEASE SOFTWARE (fc1)

Switch uptime is 1 hour, 52 minutes
System returned to ROM by power-on
System restarted at 16:37:41 UTC 
 << Mon Jun 4 2018
System image file is "flash:/c2960x-universalk9-mz.152-2.E7/c2960x-universalk9-mz.152-2.E7.bin"
Last reload reason: Reload command



This product contains cryptographic features and is subject to United
States and local country laws
 <<  governing import, export, transfer and
use. Delivery of Cisco cryptographic products does not imply
third-party authority to import, export, distribute or use encryption.
Importers, exporters, distributors and users are responsible for
compliance wit
 << h U.S. and local country laws. By using this product you
agree to comply with applicable laws and regulations. If you are unable
to comply with U.S. and local laws, return this product immediately.

A summary of U.S. laws governing Cisco cryptographic
 <<  products may be found at:
http://www.cisco.com/wwl/export/crypto/tool/stqrg.html

If you require further assistance please contact us by sending email to
export@cisco.com.

cisco WS-C2960X-48FPS-L (APM86XXX) processor (revision U0) with 524288K byt
 << es of memory.
Processor board ID FCW2202B4JE
Last reset from power-on
1 Virtual Ethernet interface
1 FastEthernet interface
104 Gigabit Ethernet interfaces
The password-recovery mechanism is enabled.

512K bytes of flash-simulated non-volatile con
 << figuration memory.
Base ethernet MAC Address       : 00:BF:77:B3:14:80
Motherboard assembly number     : 73-16691-06
Power supply part number        : 341-0527-03
Motherboard serial number       : FOC22022G35
Power supply serial number      : DCB2144
 << 62EH
Model revision number           : U0
Motherboard revision number     : C0
Model number                    : WS-C2960X-48FPS-L
Daughterboard assembly number   : 73-14200-03
Daughterboard serial number     : FOC21516UD3
System serial number      
 <<       : FCW2202B4JE
Top Assembly Part Number        : 68-100469-03
Top Assembly Revision Number    : D0
Version ID                      : V06
CLEI Code Number                : CMMLN00ARF
Daughterboard revision number   : B0
Hardware Board Revision N
 << umber  : 0x19


Switch Ports Model                     SW Version            SW Image                 
------ ----- -----                     ----------            ----------               
*    1 52    WS-C2960X-48FPS-L         15.2(2)E7            
 <<  C2960X-UNIVERSALK9-M     
     2 52    WS-C2960X-48FPS-L         15.2(2)E7             C2960X-UNIVERSALK9-M     


Switch 02
---------
Switch Uptime                   : 1 hour, 51 minutes 
Base ethernet MAC Address       : 00:BF:77:B3:16:00
Mothe
 << rboard assembly number     : 73-16691-06
Power supply part number        : 341-0527-03
Motherboard serial number       : FOC22022FD6
Power supply serial number      : DCB214462M2
Model revision number           : U0
Motherboard revision number     : 
 << C0
Model number                    : WS-C2960X-48FPS-L
Daughterboard assembly number   : 73-14200-03
Daughterboard serial number     : FOC220121KY
System serial number            : FCW2202B4HQ
Top assembly part number        : 68-100469-03
Top assem
 << bly revision number    : D0
Version ID                      : V06
CLEI Code Number                : CMMLN00ARF
Daughterboard revision number   : B0

Configuration register is 0xF

Switch>
Expect: matched string 2: >
 >> enable

Expect: searching for 2 strs:  :Password: :#
 << enable
Switch#
Expect: matched string 2: #
 >> configure terminal

Expect: searching for 1 strs:  :(config)#
 << configure terminal
Enter configuration commands, one per line.  End with CNTL/Z.
Switch(config)#
Expect: matched string 1: (config)#
 >> no service pad

 >> service timestamps debug datetime localtime

 >> service timestamps log datetime localtime

 >> service password-encryption

 >> boot-start-marker

 >> boot-end-marker

 >> enable secret W2w1cD0mIliG!

 >> enable password W2w1cD0mIliG!

 >> username root privilege 15 secret W2w1cD0mIliG!

 >> no aaa new-model

 >> clock timezone CST -6 0

 >> clock summer-time CDT recurring

 >> authentication mac-move permit

 >> ip domain-name mgmt.msstate.edu

 >> ip name-server 130.18.80.12

 >> vtp domain vtp01.mgmt.msstate.edu

 >> vtp mode client

 >> crypto pki trustpoint TP-self-signed-2494998912

 >>  enrollment selfsigned

 >>  subject-name cn=IOS-Self-Signed-Certificate-2494998912

 >>  revocation-check none

 >>  rsakeypair TP-self-signed-2494998912

 >> crypto pki certificate chain TP-self-signed-2494998912

 >>  certificate self-signed 01 nvram:IOS-Self-Sig#3232.cer

 >> spanning-tree portfast bpduguard default

 >> spanning-tree extend system-id

 >> vlan internal allocation policy ascending

 >> lldp run

 >> errdisable recovery cause all

 >> errdisable recovery interval 1800

 >> interface FastEthernet0

 >>  no ip address

 >>  shutdown

 >> interface Vlan1

 >>  no ip address

 >>  no ip route-cache

 >>  shutdown

 >> interface Vlan92

 >> no ip http server

 >> no ip http secure-server

 >> logging facility local1

 >> logging host 130.18.8.12

 >> access-list 1 permit 10.92.0.0 0.0.255.255

 >> access-list 1 permit 130.18.8.0 0.0.0.255

 >> access-list 1 permit 10.93.0.0 0.0.255.255

 >> access-list 1 permit 130.18.1.0 0.0.0.255

 >> snmp-server community sysnet RO 1

 >> snmp-server community c2-b2=a2 RW 1

 >> snmp-server enable traps snmp authentication linkdown linkup coldstart warmstart

 >> snmp-server enable traps transceiver all

 >> snmp-server enable traps tty

 >> snmp-server enable traps cluster

 >> snmp-server enable traps config-copy

 >> snmp-server enable traps config

 >> snmp-server enable traps config-ctid

 >> snmp-server enable traps dot1x auth-fail-vlan guest-vlan no-auth-fail-vlan no-guest-vlan

 >> snmp-server enable traps entity

 >> snmp-server enable traps power-ethernet police

 >> snmp-server enable traps cpu threshold

 >> snmp-server enable traps rep

 >> snmp-server enable traps bridge newroot topologychange

 >> snmp-server enable traps stpx inconsistency root-inconsistency loop-inconsistency

 >> snmp-server enable traps syslog

 >> snmp-server enable traps vtp

 >> snmp-server enable traps vlancreate

 >> snmp-server enable traps vlandelete

 >> snmp-server enable traps flash insertion removal

 >> snmp-server enable traps port-security

 >> snmp-server enable traps envmon fan shutdown supply temperature status

 >> snmp-server enable traps errdisable

 >> snmp-server enable traps mac-notification change move threshold

 >> snmp-server enable traps vlan-membership

 >> snmp-server host 130.18.8.12 sysnet 

 >> line con 0

 >> line vty 0 15

 >>  access-class 1 in

 >>  password W2w1cD0mIliG!

 >>  login local

 >>  transport input ssh

 >> ntp server 10.92.0.5

 >> 

 >> end

Expect: searching for 1 strs:  :Configured
 << no service pad
Switch(config)#service timestamps debug datetime localtime
Switch(config)#service timestamps log datetime localtime
Switch(config)#service password-encryption
Switch(config)#boot-start-marker
Switch(config)#boot-end-marker
Switch(conf
 << ig)#enable secret W2w1cD0mIliG!
Switch(config)#enable password W2w1cD0mIliG!
The enable password you have chosen is the same as your enable secret.
This is not recommended.  Re-enter the enable password.

Switch(config)#username root privilege 15 sec
 << ret W2w1cD0mIliG!
Switch(config)#no aaa new-model
Switch(config)#clock timezone CST -6 0
Switch(config)#clock summer-time CDT recurring
Switch(config)#authentication mac-move permit
Switch(config)#ip domain-name mgmt.msstate.edu
Switch(config)#ip na
 << me-server 130.18.80.12
Switch(config)#vtp domain vtp01.mgmt.msstate.edu
Changing VTP domain name from NULL to vtp01.mgmt.msstate.edu
Switch(config)#vtp mode client
Setting device to VTP Client mode for VLANS.
Switch(config)#crypto pki trustpoint TP-s
 << elf-signed-2494998912
Switch(ca-trustpoint)# enrollment selfsigned
Switch(ca-trustpoint)#
Jun  4 12:31:13: %SYS-6-CLOCKUPDATE: System clock has been updated from 18:31:13 UTC Mon Jun 4 2018 to 12:31:13 CST Mon Jun 4 2018, configured from console by con
 << sole.
Jun  4 13:31:14: %SYS-6-CLOCKUPDATE: System clock has been updated from 12:31:14 CST Mon Jun 4 2018 to 13:31:14 CDT Mon Jun 4 2018, configured from console by console.
Jun  4 13:31:14: %SW_VLAN-6-VTP_DOMAIN_NAME_CHG: VTP domain name changed to vtp
 << 01.mgmt.msstate.edu.
Jun  4 13:31:14: %SW_VLAN-4-VTP_USER_NOTIFICATION: VTP protocol user n subject-name cn=IOS-Self-Signed-Certificate-2494998912
Switch(ca-trustpoint)# revocation-check none
Switch(ca-trustpoint)# rsakeypair TP-self-signed-2494998912
 << 
Switch(ca-trustpoint)#crypto pki certificate chain TP-self-signed-2494998912
Switch(config-cert-chain)# certificate self-signed 01 nvram:IOS-Self-Sig#3232$e self-signed 01 nvram:IOS-Self-Sig#3232.      
 <<    cer
Switch(config-cert-chain)#otification: MD5 digest checksum mismatch on receipt of equal revision summary on trunk: St2  (Switch-2)
 (Switch-2)
Jun  4 13:31:14: %SW_VLAN-6-VTP_DOMAIN_NAME_CHG: VTP domain name changed to vtp01.mgmt.msstat
 << e.edu. (Switch-2)spanning-tree portfast bpduguard default
Switch(config)#spanning-tree extend system-id
Switch(config)#vlan internal allocation policy ascending
Switch(config)#lldp run
Switch(config)#errdisabl
Jun  4 13:31:16: % Multiple self signed 
 << certificates in config
    certificate for trust point TP-self-signed-2494998912 ignored
e recovery cause all
Switch(config)#errdisable recovery interval 1800
Switch(config)#interface FastEthernet0
Switch(config-if)# no ip address
Switch(config-if)#
 <<  shutdown
Switch(config-if)#interface Vlan1
Switch(config-if)# no ip address
Switch(config-if)# no ip route-cache
Switch(config-if)# shutdown
Switch(config-if)#interface Vlan92
Switch(config-if)#no ip http server
Switch(config)#no ip http secure-se
 << rver
Switch(config)#logging facility local1
Switch(config)#logging host 130.18.8.12
Switch(config)#access-list 1 permit 10.92.0.0 0.0.255.255
Switch(config)#access-list 1 permit 130.18.8.0 0.0.0.255
Switch(config)#access-list 1 permit 10.93.0.0 0.0.2
 << 55.255
Switch(config)#access-list 1 permit 130.18.1.0 0.0.0.255
Switch(config)#snmp-server community sysnet RO 1
Switch(config)#
Jun  4 13:31:20: %SYS-6-LOGGINGHOST_STARTSTOP: Logging to host 130.18.8.12 port 0 CLI Request Triggered
Jun  4 13:31:20: 
 << %SYS-6-LOGGINGHOST_STARTSTOP: Logging to host 130.18.8.12 port 514 started - CLI initiatedsnmp-server community c2-b2=a2 RW 1
Switch(config)#snmp-server enable traps snmp authentication linkdown linkup c
 << $ enable traps snmp authentication linkdown linkup co         ldstart waps snmp authentication linkdown linkup coldstart wa         rmstart
Switch(config)#snmp-serv
 << er enable traps transceiver all
Switch(config)#snmp-server enable traps tty
Switch(config)#snmp-server enable traps cluster
Switch(config)#snmp-server enable traps config-copy
Switch(config)#snmp-server enable traps config
Switch(config)#snmp-server 
 << enable traps config-ctid
Switch(config)#snmp-server enable traps dot1x auth-fail-vlan guest-vlan no-au$ enable traps dot1x auth-fail-vlan guest-vlan no-aut         h-fail-vl
 << aps dot1x auth-fail-vlan guest-vlan no-auth-fail-vla         n no-guesuth-fail-vlan guest-vlan no-auth-fail-vlan no-guest         
 << -vlan
snmp-server enable traps dot1x auth-fail-vlan guest-vlan no-auth-fail-vlan no-gu                         ^est-vlan

% Invalid input detected at '^' marker.

Switch(config)#snmp-server enable traps entity
Switch(config)#snmp-server enable t
 << raps power-ethernet police
Switch(config)#snmp-server enable traps cpu threshold
Switch(config)#snmp-server enable traps rep
                                        ^
% Invalid input detected at '^' marker.

Switch(config)#snmp-server enable traps b
 << ridge newroot topologychange
Switch(config)#snmp-server enable traps stpx inconsistency root-inconsistency$ enable traps stpx inconsistency root-inconsistency          loop-inco
 << aps stpx inconsistency root-inconsistency loop-incon         sistency
Switch(config)#snmp-server enable traps syslog
Switch(config)#snmp-server enable traps vtp
Switch(config)#snmp-server 
 << enable traps vlancreate
Switch(config)#snmp-server enable traps vlandelete
Switch(config)#snmp-server enable traps flash insertion removal
Switch(config)#snmp-server enable traps port-security
Switch(config)#snmp-server enable traps envmon fan shutdow
 << n supply temperatur$ enable traps envmon fan shutdown supply temperature          status
Switch(config)#snmp-server enable traps errdisable
Switch(config)#snmp-server enable traps ma
 << c-notification change move threshol$ enable traps mac-notification change move threshold         
Switch(config)#snmp-server enable traps vlan-membership
Switch(config)#snmp-server h
 << ost 130.18.8.12 sysnet 
Switch(config)#line con 0
Switch(config-line)#line vty 0 15
Switch(config-line)# access-class 1 in
Switch(config-line)# password W2w1cD0mIliG!
Switch(config-line)# login local
Switch(config-line)# transport input ssh
Switch(
 << config-line)#ntp server 10.92.0.5
Switch(config)#
Switch(config)#end
Switch#
 << 
Jun  4 13:31:29: %SYS-5-CONFIG_I: Configured from console by console
Expect: matched string 1: Configured
 >> 

 >> configure terminal

Expect: searching for 1 strs:  :(config)#
 << 
Switch#configure terminal
Enter configuration commands, one per line.  End with CNTL/Z.
Switch(config)#
Expect: matched string 1: (config)#
 >> spanning-tree mode pvst

 >> no spanning-tree vlan 2-66,68-91,93-97,99-1000

 >> 

 >> end

Expect: searching for 1 strs:  :Configured
 << spanning-tree mode pvst
Switch(config)#no spanning-tree vlan 2-66,68-91,93-97,99-1000
Switch(config)#
Switch(config)#end
Switch#
 << 
Jun  4 13:31:35: %SYS-5-CONFIG_I: Configured from console by console
Expect: matched string 1: Configured
 >> 

 >> configure terminal

Expect: searching for 1 strs:  :(config)#
 << 
Switch#configure terminal
Enter configuration commands, one per line.  End with CNTL/Z.
Switch(config)#
Expect: matched string 1: (config)#
 >> hostname c29s1ps.r148.mvrdl 

Expect: searching for 2 strs:  :# :>
 << hostname c29s1ps.r148.mvrdl 
c29s1ps.r148.mvrdl(config)#
Expect: matched string 1: #
 >> end

Expect: searching for 1 strs:  :Configured
 << end
c29s1ps.r148.mvrdl#
 << 
Jun  4 13:31:42: %SYS-5-CONFIG_I: Configured from console by console
Expect: matched string 1: Configured
 >> 

 >> configure terminal

Expect: searching for 1 strs:  :(config)#
 << 
c29s1ps.r148.mvrdl#configure terminal
Enter configuration commands, one per line.  End with CNTL/Z.
c29s1ps.r148.mvrdl(config)#
Expect: matched string 1: (config)#
 >> snmp-server contact 6F-2268-6F-2269

Expect: searching for 1 strs:  :#
 << snmp-server contact 6F-2268-6F-2269
c29s1ps.r148.mvrdl(config)#
Expect: matched string 1: #
 >> end

Expect: searching for 1 strs:  :Configured
 << end
c29s1ps.r148.mvrdl#
 << 
Jun  4 13:31:48: %SYS-5-CONFIG_I: Configured from console by console
Expect: matched string 1: Configured
 >> 

 >> configure terminal

Expect: searching for 1 strs:  :(config)#
 << 
c29s1ps.r148.mvrdl#configure terminal
Enter configuration commands, one per line.  End with CNTL/Z.
c29s1ps.r148.mvrdl(config)#
Expect: matched string 1: (config)#
 >> interface vlan 92

Expect: searching for 1 strs:  :(config-if)#
 << interface vlan 92
c29s1ps.r148.mvrdl(config-if)#
Expect: matched string 1: (config-if)#
 >> ip address 10.253.92.11 255.255.0.0

 >> ip broadcast-address 10.92.255.255

 >> end

Expect: searching for 1 strs:  :Configured
 << ip address 10.253.92.11 255.255.0.0
c29s1ps.r148.mvrdl(config-if)#ip broadcast-address 10.92.255.255
c29s1ps.r148.mvrdl(config-if)#end
c29s1ps.r148.mvrdl#
 << 
Jun  4 13:31:54: %SYS-5-CONFIG_I: Configured from console by console
Expect: matched string 1: Configured
 >> 

 >> configure terminal

Expect: searching for 1 strs:  :(config)#
 << 
c29s1ps.r148.mvrdl#configure terminal
Enter configuration commands, one per line.  End with CNTL/Z.
c29s1ps.r148.mvrdl(config)#
Expect: matched string 1: (config)#
 >> interface Vlan92

Expect: searching for 1 strs:  :(config-if)#
 << interface Vlan92
c29s1ps.r148.mvrdl(config-if)#
Expect: matched string 1: (config-if)#
 >> ip default-gateway 10.92.0.1

 >> end

Expect: searching for 1 strs:  :Configured
 << ip default-gateway 10.92.0.1
c29s1ps.r148.mvrdl(config)#end
c29s1ps.r148.mvrdl#
Jun  4 13:32:00: %SYS-5-CONFIG_I: Configured from console by console
Expect: matched string 1: Configured
 >> 

 >> configure terminal

Expect: searching for 1 strs:  :(config)#
 << 
c29s1ps.r148.mvrdl#configure terminal
Enter configuration commands, one per line.  End with CNTL/Z.
c29s1ps.r148.mvrdl(config)#
Expect: matched string 1: (config)#
 >> ip dhcp snooping

Expect: searching for 1 strs:  :#
 << ip dhcp snooping
c29s1ps.r148.mvrdl(config)#
Expect: matched string 1: #
 >> ip dhcp snooping vlan 67

Expect: searching for 1 strs:  :#
 << ip dhcp snooping vlan 67
c29s1ps.r148.mvrdl(config)#
Expect: matched string 1: #
 >> end

Expect: searching for 1 strs:  :Configured
 << end
c29s1ps.r148.mvrdl#
Jun  4 13:32:07: %SYS-5-CONFIG_I: Configured from console by console
Expect: matched string 1: Configured
 >> 

 >> configure terminal

Expect: searching for 1 strs:  :(config)#
 << 
c29s1ps.r148.mvrdl#configure terminal
Enter configuration commands, one per line.  End with CNTL/Z.
c29s1ps.r148.mvrdl(config)#
Expect: matched string 1: (config)#
 >> default interface range gi1/0/1 - 48 

 >> interface range gi1/0/1 - 48 

Expect: searching for 1 strs:  :(config-if-range)#
 << default interface range gi1/0/1 - 48 
c29s1ps.r148.mvrdl(config)#interface range gi1/0/1 - 48 
c29s1ps.r148.mvrdl(config-if-range)#
Expect: matched string 1: (config-if-range)#
 >> switchport access vlan 67

 >> switchport mode access

 >> spanning-tree portfast

 >> switchport port-security maximum 2

 >> switchport port-security

 >> switchport port-security aging time 15

 >> switchport port-security violation protect

 >> switchport port-security aging type inactivity

 >> power inline never

 >> end

Expect: searching for 1 strs:  :Configured
 << switchport access vlan 67
c29s1ps.r148.mvrdl(config-if-range)#switchport mode access
c29s1ps.r148.mvrdl(config-if-range)#spanning-tree portfast
%Warning: portfast should only be enabled on ports connected to a single
 host. Connecting hubs, concentrat
 << ors, switches, bridges, etc... to this
 interface  when portfast is enabled, can cause temporary bridging loops.
 Use with CAUTION

%Portfast will be configured in 48 interfaces due to the range command 
 but will only have effect when the interfaces
 <<  are in a non-trunking mode.
c29s1ps.r148.mvrdl(config-if-range)#switchport port-security maximum 2
c29s1ps.r148.mvrdl(config-if-range)#switchport port-security
c29s1ps.r148.mvrdl(config-if-range)#switchport port-security aging time 15
c29s1ps.r148.mv
 << rdl(config-if-range)#switchport port-security violation protec$port-security violation protect         
c29s1ps.r148.mvrdl(config-if-range)#switchport port-security aging type inact
 << $port-security aging type inacti         vity
c29s1ps.r148.mvrdl(config-if-range)#power inline never

 << c29s1ps.r148.mvrdl(config-if-range)#end
c29s1ps.r148.mvrdl#
 << 
Jun  4 13:32:24: %SYS-5-CONFIG_I: Configured from console by console
Expect: matched string 1: Configured
 >> 

 >> configure terminal

Expect: searching for 1 strs:  :(config)#
 << 
c29s1ps.r148.mvrdl#configure terminal
Enter configuration commands, one per line.  End with CNTL/Z.
c29s1ps.r148.mvrdl(config)#
Expect: matched string 1: (config)#
 >> default interface range gi1/0/1 - 6 

 >> interface range gi1/0/1 - 6 

Expect: searching for 1 strs:  :(config-if-range)#
 << default interface range gi1/0/1 - 6 
c29s1ps.r148.mvrdl(config)#interface range gi1/0/1 - 6 
c29s1ps.r148.mvrdl(config-if-range)#
Expect: matched string 1: (config-if-range)#
 >> switchport mode trunk

 >> switchport trunk native vlan 92

 >> ip dhcp snooping trust

 >> no keepalive

 >> end

Expect: searching for 1 strs:  :Configured
 << switchport mode trunk
c29s1ps.r148.mvrdl(config-if-range)#switchport trunk native vlan 92
c29s1ps.r148.mvrdl(config-if-range)#ip dhcp snooping trust
c29s1ps.r148.mvrdl(config-if-range)#no keepalive
c29s1ps.r148.mvrdl(config-if-range)#end
c29s1ps.r148
 << .mvrdl#
Jun  4 13:32:35: %SYS-5-CONFIG_I: Configured from console by console
Expect: matched string 1: Configured
 >> 

 >> configure terminal

Expect: searching for 1 strs:  :(config)#
 << 
c29s1ps.r148.mvrdl#configure terminal
Enter configuration commands, one per line.  End with CNTL/Z.
c29s1ps.r148.mvrdl(config)#
Expect: matched string 1: (config)#
 >> default interface range gi1/0/49 - 52 

 >> interface range gi1/0/49 - 52 

Expect: searching for 1 strs:  :(config-if-range)#
 << default interface range gi1/0/49 - 52 
c29s1ps.r148.mvrdl(config)#interface range gi1/0/49 - 52 
c29s1ps.r148.mvrdl(config-if-range)#
Expect: matched string 1: (config-if-range)#
 >> switchport mode trunk

 >> switchport trunk native vlan 92

 >> ip dhcp snooping trust

 >> no keepalive

 >> end

Expect: searching for 1 strs:  :Configured
 << switchport mode trunk
c29s1ps.r148.mvrdl(config-if-range)#switchport trunk native vlan 92
c29s1ps.r148.mvrdl(config-if-range)#ip dhcp snooping trust
c29s1ps.r148.mvrdl(config-if-range)#no keepalive
c29s1ps.r148.mvrdl(config-if-range)#end
c29s1ps.r148
 << .mvrdl#
 << 
Jun  4 13:32:46: %SYS-5-CONFIG_I: Configured from console by console
Expect: matched string 1: Configured
 >> 

 >> configure terminal

Expect: searching for 1 strs:  :(config)#
 << 
c29s1ps.r148.mvrdl#configure terminal
Enter configuration commands, one per line.  End with CNTL/Z.
c29s1ps.r148.mvrdl(config)#
Expect: matched string 1: (config)#
 >> crypto key generate rsa

 >> no

 >> 2048

Expect: searching for 2 strs:  :OK :(config)#
 << crypto key generate rsa
The name for the keys will be: c29s1ps.r148.mvrdl.mgmt.msstate.edu
Choose the size of the key modulus in the range of 360 to 4096 for your
  General Purpose Keys. Choosing a key modulus greater than 512 may take
  a few minutes
 << .

How many bits in the modulus [512]: no
% A decimal number between 360 and 4096.
How many bits in the modulus [512]: 2048
% Generating 2048 bit RSA keys, keys will be non-exportable...
 << 
 << 
 << 
 << 
 << 
[OK] (elapsed time was 6 seconds)

c29s1ps.r148.mvrdl(config)#
Expect: matched string 1: OK
 >> end

Expect: searching for 1 strs:  :Configured
 << end
c29s1ps.r148.mvrdl#
 << 
Jun  4 13:33:07: %SYS-5-CONFIG_I: Configured from console by console
Expect: matched string 1: Configured
 >> 

 >> write mem

Expect: searching for 2 strs:  :# :>
 << 
c29s1ps.r148.mvrdl#write mem
Building configuration...

Expect: matched string 1: #
 >> 
Expect: searching for 2 strs:  :# :>
 << [OK]
c29s1ps.r148.mvrdl#
c29s1ps.r148.mvrdl#
c29s1ps.r148.mvrdl#
Expect: matched string 1: #
 >> sh run

Expect: searching for 2 strs:  :# :>
 << sh run
Building configuration...

 << 
Current configuration : 22178 bytes
!
! Last configuration change at 13:33:07 CDT Mon Jun 4 2018
! NVRAM config last updated at 13:33:10 CDT Mon Jun 4 2018
!
version 15.2
no service pad
service timestamps debug datetime localtime
service timesta
 << mps log datetime localtime
service password-encryption
!
hostname c29s1ps.r148.mvrdl
!
boot-start-marker
boot-end-marker
!
enable secret 5 $1$mJUs$CIRliCSDibCPfNWpOiwfo1
enable password 7 133245055A0F207A260D243A1263
!
username root privilege 1
 << 5 secret 5 $1$vEGJ$I6JW0RoVo0z49OC5WETS41
no aaa new-model
clock timezone CST -6 0
clock summer-time CDT recurring
switch 1 provision ws-c2960x-48fps-l
switch 2 provision ws-c2960x-48fps-l
!
!
ip dhcp snooping vlan 67
ip dhcp snooping
ip domain-
 << name mgmt.msstate.edu
ip name-server 130.18.80.12
!
!
!
!
!
authentication mac-move permit
!
!
crypto pki trustpoint TP-self-signed-2008224896
 enrollment selfsigned
 subject-name cn=IOS-Self-Signed-Certificate-2008224896
 revocation-check no
 << ne
 rsakeypair TP-self-signed-2008224896
!
crypto pki trustpoint TP-self-signed-2494998912
 enrollment selfsigned
 subject-name cn=IOS-Self-Signed-Certificate-2494998912
 revocation-check none
 rsakeypair TP-self-signed-2494998912
!
!
crypto pki
 <<  certificate chain TP-self-signed-2008224896
 certificate self-signed 01
  3082022B 30820194 A0030201 02020101 300D0609 2A864886 F70D0101 05050030 
  31312F30 2D060355 04031326 494F532D 53656C66 2D536967 6E65642D 43657274 
  69666963 6174652D 32303038
 <<  32323438 3936301E 170D3138 30363034 31363339 
  34395A17 0D323030 31303130 30303030 305A3031 312F302D 06035504 03132649 
  4F532D53 656C662D 5369676E 65642D43 65727469 66696361 74652D32 30303832 
  32343839 3630819F 300D0609 2A864886 F70D0101 01050003
 <<  818D0030 81890281 
  81009B71 FEB98F7A B3879A3E 975E772B 2B499A09 DF993829 9DCE4248 619DC9DA 
  BA2D2B4C BEF3DFAF 4AA9DC61 F91DD01E 9C7C2C4B B6D8866B 2A72DBE2 E92E8935 
  8321329C 0B0DE851 3D23B17A 88523008 4B14A62D C44C16A2 AEA4F8DD 49AE143C 
  81EC
 << 7480 11C6EAA2 60A5A013 93E7B80C 955D96CE 0DEB1E1C 8B1E3493 7C59B32C 
  47950203 010001A3 53305130 0F060355 1D130101 FF040530 030101FF 301F0603 
  551D2304 18301680 14B7F358 79077CD0 96DE3450 C7878C6B B8A82C7B 76301D06 
  03551D0E 04160414 B7F35879 077C
 << D096 DE3450C7 878C6BB8 A82C7B76 300D0609 
  2A864886 F70D0101 05050003 81810025 9A48F112 7ADDD94A 79D7684C 1D2CC39C 
  E39BD164 D727EC73 F00E1445 78454469 B7D597DB EE43497C E3CD7260 1E0823AD 
  75B6A5C2 99EF7ECC F4E242C8 28C48A45 ABC0929A C66C2131 9F20
 << 9E41 C46FC4B6 
  A9C4C989 716542F1 1A10F26A 5B49A974 D01F0E2F C37A98DB 9B96EC80 76A06D43 
  7681178A 233691A5 C14F45EE 86B327
  	quit
crypto pki certificate chain TP-self-signed-2494998912
!
spanning-tree mode pvst
spanning-tree portfast bpduguard 
 << default
spanning-tree extend system-id
no spanning-tree vlan 2-66,68-91,93-97,99-1000
errdisable recovery cause udld
errdisable recovery cause bpduguard
errdisable recovery cause security-violation
errdisable recovery cause channel-misconfig
errdis
 << able recovery cause pagp-flap
errdisable recovery cause dtp-flap
errdisable recovery cause link-flap
errdisable recovery cause sfp-config-mismatch
errdisable recovery cause gbic-invalid
errdisable recovery cause psecure-violation
errdisable recovery
 <<  cause port-mode-failure
errdisable recovery cause dhcp-rate-limit
errdisable recovery cause pppoe-ia-rate-limit
errdisable recovery cause mac-limit
errdisable recovery cause vmps
errdisable recovery cause storm-control
errdisable recovery cause inl
 << ine-power
errdisable recovery cause arp-inspection
errdisable recovery cause loopback
errdisable recovery cause small-frame
errdisable recovery cause psp
errdisable recovery interval 1800
!
!
!
!
vlan internal allocation policy ascending
!
lld
 << p run
!
! 
!
!
!
!
!
!
!
!
interface FastEthernet0
 no ip address
 shutdown
!
interface GigabitEthernet1/0/1
 switchport trunk native vlan 92
 switchport mode trunk
 no keepalive
 ip dhcp snooping trust
!
interface GigabitEthernet1/0/
 << 2
 switchport trunk native vlan 92
 switchport mode trunk
 no keepalive
 ip dhcp snooping trust
!
interface GigabitEthernet1/0/3
 switchport trunk native vlan 92
 switchport mode trunk
 no keepalive
 ip dhcp snooping trust
!
interface GigabitE
 << thernet1/0/4
 switchport trunk native vlan 92
 switchport mode trunk
 no keepalive
 ip dhcp snooping trust
!
interface GigabitEthernet1/0/5
 switchport trunk native vlan 92
 switchport mode trunk
 no keepalive
 ip dhcp snooping trust
!
interfa
 << ce GigabitEthernet1/0/6
 switchport trunk native vlan 92
 switchport mode trunk
 no keepalive
 ip dhcp snooping trust
!
interface GigabitEthernet1/0/7
 switchport access vlan 67
 switchport mode access
 switchport port-security maximum 2
 switch
 << port port-security violation  protect
 switchport port-security aging time 15
 switchport port-security aging type inactivity
 switchport port-security
 power inline never
 spanning-tree portfast
!
interface GigabitEthernet1/0/8
 switchport access
 <<  vlan 67
 switchport mode access
 switchport port-security maximum 2
 switchport port-security violation  protect
 switchport port-security aging time 15
 switchport port-security aging type inactivity
 switchport port-security
 power inline never
 << 
 spanning-tree portfast
!
interface GigabitEthernet1/0/9
 switchport access vlan 67
 switchport mode access
 switchport port-security maximum 2
 switchport port-security violation  protect
 switchport port-security aging time 15
 switchport port-
 << security aging type inactivity
 switchport port-security
 power inline never
 spanning-tree portfast
!
interface GigabitEthernet1/0/10
 switchport access vlan 67
 switchport mode access
 switchport port-security maximum 2
 switchport port-securit
 << y violation  protect
 switchport port-security aging time 15
 switchport port-security aging type inactivity
 switchport port-security
 power inline never
 spanning-tree portfast
!
interface GigabitEthernet1/0/11
 switchport access vlan 67
 switc
 << hport mode access
 switchport port-security maximum 2
 switchport port-security violation  protect
 switchport port-security aging time 15
 switchport port-security aging type inactivity
 switchport port-security
 power inline never
 spanning-tree 
 << portfast
!
interface GigabitEthernet1/0/12
 switchport access vlan 67
 switchport mode access
 switchport port-security maximum 2
 switchport port-security violation  protect
 switchport port-security aging time 15
 switchport port-security aging 
 << type inactivity
 switchport port-security
 power inline never
 spanning-tree portfast
!
interface GigabitEthernet1/0/13
 switchport access vlan 67
 switchport mode access
 switchport port-security maximum 2
 switchport port-security violation  pr
 << otect
 switchport port-security aging time 15
 switchport port-security aging type inactivity
 switchport port-security
 power inline never
 spanning-tree portfast
!
interface GigabitEthernet1/0/14
 switchport access vlan 67
 switchport mode acce
 << ss
 switchport port-security maximum 2
 switchport port-security violation  protect
 switchport port-security aging time 15
 switchport port-security aging type inactivity
 switchport port-security
 power inline never
 spanning-tree portfast
!
in
 << terface GigabitEthernet1/0/15
 switchport access vlan 67
 switchport mode access
 switchport port-security maximum 2
 switchport port-security violation  protect
 switchport port-security aging time 15
 switchport port-security aging type inactivity
 << 
 switchport port-security
 power inline never
 spanning-tree portfast
!
interface GigabitEthernet1/0/16
 switchport access vlan 67
 switchport mode access
 switchport port-security maximum 2
 switchport port-security violation  protect
 switchp
 << ort port-security aging time 15
 switchport port-security aging type inactivity
 switchport port-security
 power inline never
 spanning-tree portfast
!
interface GigabitEthernet1/0/17
 switchport access vlan 67
 switchport mode access
 switchport
 <<  port-security maximum 2
 switchport port-security violation  protect
 switchport port-security aging time 15
 switchport port-security aging type inactivity
 switchport port-security
 power inline never
 spanning-tree portfast
!
interface Gigabit
 << Ethernet1/0/18
 switchport access vlan 67
 switchport mode access
 switchport port-security maximum 2
 switchport port-security violation  protect
 switchport port-security aging time 15
 switchport port-security aging type inactivity
 switchport p
 << ort-security
 power inline never
 spanning-tree portfast
!
interface GigabitEthernet1/0/19
 switchport access vlan 67
 switchport mode access
 switchport port-security maximum 2
 switchport port-security violation  protect
 switchport port-securi
 << ty aging time 15
 switchport port-security aging type inactivity
 switchport port-security
 power inline never
 spanning-tree portfast
!
interface GigabitEthernet1/0/20
 switchport access vlan 67
 switchport mode access
 switchport port-security 
 << maximum 2
 switchport port-security violation  protect
 switchport port-security aging time 15
 switchport port-security aging type inactivity
 switchport port-security
 power inline never
 spanning-tree portfast
!
interface GigabitEthernet1/0/21
 << 
 switchport access vlan 67
 switchport mode access
 switchport port-security maximum 2
 switchport port-security violation  protect
 switchport port-security aging time 15
 switchport port-security aging type inactivity
 switchport port-security
 
 << power inline never
 spanning-tree portfast
!
interface GigabitEthernet1/0/22
 switchport access vlan 67
 switchport mode access
 switchport port-security maximum 2
 switchport port-security violation  protect
 switchport port-security aging time 1
 << 5
 switchport port-security aging type inactivity
 switchport port-security
 power inline never
 spanning-tree portfast
!
interface GigabitEthernet1/0/23
 switchport access vlan 67
 switchport mode access
 switchport port-security maximum 2
 swi
 << tchport port-security violation  protect
 switchport port-security aging time 15
 switchport port-security aging type inactivity
 switchport port-security
 power inline never
 spanning-tree portfast
!
interface GigabitEthernet1/0/24
 switchport ac
 << cess vlan 67
 switchport mode access
 switchport port-security maximum 2
 switchport port-security violation  protect
 switchport port-security aging time 15
 switchport port-security aging type inactivity
 switchport port-security
 power inline ne
 << ver
 spanning-tree portfast
!
interface GigabitEthernet1/0/25
 switchport access vlan 67
 switchport mode access
 switchport port-security maximum 2
 switchport port-security violation  protect
 switchport port-security aging time 15
 switchport 
 << port-security aging type inactivity
 switchport port-security
 power inline never
 spanning-tree portfast
!
interface GigabitEthernet1/0/26
 switchport access vlan 67
 switchport mode access
 switchport port-security maximum 2
 switchport port-se
 << curity violation  protect
 switchport port-security aging time 15
 switchport port-security aging type inactivity
 switchport port-security
 power inline never
 spanning-tree portfast
!
interface GigabitEthernet1/0/27
 switchport access vlan 67
 
 << switchport mode access
 switchport port-security maximum 2
 switchport port-security violation  protect
 switchport port-security aging time 15
 switchport port-security aging type inactivity
 switchport port-security
 power inline never
 spanning-
 << tree portfast
!
interface GigabitEthernet1/0/28
 switchport access vlan 67
 switchport mode access
 switchport port-security maximum 2
 switchport port-security violation  protect
 switchport port-security aging time 15
 switchport port-security a
 << ging type inactivity
 switchport port-security
 power inline never
 spanning-tree portfast
!
interface GigabitEthernet1/0/29
 switchport access vlan 67
 switchport mode access
 switchport port-security maximum 2
 switchport port-security violatio
 << n  protect
 switchport port-security aging time 15
 switchport port-security aging type inactivity
 switchport port-security
 power inline never
 spanning-tree portfast
!
interface GigabitEthernet1/0/30
 switchport access vlan 67
 switchport mode
 <<  access
 switchport port-security maximum 2
 switchport port-security violation  protect
 switchport port-security aging time 15
 switchport port-security aging type inactivity
 switchport port-security
 power inline never
 spanning-tree portfast

 << !
interface GigabitEthernet1/0/31
 switchport access vlan 67
 switchport mode access
 switchport port-security maximum 2
 switchport port-security violation  protect
 switchport port-security aging time 15
 switchport port-security aging type inact
 << ivity
 switchport port-security
 power inline never
 spanning-tree portfast
!
interface GigabitEthernet1/0/32
 switchport access vlan 67
 switchport mode access
 switchport port-security maximum 2
 switchport port-security violation  protect
 sw
 << itchport port-security aging time 15
 switchport port-security aging type inactivity
 switchport port-security
 power inline never
 spanning-tree portfast
!
interface GigabitEthernet1/0/33
 switchport access vlan 67
 switchport mode access
 switc
 << hport port-security maximum 2
 switchport port-security violation  protect
 switchport port-security aging time 15
 switchport port-security aging type inactivity
 switchport port-security
 power inline never
 spanning-tree portfast
!
interface Gi
 << gabitEthernet1/0/34
 switchport access vlan 67
 switchport mode access
 switchport port-security maximum 2
 switchport port-security violation  protect
 switchport port-security aging time 15
 switchport port-security aging type inactivity
 switchp
 << ort port-security
 power inline never
 spanning-tree portfast
!
interface GigabitEthernet1/0/35
 switchport access vlan 67
 switchport mode access
 switchport port-security maximum 2
 switchport port-security violation  protect
 switchport port-s
 << ecurity aging time 15
 switchport port-security aging type inactivity
 switchport port-security
 power inline never
 spanning-tree portfast
!
interface GigabitEthernet1/0/36
 switchport access vlan 67
 switchport mode access
 switchport port-secu
 << rity maximum 2
 switchport port-security violation  protect
 switchport port-security aging time 15
 switchport port-security aging type inactivity
 switchport port-security
 power inline never
 spanning-tree portfast
!
interface GigabitEthernet1/
 << 0/37
 switchport access vlan 67
 switchport mode access
 switchport port-security maximum 2
 switchport port-security violation  protect
 switchport port-security aging time 15
 switchport port-security aging type inactivity
 switchport port-securi
 << ty
 power inline never
 spanning-tree portfast
!
interface GigabitEthernet1/0/38
 switchport access vlan 67
 switchport mode access
 switchport port-security maximum 2
 switchport port-security violation  protect
 switchport port-security aging t
 << ime 15
 switchport port-security aging type inactivity
 switchport port-security
 power inline never
 spanning-tree portfast
!
interface GigabitEthernet1/0/39
 switchport access vlan 67
 switchport mode access
 switchport port-security maximum 2
 << 
 switchport port-security violation  protect
 switchport port-security aging time 15
 switchport port-security aging type inactivity
 switchport port-security
 power inline never
 spanning-tree portfast
!
interface GigabitEthernet1/0/40
 switchpo
 << rt access vlan 67
 switchport mode access
 switchport port-security maximum 2
 switchport port-security violation  protect
 switchport port-security aging time 15
 switchport port-security aging type inactivity
 switchport port-security
 power inli
 << ne never
 spanning-tree portfast
!
interface GigabitEthernet1/0/41
 switchport access vlan 67
 switchport mode access
 switchport port-security maximum 2
 switchport port-security violation  protect
 switchport port-security aging time 15
 switch
 << port port-security aging type inactivity
 switchport port-security
 power inline never
 spanning-tree portfast
!
interface GigabitEthernet1/0/42
 switchport access vlan 67
 switchport mode access
 switchport port-security maximum 2
 switchport po
 << rt-security violation  protect
 switchport port-security aging time 15
 switchport port-security aging type inactivity
 switchport port-security
 power inline never
 spanning-tree portfast
!
interface GigabitEthernet1/0/43
 switchport access vlan 
 << 67
 switchport mode access
 switchport port-security maximum 2
 switchport port-security violation  protect
 switchport port-security aging time 15
 switchport port-security aging type inactivity
 switchport port-security
 power inline never
 span
 << ning-tree portfast
!
interface GigabitEthernet1/0/44
 switchport access vlan 67
 switchport mode access
 switchport port-security maximum 2
 switchport port-security violation  protect
 switchport port-security aging time 15
 switchport port-secur
 << ity aging type inactivity
 switchport port-security
 power inline never
 spanning-tree portfast
!
interface GigabitEthernet1/0/45
 switchport access vlan 67
 switchport mode access
 switchport port-security maximum 2
 switchport port-security vio
 << lation  protect
 switchport port-security aging time 15
 switchport port-security aging type inactivity
 switchport port-security
 power inline never
 spanning-tree portfast
!
interface GigabitEthernet1/0/46
 switchport access vlan 67
 switchport
 <<  mode access
 switchport port-security maximum 2
 switchport port-security violation  protect
 switchport port-security aging time 15
 switchport port-security aging type inactivity
 switchport port-security
 power inline never
 spanning-tree portf
 << ast
!
interface GigabitEthernet1/0/47
 switchport access vlan 67
 switchport mode access
 switchport port-security maximum 2
 switchport port-security violation  protect
 switchport port-security aging time 15
 switchport port-security aging type 
 << inactivity
 switchport port-security
 power inline never
 spanning-tree portfast
!
interface GigabitEthernet1/0/48
 switchport access vlan 67
 switchport mode access
 switchport port-security maximum 2
 switchport port-security violation  protect
 << 
 switchport port-security aging time 15
 switchport port-security aging type inactivity
 switchport port-security
 power inline never
 spanning-tree portfast
!
interface GigabitEthernet1/0/49
 switchport trunk native vlan 92
 switchport mode tru
 << nk
 ip dhcp snooping trust
!
interface GigabitEthernet1/0/50
 switchport trunk native vlan 92
 switchport mode trunk
 ip dhcp snooping trust
!
interface GigabitEthernet1/0/51
 switchport trunk native vlan 92
 switchport mode trunk
 ip dhcp snoo
 << ping trust
!
interface GigabitEthernet1/0/52
 switchport trunk native vlan 92
 switchport mode trunk
 ip dhcp snooping trust
!
interface GigabitEthernet2/0/1
!
interface GigabitEthernet2/0/2
!
interface GigabitEthernet2/0/3
!
interface Gigabi
 << tEthernet2/0/4
!
interface GigabitEthernet2/0/5
!
interface GigabitEthernet2/0/6
!
interface GigabitEthernet2/0/7
!
interface GigabitEthernet2/0/8
!
interface GigabitEthernet2/0/9
!
interface GigabitEthernet2/0/10
!
interface GigabitEthernet
 << 2/0/11
!
interface GigabitEthernet2/0/12
!
interface GigabitEthernet2/0/13
!
interface GigabitEthernet2/0/14
!
interface GigabitEthernet2/0/15
!
interface GigabitEthernet2/0/16
!
interface GigabitEthernet2/0/17
!
interface GigabitEthernet2/0
 << /18
!
interface GigabitEthernet2/0/19
!
interface GigabitEthernet2/0/20
!
interface GigabitEthernet2/0/21
!
interface GigabitEthernet2/0/22
!
interface GigabitEthernet2/0/23
!
interface GigabitEthernet2/0/24
!
interface GigabitEthernet2/0/25
 << 
!
interface GigabitEthernet2/0/26
!
interface GigabitEthernet2/0/27
!
interface GigabitEthernet2/0/28
!
interface GigabitEthernet2/0/29
!
interface GigabitEthernet2/0/30
!
interface GigabitEthernet2/0/31
!
interface GigabitEthernet2/0/32
!
 << 
interface GigabitEthernet2/0/33
!
interface GigabitEthernet2/0/34
!
interface GigabitEthernet2/0/35
!
interface GigabitEthernet2/0/36
!
interface GigabitEthernet2/0/37
!
interface GigabitEthernet2/0/38
!
interface GigabitEthernet2/0/39
!
i
 << nterface GigabitEthernet2/0/40
!
interface GigabitEthernet2/0/41
!
interface GigabitEthernet2/0/42
!
interface GigabitEthernet2/0/43
!
interface GigabitEthernet2/0/44
!
interface GigabitEthernet2/0/45
!
interface GigabitEthernet2/0/46
!
inte
 << rface GigabitEthernet2/0/47
!
interface GigabitEthernet2/0/48
!
interface GigabitEthernet2/0/49
!
interface GigabitEthernet2/0/50
!
interface GigabitEthernet2/0/51
!
interface GigabitEthernet2/0/52
!
interface Vlan1
 no ip address
 no ip rou
 << te-cache
 shutdown
!
interface Vlan92
 ip address 10.253.92.11 255.255.0.0
 ip broadcast-address 10.92.255.255
!
ip default-gateway 10.92.0.1
no ip http server
no ip http secure-server
!
!
logging facility local1
logging host 130.18.8.12
acc
 << ess-list 1 permit 10.92.0.0 0.0.255.255
access-list 1 permit 130.18.8.0 0.0.0.255
access-list 1 permit 10.93.0.0 0.0.255.255
access-list 1 permit 130.18.1.0 0.0.0.255
!
snmp-server community sysnet RO 1
snmp-server community c2-b2=a2 RW 1
snmp-serv
 << er contact 6F-2268-6F-2269
snmp-server enable traps snmp authentication linkdown linkup coldstart warmstart
snmp-server enable traps transceiver all
snmp-server enable traps tty
snmp-server enable traps cluster
snmp-server enable traps config-copy
s
 << nmp-server enable traps config
snmp-server enable traps config-ctid
snmp-server enable traps entity
snmp-server enable traps power-ethernet police
snmp-server enable traps cpu threshold
snmp-server enable traps bridge newroot topologychange
snmp-ser
 << ver enable traps stpx inconsistency root-inconsistency loop-inconsistency
snmp-server enable traps syslog
snmp-server enable traps vtp
snmp-server enable traps vlancreate
snmp-server enable traps vlandelete
snmp-server enable traps flash insertion re
 << moval
snmp-server enable traps port-security
snmp-server enable traps envmon fan shutdown supply temperature status
snmp-server enable traps errdisable
snmp-server enable traps mac-notification change move threshold
snmp-server enable traps vlan-memb
 << ership
snmp-server host 130.18.8.12 sysnet 
no vstack
!
line con 0
line vty 0 4
 access-class 1 in
 password 7 012454130A08225F2C6542003E44
 login local
 transport input ssh
line vty 5 15
 access-class 1 in
 password 7 012454130A08225F2C654200
 << 3E44
 login local
 transport input ssh
!
ntp server 10.92.0.5
end

c29s1ps.r148.mvrdl#
Expect: matched string 1: #
