trying to use serial port: /dev/ttyUSB0
 >> 
 >> 

Expect: searching for 4 strs:  :[yes/no] :Press RETURN to get started. :# :Switch>
 << 
Switch(config)#
Switch(config)#
Switch(config)#
Switch(config)#
Expect: matched string 3: #
 >> term len 0

Expect: searching for 2 strs:  :# :>
 << term len 0
                 ^
% Invalid input detected at '^' marker.

Switch(config)#
Expect: matched string 1: #
 >> show version

Expect: searching for 2 strs:  :# :>
 << show version
                 ^
% Invalid input detected at '^' marker.

Switch(config)#
Expect: matched string 1: #
 >> enable

Expect: searching for 2 strs:  :Password: :#
 << enable
% Incomplete command.

Switch(config)#
Expect: matched string 2: #
 >> sh license udi

Expect: searching for 2 strs:  :# :>
 << sh license udi
                  ^
% Invalid input detected at '^' marker.

Switch(config)#
Expect: matched string 1: #
 >> 

Expect: searching for 4 strs:  :[yes/no] :Press RETURN to get started. :# :Switch>
 << 
*Nov  9 22:48:00.570: %SYS-5-CONFIG_I: Configured from console by console
Switch#
Switch#
Expect: matched string 3: #
 >> show version

Expect: searching for 2 strs:  :# :>
 << show version
Cisco IOS XE Software, Version 16.08.01a
Cisco IOS Software [Fuji], Catalyst L3 Switch Software (CAT9K_IOSXE), Version 16.8.1a, RELEASE SOFTWARE (fc1)
Technical Support: http://www.cisco.com/techsupport
Copyright (c) 1986-2018 by Cisco Sy
 << stems, Inc.
Compiled Tue 03-Apr-18 18:49 by mcpre


Cisco IOS-XE software, Copyright (c) 2005-2018 by cisco Systems, Inc.
All rights reserved.  Certain components of Cisco IOS-XE software are
licensed under the GNU General Public License ("GPL") Ver
 << sion 2.0.  The
software code licensed under GPL Version 2.0 is free software that comes
with ABSOLUTELY NO WARRANTY.  You can redistribute and/or modify such
GPL code under the terms of GPL Version 2.0.  For more details, see the
documentation or "Lic
 << ense Notice" file accompanying the IOS-XE software,
or the applicable URL provided on the flyer accompanying the IOS-XE
software.


ROM: IOS-XE ROMMON
BOOTLDR: System Bootstrap, Version 16.8.1r [FC4], RELEASE SOFTWARE (P)

Switch uptime is 1 hour,
 <<  3 minutes
Uptime for this control processor is 1 hour, 5 minutes
System returned to ROM by LocalSoft
System image file is "flash:packages.conf"
Last reload reason: LocalSoft



This product contains cryptographic features and is subject to United
 << 
States and local country laws governing import, export, transfer and
use. Delivery of Cisco cryptographic products does not imply
third-party authority to import, export, distribute or use encryption.
Importers, exporters, distributors and users are 
 << responsible for
compliance with U.S. and local country laws. By using this product you
agree to comply with applicable laws and regulations. If you are unable
to comply with U.S. and local laws, return this product immediately.

A summary of U.S. law
 << s governing Cisco cryptographic products may be found at:
http://www.cisco.com/wwl/export/crypto/tool/stqrg.html

If you require further assistance please contact us by sending email to
export@cisco.com.


Technology Package License Information: 

 << 
------------------------------------------------------------------------------
Technology-package                                     Technology-package
Current                        Type                       Next reboot  
-------------------------
 << -----------------------------------------------------
network-essentials            Permanent           network-essentials
dna-essentials                Subscription        dna-essentials

cisco C9300-24T (X86) processor with 898220K/6147K bytes of me
 << mory.
Processor board ID FCW2232E0B8
1 Virtual Ethernet interface
56 Gigabit Ethernet interfaces
16 Ten Gigabit Ethernet interfaces
4 TwentyFive Gigabit Ethernet interfaces
4 Forty Gigabit Ethernet interfaces
2048K bytes of non-volatile configurati
 << on memory.
8388608K bytes of physical memory.
1638400K bytes of Crash Files at crashinfo:.
1638400K bytes of Crash Files at crashinfo-2:.
11264000K bytes of Flash at flash:.
11264000K bytes of Flash at flash-2:.
0K bytes of WebUI ODM Files at webui:
 << .

Base Ethernet MAC Address          : 00:aa:6e:e8:c4:80
Motherboard Assembly Number        : 73-18270-03
Motherboard Serial Number          : FOC22304W6K
Model Revision Number              : A0
Motherboard Revision Number        : A0
Model Number
 <<                        : C9300-24T
System Serial Number               : FCW2232E0B8


Switch Ports Model              SW Version        SW Image              Mode   
------ ----- -----              ----------        ----------            ----   
*  
 <<   1 40    C9300-24T          16.8.1a           CAT9K_IOSXE           INSTALL
     2 40    C9300-24T          16.8.1a           CAT9K_IOSXE           INSTALL


Switch 02
---------
Switch uptime                      : 1 hour, 5 minutes 

Base Ethern
 << et MAC Address          : 00:b1:e3:15:b7:00
Motherboard Assembly Number        : 73-18270-03
Motherboard Serial Number          : FOC22304W0U
Model Revision Number              : A0
Motherboard Revision Number        : A0
Model Number                
 <<        : C9300-24T
System Serial Number               : FOC2232Z0FN

Configuration register is 0x102

Switch#
Expect: matched string 1: #
 >> configure terminal

Expect: searching for 1 strs:  :(config)#
 << configure terminal
Enter configuration commands, one per line.  End with CNTL/Z.
Switch(config)#
Expect: matched string 1: (config)#
 >> no service pad

 >> service timestamps debug datetime localtime

 >> service timestamps log datetime localtime

 >> service password-encryption

 >> boot-start-marker

 >> boot-end-marker

 >> enable secret W2w1cD0mIliG!

 >> enable password W2w1cD0mIliG!

 >> username root privilege 15 secret W2w1cD0mIliG!

 >> no aaa new-model

 >> clock timezone CST -6 0

 >> clock summer-time CDT recurring

 >> authentication mac-move permit

 >> ip domain-name mgmt.msstate.edu

 >> ip name-server 130.18.80.12

 >> vtp domain vtp01.mgmt.msstate.edu

 >> vtp mode client

 >> crypto pki trustpoint TP-self-signed-2494998912

 >>  enrollment selfsigned

 >>  subject-name cn=IOS-Self-Signed-Certificate-2494998912

 >>  revocation-check none

 >>  rsakeypair TP-self-signed-2494998912

 >> crypto pki certificate chain TP-self-signed-2494998912

 >>  certificate self-signed 01 nvram:IOS-Self-Sig#3232.cer

 >> spanning-tree portfast bpduguard default

 >> spanning-tree extend system-id

 >> vlan internal allocation policy ascending

 >> lldp run

 >> errdisable recovery cause all

 >> errdisable recovery interval 1800

 >> interface GigabitEthernet0/0

 >>  no ip address

 >>  shutdown

 >> interface Vlan1

 >>  no ip address

 >>  no ip route-cache

 >>  shutdown

 >> interface Vlan92

 >> no ip http server

 >> no ip http secure-server

 >> logging facility local1

 >> logging host 130.18.8.12

 >> access-list 1 permit 10.92.0.0 0.0.255.255

 >> access-list 1 permit 130.18.8.0 0.0.0.255

 >> access-list 1 permit 10.93.0.0 0.0.255.255

 >> access-list 1 permit 130.18.1.0 0.0.0.255

 >> snmp-server community sysnet RO 1

 >> snmp-server community c2-b2=a2 RW 1

 >> snmp-server enable traps snmp authentication linkdown linkup coldstart warmstart

 >> snmp-server enable traps transceiver all

 >> snmp-server enable traps tty

 >> snmp-server enable traps cluster

 >> snmp-server enable traps config-copy

 >> snmp-server enable traps config

 >> snmp-server enable traps config-ctid

 >> snmp-server enable traps dot1x auth-fail-vlan guest-vlan no-auth-fail-vlan no-guest-vlan

 >> snmp-server enable traps entity

 >> snmp-server enable traps power-ethernet police

 >> snmp-server enable traps cpu threshold

 >> snmp-server enable traps rep

 >> snmp-server enable traps bridge newroot topologychange

 >> snmp-server enable traps stpx inconsistency root-inconsistency loop-inconsistency

 >> snmp-server enable traps syslog

 >> snmp-server enable traps vtp

 >> snmp-server enable traps vlancreate

 >> snmp-server enable traps vlandelete

 >> snmp-server enable traps flash insertion removal

 >> snmp-server enable traps port-security

 >> snmp-server enable traps envmon fan shutdown supply temperature status

 >> snmp-server enable traps errdisable

 >> snmp-server enable traps mac-notification change move threshold

 >> snmp-server enable traps vlan-membership

 >> snmp-server host 130.18.8.12 sysnet 

 >> line con 0

 >> line vty 0 15

 >>  access-class 1 in

 >>  password W2w1cD0mIliG!

 >>  login local

 >>  transport input ssh

 >> ntp server 10.92.0.5

 >> no ap hyperlocation

 >> end

Expect: searching for 1 strs:  :Configured
 << no service pad
Switch(config)#service timestamps debug datetime localtime
Switch(config)#service timestamps log datetime localtime
Switch(config)#service password-encryption
Switch(config)#boot-start-marker
Switch(config)#boot-end-marker
Switch(conf
 << ig)#enable secret W2w1cD0mIliG!
Switch(config)#enable password W2w1cD0mIliG!
The enable password you have chosen is the same as your enable secret.
This is not recommended.  Re-enter the enable password.

Switch(config)#username root privilege 15 sec
 << ret W2w1cD0mIliG!
Switch(config)#no aaa new-model
Switch(config)#
*Nov  9 22:49:01: %PARSER-5-HIDDEN: Warning!!! ' boot-start-marker ' is a hidden command. Use of this command is not recommended/supported and will be removed in future.
*Nov  9 22:49:0
 << 1: %PARSER-5-HIDDEN: Warning!!! ' boot-end-marker ' is a hidden command. Use of this command is not recommended/supported and will be removed in future.clock timezone CST -6 0
Switch(config)#clock summer-time CDT recurring
Switch(config)#authentication 
 << mac-move permit
Switch(config)#ip domain-name mgmt.msstate.edu

*Nov  9 16:49:02: %SYS-6-CLOCKUPDATE: System clock has been updated from 22:49:02 UTC Fri Nov 9 2018 to 16:49:02 CST Fri Nov 9 2018, configured from console by console.
*Nov  9 16:49:03: %
 << SYS-6-CLOCKUPDATE: System clock has been updated from 16:49:03 CST Fri Nov 9 2018 to 16:49:03 CST Fri Nov 9 2018, configured from console by console.
Switch(config)#ip name-server 130.18.80.12
Switch(config)#vtp domain vtp01.mgmt.msstate.edu
Changing V
 << TP domain name from NULL to vtp01.mgmt.msstate.edu
Switch(config)#vtp mode client
Setting device to VTP Client mode for VLANS.
Switch(config)#crypto pki trustpoint TP-self-signed-2494998912
Switch(ca-trustpoint)# enrollment selfsigned
Switch(ca-trust
 << point)# subject-name cn=IOS-Self-Signed-Certificate-2494998912
Switch(ca-trustpoint)# revocation-check none
Switch(ca-trustpoint)# rsakeypair TP-self-signed-2494998912
Switch(ca-trustpoint)#crypto pki certificate chain TP-self-signed-2494998912
Switch
 << (config-cert-chain)# certificate self-signed 01 nvram:IOS-Self-Sig#3232$e self-signed 01 nvram:IOS-Self-Sig#3232.         cer
Switch(config-cert-chain)#spanning-tree portfast bpduguard default

 << Switch(config)#spanning-tree extend system-id
Switch(config)#vlan internal allocation policy ascending
                             ^
% Invalid input detected at '^' marker.

Switch(config)#lldp run
Switch(config)#errdisable recovery cause all
Swit
 << ch(config)#errdisable recovery interval 1800
Switch(config)#interface GigabitEthernet0/0
Switch(config-if)# no ip address
Switch(config-if)# shutdown
Switch(config-if)#interface Vlan1
Switch(config-if)# no ip address
Switch(config-if)# no ip route-c
 << ache
Switch(config-if)# shutdown
Switch(config-if)#interface Vlan92
Switch(config-if)#no ip http server
Switch(config)#no ip http secure-server
Switch(config)#logging facility local1
Switch(config)#logging host 130.18.8.12
Switch(config)#access-lis
 << t 1 per
*Nov  9 16:49:08: %SW_VLAN-6-VTP_DOMAIN_NAME_CHG: VTP domain name changed to vtp01.mgmt.msstate.edu.mit 10.92.0.0 0.0.255.255
Switch(config)#access-list 1 permit 130.18.8.0 0.0.0.255
Switch(config)#access-list 1 permit 10.93.0.0 0.0.255.255
Sw
 << itch(config)#access-list 1 permit 130.18.1.0 0.0.0.255
Switch(config)#snmp-server community sysnet RO 1
Switch(config)#
*Nov  9 16:49:09: %SYS-6-LOGGINGHOST_STARTSTOP: Logging to host 130.18.8.12 port 0 CLI Request Triggered
*Nov  9 16:49:09: %LINEPRO
 << TO-5-UPDOWN: Line protocol on Interface Vlan92, changed state to downsnmp-server community c2-b2=a2 RW 1
Switch(config)#snmp-server enable traps snmp authentication linkdown linkup c$ enable t
 << raps snmp authentication linkdown linkup co         ldstart waps snmp authentication linkdown linkup coldstart wa         rmstart
Switch(config)#snmp-server enable traps trans
 << ceiver all
Switch(config)#snmp-server enable traps tty
Switch(config)#snmp-server enable traps cluster
                                         ^
% Invalid input detected at '^' marker.

Switch(config)#
*Nov  9 16:49:09: %SYS-6-LOGGINGHOST_STARTSTO
 << P: Logging to host 130.18.8.12 port 514 started - CLI initiatedsnmp-server enable traps config-copy
Switch(config)#snmp-server enable traps config
Switch(config)#snmp-server enable traps config-ctid
Switch(config)#snmp-server enable traps dot1x auth-fa
 << il-vlan guest-vlan no-au$ enable traps dot1x auth-fail-vlan guest-vlan no-aut         h-fail-vlaps dot1x auth-fail-vlan gue
 << st-vlan no-auth-fail-vla         n no-guesuth-fail-vlan guest-vlan no-auth-fail-vlan no-guest         -vlan
snmp-server enable traps dot1x auth-fail-vlan guest-vlan no-auth-fai
 << l-vlan no-gu                          ^est-vlan

% Invalid input detected at '^' marker.

Switch(config)#snmp-server enable traps entity
Switch(config)#snmp-server enable traps power-ethernet police
Switch(config)#snmp-server enable traps cpu thresh
 << old
Switch(config)#snmp-server enable traps rep

 << 
 << Switch(config)#snmp-server enable traps bridge newroot topologychange
Switch(config)#snmp-server enable traps stpx inconsistency root-inconsistency$ enable traps stpx inconsistency root-incons
 << istency          loop-incoaps stpx inconsistency root-inconsistency loop-incon         sistency

 << 
 << 
 << 
 << Switch(config)#snmp-server enable traps syslog

 << 
 << 
Expect: did not match any strings!
...
no service pad
Switch(config)#service timestamps debug datetime localtime
Switch(config)#service timestamps log datetime localtime
Switch(config)#service password-encryption
Switch(config)#boot-start-marker
Switch(config)#boot-end-marker
Switch(config)#enable secret W2w1cD0mIliG!
Switch(config)#enable password W2w1cD0mIliG!
The enable password you have chosen is the same as your enable secret.
This is not recommended.  Re-enter the enable password.

Switch(config)#username root privilege 15 secret W2w1cD0mIliG!
Switch(config)#no aaa new-model
Switch(config)#
*Nov  9 22:49:01: %PARSER-5-HIDDEN: Warning!!! ' boot-start-marker ' is a hidden command. Use of this command is not recommended/supported and will be removed in future.
*Nov  9 22:49:01: %PARSER-5-HIDDEN: Warning!!! ' boot-end-marker ' is a hidden command. Use of this command is not recommended/supported and will be removed in future.clock timezone CST -6 0
Switch(config)#clock summer-time CDT recurring
Switch(config)#authentication mac-move permit
Switch(config)#ip domain-name mgmt.msstate.edu

*Nov  9 16:49:02: %SYS-6-CLOCKUPDATE: System clock has been updated from 22:49:02 UTC Fri Nov 9 2018 to 16:49:02 CST Fri Nov 9 2018, configured from console by console.
*Nov  9 16:49:03: %SYS-6-CLOCKUPDATE: System clock has been updated from 16:49:03 CST Fri Nov 9 2018 to 16:49:03 CST Fri Nov 9 2018, configured from console by console.
Switch(config)#ip name-server 130.18.80.12
Switch(config)#vtp domain vtp01.mgmt.msstate.edu
Changing VTP domain name from NULL to vtp01.mgmt.msstate.edu
Switch(config)#vtp mode client
Setting device to VTP Client mode for VLANS.
Switch(config)#crypto pki trustpoint TP-self-signed-2494998912
Switch(ca-trustpoint)# enrollment selfsigned
Switch(ca-trustpoint)# subject-name cn=IOS-Self-Signed-Certificate-2494998912
Switch(ca-trustpoint)# revocation-check none
Switch(ca-trustpoint)# rsakeypair TP-self-signed-2494998912
Switch(ca-trustpoint)#crypto pki certificate chain TP-self-signed-2494998912
Switch(config-cert-chain)# certificate self-signed 01 nvram:IOS-Self-Sig#3232$e self-signed 01 nvram:IOS-Self-Sig#3232.         cer
Switch(config-cert-chain)#spanning-tree portfast bpduguard default
Switch(config)#spanning-tree extend system-id
Switch(config)#vlan internal allocation policy ascending
                             ^
% Invalid input detected at '^' marker.

Switch(config)#lldp run
Switch(config)#errdisable recovery cause all
Switch(config)#errdisable recovery interval 1800
Switch(config)#interface GigabitEthernet0/0
Switch(config-if)# no ip address
Switch(config-if)# shutdown
Switch(config-if)#interface Vlan1
Switch(config-if)# no ip address
Switch(config-if)# no ip route-cache
Switch(config-if)# shutdown
Switch(config-if)#interface Vlan92
Switch(config-if)#no ip http server
Switch(config)#no ip http secure-server
Switch(config)#logging facility local1
Switch(config)#logging host 130.18.8.12
Switch(config)#access-list 1 per
*Nov  9 16:49:08: %SW_VLAN-6-VTP_DOMAIN_NAME_CHG: VTP domain name changed to vtp01.mgmt.msstate.edu.mit 10.92.0.0 0.0.255.255
Switch(config)#access-list 1 permit 130.18.8.0 0.0.0.255
Switch(config)#access-list 1 permit 10.93.0.0 0.0.255.255
Switch(config)#access-list 1 permit 130.18.1.0 0.0.0.255
Switch(config)#snmp-server community sysnet RO 1
Switch(config)#
*Nov  9 16:49:09: %SYS-6-LOGGINGHOST_STARTSTOP: Logging to host 130.18.8.12 port 0 CLI Request Triggered
*Nov  9 16:49:09: %LINEPROTO-5-UPDOWN: Line protocol on Interface Vlan92, changed state to downsnmp-server community c2-b2=a2 RW 1
Switch(config)#snmp-server enable traps snmp authentication linkdown linkup c$ enable traps snmp authentication linkdown linkup co         ldstart waps snmp authentication linkdown linkup coldstart wa         rmstart
Switch(config)#snmp-server enable traps transceiver all
Switch(config)#snmp-server enable traps tty
Switch(config)#snmp-server enable traps cluster
                                         ^
% Invalid input detected at '^' marker.

Switch(config)#
*Nov  9 16:49:09: %SYS-6-LOGGINGHOST_STARTSTOP: Logging to host 130.18.8.12 port 514 started - CLI initiatedsnmp-server enable traps config-copy
Switch(config)#snmp-server enable traps config
Switch(config)#snmp-server enable traps config-ctid
Switch(config)#snmp-server enable traps dot1x auth-fail-vlan guest-vlan no-au$ enable traps dot1x auth-fail-vlan guest-vlan no-aut         h-fail-vlaps dot1x auth-fail-vlan guest-vlan no-auth-fail-vla         n no-guesuth-fail-vlan guest-vlan no-auth-fail-vlan no-guest         -vlan
snmp-server enable traps dot1x auth-fail-vlan guest-vlan no-auth-fail-vlan no-gu                          ^est-vlan

% Invalid input detected at '^' marker.

Switch(config)#snmp-server enable traps entity
Switch(config)#snmp-server enable traps power-ethernet police
Switch(config)#snmp-server enable traps cpu threshold
Switch(config)#snmp-server enable traps rep
Switch(config)#snmp-server enable traps bridge newroot topologychange
Switch(config)#snmp-server enable traps stpx inconsistency root-inconsistency$ enable traps stpx inconsistency root-inconsistency          loop-incoaps stpx inconsistency root-inconsistency loop-incon         sistency
Switch(config)#snmp-server enable traps syslog

...

 >> 

 >> configure terminal

Expect: searching for 1 strs:  :(config)#
 << Switch(config)#snmp-server enable traps vtp
Switch(config)#snmp-server enable traps vlancreate
Switch(config)#snmp-server enable traps vlandelete
Switch(config)#snmp-server enable traps flash insertion removal
Switch(config)#snmp-server enable traps p
Expect: matched string 1: (config)#
 >> spanning-tree mode mst

 >> spanning-tree etherchannel guard misconfig

 >> spanning-tree mst configuration

 >>  name msstate

 >>  revision 1

 >>  instance 1 vlan 2, 7, 11, 20, 22, 24, 31, 35, 37, 39-40, 50, 60, 63, 70

 >>  instance 1 vlan 78, 80, 86, 91, 96, 104, 110, 126, 136, 140, 152, 160

 >>  instance 1 vlan 162-163, 168, 189, 194, 202, 220, 222, 230, 232, 242, 246

 >>  instance 1 vlan 256, 611-612, 654, 741, 996, 999

 >>  instance 2 vlan 2002, 2007, 2011, 2020, 2022, 2024, 2031, 2035, 2037, 2039-2040

 >>  instance 2 vlan 2050, 2060, 2063, 2070, 2080, 2086, 2096, 2104, 2110, 2126

 >>  instance 2 vlan 2136, 2140, 2152, 2160, 2162-2163, 2168, 2189, 2194, 2202

 >>  instance 2 vlan 2220, 2222, 2232, 2242, 2246, 2611-2612, 2654, 2999

 >>  instance 3 vlan 42, 51, 59, 64, 66, 69, 72, 108, 113, 128, 144, 176, 196

 >>  instance 3 vlan 244, 248, 927

 >>  instance 4 vlan 2042, 2051, 2059, 2064, 2066, 2069, 2072, 2108, 2113, 2128

 >>  instance 4 vlan 2144, 2176, 2196, 2244, 2248, 2927

 >>  instance 5 vlan 16, 48, 58, 88, 121, 131, 133-134, 216, 228

 >>  instance 6 vlan 2016, 2048, 2058, 2088, 2121, 2131, 2133-2134, 2216, 2228

 >>  instance 7 vlan 9, 33-34, 38, 54, 56, 71, 75, 82, 84, 97, 114, 116, 124

 >>  instance 7 vlan 172, 186, 192, 204-208, 210, 240-241, 251-252, 630, 928

 >>  instance 8 vlan 2009, 2033-2034, 2038, 2054, 2056, 2071, 2075, 2082, 2084

 >>  instance 8 vlan 2097, 2114, 2116, 2124, 2172, 2186, 2192, 2204-2208, 2210

 >>  instance 8 vlan 2240-2241, 2251-2252, 2630, 2928

 >>  instance 9 vlan 4-5, 12, 18-19, 32, 44, 57, 62, 68, 76, 98-99, 102, 112

 >>  instance 9 vlan 130, 132, 147-148, 158, 212, 226, 236, 500, 505, 510-511

 >>  instance 9 vlan 522, 551-570, 603, 629, 633, 742, 802, 926, 929

 >>  instance 10 vlan 2004-2005, 2012, 2018-2019, 2032, 2044, 2057, 2062, 2068

 >>  instance 10 vlan 2076, 2098-2099, 2102, 2112, 2130, 2132, 2147-2148, 2158

 >>  instance 10 vlan 2212, 2236, 2500, 2505, 2510-2511, 2522, 2603, 2629, 2633

 >>  instance 10 vlan 2802, 2926, 2929

 >>  instance 11 vlan 8, 43, 52, 146, 156-157, 180, 200, 218

 >>  instance 12 vlan 2008, 2043, 2052, 2146, 2156-2157, 2180, 2200, 2218

 >> 

 >> end

Expect: searching for 1 strs:  :Configured
 << ort-security
Switch(config)#snmp-server enable traps envmon fan shutdown supply temperatur$ enable traps envmon fan shutdown supply temperature          status
Switch(config)#snmp-se
 << rver enable traps errdisable
Switch(config)#snmp-server enable traps mac-notification change move threshol$ enable traps mac-notification change move threshold         
Switch(config
 << )#snmp-server enable traps vlan-membership
Switch(config)#snmp-server host 130.18.8.12 sysnet 
Switch(config)#line con 0
Switch(config-line)#line vty 0 15
Switch(config-line)# access-class 1 in
Switch(config-line)# password W2w1cD0mIliG!
Switch(conf
 << ig-line)# login local

 << 
 << Switch(config-line)# transport input ssh
Switch(config-line)#ntp server 10.92.0.5
Switch(config)#no ap hyperlocation
                    ^
% Invalid input detected at '^' marker.

Switch(config)#end
Switch#
Switch#configure terminal
Enter configu
 << ration commands, one per line.  End with CNTL/Z.
Switch(config)#spanning-tree mode mst
Switch(config)#spanning-tree etherchannel guard misconfig
Switch(config)#spanning-tree mst configuration
Switch(config-mst)# name msstate
Switch(config-mst)# revis
 << ion 1
Switch(config-mst)# instance 1 vlan 2, 7, 11, 20, 22, 24, 31, 35, 37, 39-40, $ vlan 2, 7, 11, 20, 22, 24, 31, 35, 37, 39-40, 5         0, 60, 63
 << , 11, 20, 22, 24, 31, 35, 37, 39-40, 50, 60, 63,          70
Switch(config-mst)# instance 1 vlan 78, 80, 86, 91, 96, 104, 110, 126, 136, 1$ vlan 78, 80, 86, 91, 96, 10
 << 4, 110, 126, 136, 14         0, 152, 180, 86, 91, 96, 104, 110, 126, 136, 140, 152, 16         0
Switch(config-mst)# instance 1 vlan 162-163, 168, 189, 194, 202, 220, 222, 23
 << $ vlan 162-163, 168, 189, 194, 202, 220, 222, 230         , 232, 24163, 168, 189, 194, 202, 220, 222, 230, 232, 242         , 2
 << 46
Switch(config-mst)# instance 1 vlan 256, 611-612, 654, 741, 996, 999
Switch(config-mst)# instance 2 vlan 2002, 2007, 2011, 2020, 2022, 2024, 2031,$ vlan 2002, 2007, 2011, 2020, 2022, 2024, 203
 << 1,          2035, 203, 2007, 2011, 2020, 2022, 2024, 2031, 2035, 2037         , 2039-2011, 2020, 2022, 2024, 2031, 2035, 20
 << 37, 2039-204         0
Switch(config-mst)# instance 2 vlan 2050, 2060, 2063, 2070, 2080, 2086, 2096,$ vlan 2050, 2060, 2063, 2070, 2080, 2086, 2096,          2104, 211
 << , 2060, 2063, 2070, 2080, 2086, 2096, 2104, 2110         , 2126
Switch(config-mst)# instance 2 vlan 2136, 2140, 2152, 2160, 2162-2163, 2168, 
 << $ vlan 2136, 2140, 2152, 2160, 2162-2163, 2168, 2         189, 2194, 2140, 2152, 2160, 2162-2163, 2168, 2189, 2194,          2202
Switch(config-mst)# instance 2 vlan 2220, 2222, 2
 << 232, 2242, 2246, 2611-2612, $ vlan 2220, 2222, 2232, 2242, 2246, 2611-2612, 2         654, 2999
Switch(config-mst)# instance 3 vlan 42, 51, 59, 64, 66, 69, 72, 108, 113, 128
 << $ vlan 42, 51, 59, 64, 66, 69, 72, 108, 113, 128,          144, 17651, 59, 64, 66, 69, 72, 108, 113, 128, 144, 176,          196
Switch
 << (config-mst)# instance 3 vlan 244, 248, 927
Switch(config-mst)# instance 4 vlan 2042, 2051, 2059, 2064, 2066, 2069, 2072,$ vlan 2042, 2051, 2059, 2064, 2066, 2069, 2072,          2108, 21
 << 1, 2051, 2059, 2064, 2066, 2069, 2072, 2108, 2113         , 2128
Switch(config-mst)# instance 4 vlan 2144, 2176, 2196, 2244, 2248, 2927
Switch(config-mst)# instance 5 vlan 16, 48, 58, 88,
 <<  121, 131, 133-134, 216, 2$ vlan 16, 48, 58, 88, 121, 131, 133-134, 216, 22         8
Switch(config-mst)# instance 6 vlan 2016, 2048, 2058, 2088, 2121, 2131, 2133-
 << $ vlan 2016, 2048, 2058, 2088, 2121, 2131, 2133-2         134, 2216, 2048, 2058, 2088, 2121, 2131, 2133-2134, 2216,          2228
Switch(config-m
 << st)# instance 7 vlan 9, 33-34, 38, 54, 56, 71, 75, 82, 84, 97,$ vlan 9, 33-34, 38, 54, 56, 71, 75, 82, 84, 97,          114, 116,3-
 << 34, 38, 54, 56, 71, 75, 82, 84, 97, 114, 116,          124
Switch(config-mst)# instance 7 vlan 172, 186, 192, 204-208, 210, 240-241, 251$ vlan 172, 186, 192, 204-208, 210, 240-241, 251-  
 <<        252, 630,186, 192, 204-208, 210, 240-241, 251-252, 630,          928
Switch(config-mst)# instance 8 vlan 2009, 2033-2034, 2038, 2054, 2056, 2071, 
 << $ vlan 2009, 2033-2034, 2038, 2054, 2056, 2071, 2         075, 2082, 2033-2034, 2038, 2054, 2056, 2071, 2075, 2082,          2084
Switch(config-mst)
 << # instance 8 vlan 2097, 2114, 2116, 2124, 2172, 2186, 2192,$ vlan 2097, 2114, 2116, 2124, 2172, 2186, 2192,          2204-2208, 211
 << 4, 2116, 2124, 2172, 2186, 2192, 2204-2208,          2210
Switch(config-mst)# instance 8 vlan 2240-2241, 2251-2252, 2630, 2928
Switch(config-mst)# instance 9 vlan 4-5, 12, 18-19, 32, 44, 57, 62, 68, 76, 9
 << $ vlan 4-5, 12, 18-19, 32, 44, 57, 62, 68, 76, 98         -99, 102,12, 18-19, 32, 44, 57, 62, 68, 76, 98-99, 102,          112
Switch(config-mst)# instance 9 vlan
 <<  130, 132, 147-148, 158, 212, 226, 236, 50$ vlan 130, 132, 147-148, 158, 212, 226, 236, 500         , 505, 51132, 147-148, 158, 212,
 <<  226, 236, 500, 505, 510         -511
Switch(config-mst)# instance 9 vlan 522, 551-570, 603, 629, 633, 742, 802, 92$ vlan 522, 551-570, 603, 629, 633, 742, 802, 926         , 929
 << 
Switch(config-mst)# instance 10 vlan 2004-2005, 2012, 2018-2019, 2032, 2044, $0 vlan 2004-2005, 2012, 2018-2019, 2032, 2044, 2         057, 2062
 << 4-2005, 2012, 2018-2019, 2032, 2044, 2057, 2062,          2068
Switch(config-mst)# instance 10 vlan 2076, 2098-2099, 2102, 2112, 2130, 2132,$0 vlan 2076, 2098-2099, 2102, 2
 << 112, 2130, 2132,          2147-21486, 2098-2099, 2102, 2112, 2130, 2132, 2147-2148,          2158
Switch(config-mst)# instance 10 vlan 2212, 2236, 2500, 2505, 2510-2511, 2522,
 << $0 vlan 2212, 2236, 2500, 2505, 2510-2511, 2522,          2603, 2622, 2236, 2500, 2505, 2510-2511, 2522, 2603, 2629         , 
 << 2633
Switch(config-mst)# instance 10 vlan 2802, 2926, 2929
Switch(config-mst)# instance 11 vlan 8, 43, 52, 146, 156-157, 180, 200, 218
Switch(config-mst)# instance 12 vlan 2008, 2043, 2052, 2146, 2156-2157, 2180,
Expect: did not match any strings!
...
ort-security
Switch(config)#snmp-server enable traps envmon fan shutdown supply temperatur$ enable traps envmon fan shutdown supply temperature          status
Switch(config)#snmp-server enable traps errdisable
Switch(config)#snmp-server enable traps mac-notification change move threshol$ enable traps mac-notification change move threshold         
Switch(config)#snmp-server enable traps vlan-membership
Switch(config)#snmp-server host 130.18.8.12 sysnet 
Switch(config)#line con 0
Switch(config-line)#line vty 0 15
Switch(config-line)# access-class 1 in
Switch(config-line)# password W2w1cD0mIliG!
Switch(config-line)# login local
Switch(config-line)# transport input ssh
Switch(config-line)#ntp server 10.92.0.5
Switch(config)#no ap hyperlocation
                    ^
% Invalid input detected at '^' marker.

Switch(config)#end
Switch#
Switch#configure terminal
Enter configuration commands, one per line.  End with CNTL/Z.
Switch(config)#spanning-tree mode mst
Switch(config)#spanning-tree etherchannel guard misconfig
Switch(config)#spanning-tree mst configuration
Switch(config-mst)# name msstate
Switch(config-mst)# revision 1
Switch(config-mst)# instance 1 vlan 2, 7, 11, 20, 22, 24, 31, 35, 37, 39-40, $ vlan 2, 7, 11, 20, 22, 24, 31, 35, 37, 39-40, 5         0, 60, 63, 11, 20, 22, 24, 31, 35, 37, 39-40, 50, 60, 63,          70
Switch(config-mst)# instance 1 vlan 78, 80, 86, 91, 96, 104, 110, 126, 136, 1$ vlan 78, 80, 86, 91, 96, 104, 110, 126, 136, 14         0, 152, 180, 86, 91, 96, 104, 110, 126, 136, 140, 152, 16         0
Switch(config-mst)# instance 1 vlan 162-163, 168, 189, 194, 202, 220, 222, 23$ vlan 162-163, 168, 189, 194, 202, 220, 222, 230         , 232, 24163, 168, 189, 194, 202, 220, 222, 230, 232, 242         , 246
Switch(config-mst)# instance 1 vlan 256, 611-612, 654, 741, 996, 999
Switch(config-mst)# instance 2 vlan 2002, 2007, 2011, 2020, 2022, 2024, 2031,$ vlan 2002, 2007, 2011, 2020, 2022, 2024, 2031,          2035, 203, 2007, 2011, 2020, 2022, 2024, 2031, 2035, 2037         , 2039-2011, 2020, 2022, 2024, 2031, 2035, 2037, 2039-204         0
Switch(config-mst)# instance 2 vlan 2050, 2060, 2063, 2070, 2080, 2086, 2096,$ vlan 2050, 2060, 2063, 2070, 2080, 2086, 2096,          2104, 211, 2060, 2063, 2070, 2080, 2086, 2096, 2104, 2110         , 2126
Switch(config-mst)# instance 2 vlan 2136, 2140, 2152, 2160, 2162-2163, 2168, $ vlan 2136, 2140, 2152, 2160, 2162-2163, 2168, 2         189, 2194, 2140, 2152, 2160, 2162-2163, 2168, 2189, 2194,          2202
Switch(config-mst)# instance 2 vlan 2220, 2222, 2232, 2242, 2246, 2611-2612, $ vlan 2220, 2222, 2232, 2242, 2246, 2611-2612, 2         654, 2999
Switch(config-mst)# instance 3 vlan 42, 51, 59, 64, 66, 69, 72, 108, 113, 128$ vlan 42, 51, 59, 64, 66, 69, 72, 108, 113, 128,          144, 17651, 59, 64, 66, 69, 72, 108, 113, 128, 144, 176,          196
Switch(config-mst)# instance 3 vlan 244, 248, 927
Switch(config-mst)# instance 4 vlan 2042, 2051, 2059, 2064, 2066, 2069, 2072,$ vlan 2042, 2051, 2059, 2064, 2066, 2069, 2072,          2108, 211, 2051, 2059, 2064, 2066, 2069, 2072, 2108, 2113         , 2128
Switch(config-mst)# instance 4 vlan 2144, 2176, 2196, 2244, 2248, 2927
Switch(config-mst)# instance 5 vlan 16, 48, 58, 88, 121, 131, 133-134, 216, 2$ vlan 16, 48, 58, 88, 121, 131, 133-134, 216, 22         8
Switch(config-mst)# instance 6 vlan 2016, 2048, 2058, 2088, 2121, 2131, 2133-$ vlan 2016, 2048, 2058, 2088, 2121, 2131, 2133-2         134, 2216, 2048, 2058, 2088, 2121, 2131, 2133-2134, 2216,          2228
Switch(config-mst)# instance 7 vlan 9, 33-34, 38, 54, 56, 71, 75, 82, 84, 97,$ vlan 9, 33-34, 38, 54, 56, 71, 75, 82, 84, 97,          114, 116,3-34, 38, 54, 56, 71, 75, 82, 84, 97, 114, 116,          124
Switch(config-mst)# instance 7 vlan 172, 186, 192, 204-208, 210, 240-241, 251$ vlan 172, 186, 192, 204-208, 210, 240-241, 251-         252, 630,186, 192, 204-208, 210, 240-241, 251-252, 630,          928
Switch(config-mst)# instance 8 vlan 2009, 2033-2034, 2038, 2054, 2056, 2071, $ vlan 2009, 2033-2034, 2038, 2054, 2056, 2071, 2         075, 2082, 2033-2034, 2038, 2054, 2056, 2071, 2075, 2082,          2084
Switch(config-mst)# instance 8 vlan 2097, 2114, 2116, 2124, 2172, 2186, 2192,$ vlan 2097, 2114, 2116, 2124, 2172, 2186, 2192,          2204-2208, 2114, 2116, 2124, 2172, 2186, 2192, 2204-2208,          2210
Switch(config-mst)# instance 8 vlan 2240-2241, 2251-2252, 2630, 2928
Switch(config-mst)# instance 9 vlan 4-5, 12, 18-19, 32, 44, 57, 62, 68, 76, 9$ vlan 4-5, 12, 18-19, 32, 44, 57, 62, 68, 76, 98         -99, 102,12, 18-19, 32, 44, 57, 62, 68, 76, 98-99, 102,          112
Switch(config-mst)# instance 9 vlan 130, 132, 147-148, 158, 212, 226, 236, 50$ vlan 130, 132, 147-148, 158, 212, 226, 236, 500         , 505, 51132, 147-148, 158, 212, 226, 236, 500, 505, 510         -511
Switch(config-mst)# instance 9 vlan 522, 551-570, 603, 629, 633, 742, 802, 92$ vlan 522, 551-570, 603, 629, 633, 742, 802, 926         , 929
Switch(config-mst)# instance 10 vlan 2004-2005, 2012, 2018-2019, 2032, 2044, $0 vlan 2004-2005, 2012, 2018-2019, 2032, 2044, 2         057, 20624-2005, 2012, 2018-2019, 2032, 2044, 2057, 2062,          2068
Switch(config-mst)# instance 10 vlan 2076, 2098-2099, 2102, 2112, 2130, 2132,$0 vlan 2076, 2098-2099, 2102, 2112, 2130, 2132,          2147-21486, 2098-2099, 2102, 2112, 2130, 2132, 2147-2148,          2158
Switch(config-mst)# instance 10 vlan 2212, 2236, 2500, 2505, 2510-2511, 2522,$0 vlan 2212, 2236, 2500, 2505, 2510-2511, 2522,          2603, 2622, 2236, 2500, 2505, 2510-2511, 2522, 2603, 2629         , 2633
Switch(config-mst)# instance 10 vlan 2802, 2926, 2929
Switch(config-mst)# instance 11 vlan 8, 43, 52, 146, 156-157, 180, 200, 218
Switch(config-mst)# instance 12 vlan 2008, 2043, 2052, 2146, 2156-2157, 2180,
...

 >> 

 >> configure terminal

Expect: searching for 1 strs:  :(config)#
 << $2 vlan 2008, 2043, 2052, 2146, 2156-2157, 2180,          2200, 2218, 2043, 2052, 2146, 2156-2157, 2180, 2200, 2218         
Switch(config-mst)#
Switch(config-m
 << st)#end
Switch#
*Nov  9 16:49:41: %SYS-5-CONFIG_I: Configured from console by console
*Nov  9 16:49:41: %SYS-5-CONFIG_I: Configured from console by console
Switch#configure terminal
Enter configuration commands, one per line.  End with CNTL/Z.
Switc
 << h(config)#
Expect: matched string 1: (config)#
 >> hostname c93s1s.l2507.cvm.wise 

Expect: searching for 2 strs:  :# :>
 << hostname c93s1s.l2507.cvm.wise 
c93s1s.l2507.cvm.wis(config)#
Expect: matched string 1: #
 >> end

Expect: searching for 1 strs:  :Configured
 << end
c93s1s.l2507.cvm.wise#
 << 
*Nov  9 16:49:53: %SYS-5-CONFIG_I: Configured from console by console
Expect: matched string 1: Configured
 >> 

 >> configure terminal

Expect: searching for 1 strs:  :(config)#
 << 
c93s1s.l2507.cvm.wise#configure terminal
Enter configuration commands, one per line.  End with CNTL/Z.
c93s1s.l2507.cvm.wis(config)#
Expect: matched string 1: (config)#
 >> snmp-server contact  

Expect: searching for 1 strs:  :#
 << snmp-server contact  
% Incomplete command.

c93s1s.l2507.cvm.wis(config)#
Expect: matched string 1: #
 >> end

Expect: searching for 1 strs:  :Configured
 << end
c93s1s.l2507.cvm.wise#
 << 
*Nov  9 16:49:59: %SYS-5-CONFIG_I: Configured from console by console
Expect: matched string 1: Configured
 >> 

 >> configure terminal

Expect: searching for 1 strs:  :(config)#
 << 
c93s1s.l2507.cvm.wise#configure terminal
Enter configuration commands, one per line.  End with CNTL/Z.
c93s1s.l2507.cvm.wis(config)#
Expect: matched string 1: (config)#
 >> interface vlan 92

Expect: searching for 1 strs:  :(config-if)#
 << interface vlan 92
c93s1s.l2507.cvm.wis(config-if)#
Expect: matched string 1: (config-if)#
 >> ip address 10.92.6.51 255.255.0.0

 >> ip broadcast-address 10.92.255.255

 >> end

Expect: searching for 1 strs:  :Configured
 << ip address 10.92.6.51 255.255.0.0
c93s1s.l2507.cvm.wis(config-if)#ip broadcast-address 10.92.255.255
c93s1s.l2507.cvm.wis(config-if)#end
c93s1s.l2507.cvm.wise#
 << 
*Nov  9 16:50:05: %SYS-5-CONFIG_I: Configured from console by console
Expect: matched string 1: Configured
 >> 

 >> configure terminal

Expect: searching for 1 strs:  :(config)#
 << 
c93s1s.l2507.cvm.wise#configure terminal
Enter configuration commands, one per line.  End with CNTL/Z.
c93s1s.l2507.cvm.wis(config)#
Expect: matched string 1: (config)#
 >> interface Vlan92

Expect: searching for 1 strs:  :(config-if)#
 << interface Vlan92
c93s1s.l2507.cvm.wis(config-if)#
Expect: matched string 1: (config-if)#
 >> ip default-gateway 10.92.0.1

 >> end

Expect: searching for 1 strs:  :Configured
 << ip default-gateway 10.92.0.1
c93s1s.l2507.cvm.wis(config)#end
c93s1s.l2507.cvm.wise#
*Nov  9 16:50:11: %SYS-5-CONFIG_I: Configured from console by console
Expect: matched string 1: Configured
 >> 

 >> configure terminal

Expect: searching for 1 strs:  :(config)#
 << 
c93s1s.l2507.cvm.wise#configure terminal
Enter configuration commands, one per line.  End with CNTL/Z.
c93s1s.l2507.cvm.wis(config)#
Expect: matched string 1: (config)#
 >> ip dhcp snooping

Expect: searching for 1 strs:  :#
 << ip dhcp snooping
c93s1s.l2507.cvm.wis(config)#
Expect: matched string 1: #
 >> ip dhcp snooping vlan 152

Expect: searching for 1 strs:  :#
 << ip dhcp snooping vlan 152
c93s1s.l2507.cvm.wis(config)#
Expect: matched string 1: #
 >> end

Expect: searching for 1 strs:  :Configured
 << end
c93s1s.l2507.cvm.wise#
*Nov  9 16:50:18: %SYS-5-CONFIG_I: Configured from console by console
Expect: matched string 1: Configured
 >> 

 >> configure terminal

Expect: searching for 1 strs:  :(config)#
 << 
c93s1s.l2507.cvm.wise#configure terminal
Enter configuration commands, one per line.  End with CNTL/Z.
c93s1s.l2507.cvm.wis(config)#
Expect: matched string 1: (config)#
 >> default interface range gi1/0/1 - 24 

 >> interface range gi1/0/1 - 24 

Expect: searching for 1 strs:  :(config-if-range)#
 << default interface range gi1/0/1 - 24 

 << 
 << 
 << 
 << c93s1s.l2507.cvm.wis(config)#interface range gi1/0/1 - 24 
c93s1s.l2507.cvm.wis(config-if-range)#
Expect: matched string 1: (config-if-range)#
 >> switchport access vlan 152

 >> switchport mode access

 >> spanning-tree portfast

 >> switchport port-security maximum 2

 >> switchport port-security

 >> switchport port-security aging time 15

 >> switchport port-security violation protect

 >> switchport port-security aging type inactivity

 >> power inline never

 >> shutdown

 >> end

Expect: searching for 1 strs:  :Configured
 << switchport access vlan 152

 << 
 << 
 << 
 << 
 << 
 << 
 << c93s1s.l2507.cvm.wis(config-if-range)#switchport mode access

 << 
 << 
Expect: did not match any strings!
...
switchport access vlan 152
c93s1s.l2507.cvm.wis(config-if-range)#switchport mode access

...

 >> 

 >> configure terminal

Expect: searching for 1 strs:  :(config)#
 << c93s1s.l2507.cvm.wis(config-if-range)#spanning-tree portfast
%Warning: portfast should only be enabled on ports connected to a single
 host. Connecting hubs, concentrators, switches, bridges, etc... to this
 interface  when portfast is enabled, can cau
 << se temporary bridging loops.
 Use with CAUTION

%Portfast will be configured in 24 interfaces due to the range command 
 but will only have effect when the interfaces are in a non-trunking mode.
c93s1s.l2507.cvm.wis(config-if-range)#switchport port-s
 << ecurity maximum 2

 << 
 << 
 << 
 << 
 << 
 << c93s1s.l2507.cvm.wis(config-if-range)#switchport port-security

 << 
 << 
 << 
Expect: did not match any strings!
...
c93s1s.l2507.cvm.wis(config-if-range)#spanning-tree portfast
%Warning: portfast should only be enabled on ports connected to a single
 host. Connecting hubs, concentrators, switches, bridges, etc... to this
 interface  when portfast is enabled, can cause temporary bridging loops.
 Use with CAUTION

%Portfast will be configured in 24 interfaces due to the range command 
 but will only have effect when the interfaces are in a non-trunking mode.
c93s1s.l2507.cvm.wis(config-if-range)#switchport port-security maximum 2
c93s1s.l2507.cvm.wis(config-if-range)#switchport port-security

...

 >> default interface range te1/1/1 - 8 

 >> interface range te1/1/1 - 8 

Expect: searching for 1 strs:  :(config-if-range)#
 << 
 << 
 << 
 << 
 << 
 << c93s1s.l2507.cvm.wis(config-if-range)#switchport port-security aging time 15

Expect: matched string 1: (config-if-range)#
 >> switchport mode trunk

 >> switchport trunk native vlan 92

 >> ip dhcp snooping trust

 >> no keepalive

 >> shutdown

 >> configure terminal

Expect: searching for 1 strs:  :(config)#
 << 
 << c93s1s.l2507.cvm.wis(config-if-range)#switchport port-security violation prot$port-security violation prote         ct
c93s1s.l2507.cvm.wis(config-if-range)#switchport port-security aging type ina
 << $port-security aging type inac         tivity
c93s1s.l2507.cvm.wis(config-if-range)#power inline never
                                            ^
% Invalid input detected at '^' marker.

c93s1s.l2507.cvm.wis(c
 << onfig-if-range)#shutdown

 << 
 << 
 << 
*Nov  9 16:51:26: %LINK-5-CHANGED: Interface GigabitEthernet1/0/1, changed state to administratively down
*Nov  9 16:51:26: %LINK-5-CHANGED: Interface GigabitEthernet1/0/2, changed state to administratively down
*Nov  9 16:51:26: %LINK-5-CHANGED: Inter
 << face GigabitEthernet1/0/3, changed state to administratively down
*Nov  9 16:51:26: %LINK-5-CHANGED: Interface GigabitEthernet1/0/4, changed state to administratively down
*Nov  9 16:51:26: %LINK-5-CHANGED: Interface GigabitEthernet1/0/5, changed state 
 << to administratively down
*Nov  9 16:51:26: %LINK-5-CHANGED: Interface GigabitEthernet1/0/6, changed state to administratively down
 << 
 << 
 << 
*Nov  9 16:51:30: %LINK-5-CHANGED: Interface GigabitEthernet1/0/7, changed state to administratively down
*Nov  9 16:51:30: %LINK-5-CHANGED: Interface GigabitEthernet1/0/8, changed state to administratively down
*Nov  9 16:51:30: %LINK-5-CHANGED: Inte
 << rface GigabitEthernet1/0/9, changed state to administratively down
*Nov  9 16:51:30: %LINK-5-CHANGED: Interface GigabitEthernet1/0/10, changed state to administratively down
*Nov  9 16:51:30: %LINK-5-CHANGED: Interface GigabitEthernet1/0/11, changed sta
 << te to administratively down
*Nov  9 16:51:30: %LINK-5-CHANGED: Interface GigabitEthernet1/0/12, changed state to administratively down
*Nov  9 16:51:30: %LINK-5-CHANGED: Interface GigabitEthernet1/0/13, changed state to administratively down
*Nov  9 16
Expect: did not match any strings!
...
c93s1s.l2507.cvm.wis(config-if-range)#switchport port-security violation prot$port-security violation prote         ct
c93s1s.l2507.cvm.wis(config-if-range)#switchport port-security aging type ina$port-security aging type inac         tivity
c93s1s.l2507.cvm.wis(config-if-range)#power inline never
                                            ^
% Invalid input detected at '^' marker.

c93s1s.l2507.cvm.wis(config-if-range)#shutdown

*Nov  9 16:51:26: %LINK-5-CHANGED: Interface GigabitEthernet1/0/1, changed state to administratively down
*Nov  9 16:51:26: %LINK-5-CHANGED: Interface GigabitEthernet1/0/2, changed state to administratively down
*Nov  9 16:51:26: %LINK-5-CHANGED: Interface GigabitEthernet1/0/3, changed state to administratively down
*Nov  9 16:51:26: %LINK-5-CHANGED: Interface GigabitEthernet1/0/4, changed state to administratively down
*Nov  9 16:51:26: %LINK-5-CHANGED: Interface GigabitEthernet1/0/5, changed state to administratively down
*Nov  9 16:51:26: %LINK-5-CHANGED: Interface GigabitEthernet1/0/6, changed state to administratively down
*Nov  9 16:51:30: %LINK-5-CHANGED: Interface GigabitEthernet1/0/7, changed state to administratively down
*Nov  9 16:51:30: %LINK-5-CHANGED: Interface GigabitEthernet1/0/8, changed state to administratively down
*Nov  9 16:51:30: %LINK-5-CHANGED: Interface GigabitEthernet1/0/9, changed state to administratively down
*Nov  9 16:51:30: %LINK-5-CHANGED: Interface GigabitEthernet1/0/10, changed state to administratively down
*Nov  9 16:51:30: %LINK-5-CHANGED: Interface GigabitEthernet1/0/11, changed state to administratively down
*Nov  9 16:51:30: %LINK-5-CHANGED: Interface GigabitEthernet1/0/12, changed state to administratively down
*Nov  9 16:51:30: %LINK-5-CHANGED: Interface GigabitEthernet1/0/13, changed state to administratively down
*Nov  9 16
...

 >> crypto key generate rsa

 >> no

 >> 2048

Expect: searching for 2 strs:  :OK :(config)#
 << :51:30: %LINK-5-CHANGED: Interface GigabitEthernet1/0/14, changed state to administratively down
*Nov  9 16:51:30: %LINK-5-CHANGED: Interface GigabitEthernet1/0/15, changed state to administratively down
*Nov  9 16:51:30: %LINK-5-CHANGED: Interface Giga
 << bitEthernet1/0/16, changed state to administratively down
*Nov  9 16:51:30: %LINK-5-CHANGED: Interface GigabitEthernet1/0/17, changed state to administratively down
*Nov  9 16:51:30: %LINK-5-CHANGED: Interface GigabitEthernet1/0/18, changed state to adm
 << inistratively down
 << 
 << 
 << 
 << 
*Nov  9 16:51:35: %LINK-5-CHANGED: Interface GigabitEthernet1/0/19, changed state to administratively down
 << 
c93s1s.l2507.cvm.wis(config-if-range)#end
c93s1s.l2507.cvm.wise#
c93s1s.l2507.cvm.wise#configure terminal
Enter configuration commands, one per line.  End with CNTL/Z.
c93s1s.l2507.cvm.wis(config)#default interface range te1/1/1 - 8 
c93s1s.l2507.c
Expect: matched string 2: (config)#
 >> write mem

Expect: searching for 2 strs:  :# :>
 << vm.wis(config)#interface range te1/1/1 - 8 
c93s1s.l2507.cvm.wis(config-if-range)#switchport mode trunk
c93s1s.l2507.cvm.wis(config-if-range)#switchport trunk native vlan 92

Expect: matched string 1: #
 >> 
Expect: searching for 2 strs:  :# :>
 << 
*Nov  9 16:51:39: %SYS-5-CONFIG_I: Configured from console by console
*Nov  9 16:51:41: %LINK-5-CHANGED: Interface GigabitEthernet1/0/20, changed state to administratively down
*Nov  9 16:51:41: %LINK-5-CHANGED: Interface GigabitEthernet1/0/21, changed
 <<  state to administratively down
*Nov  9 16:51:41: %LINK-5-CHANGED: Interface GigabitEthernet1/0/22, changed state to administratively down
*Nov  9 16:51:41: %LINK-5-CHANGED: Interface GigabitEthernet1/0/23, changed state to administratively down
*Nov  
 << 9 16:51:41: %LINK-5-CHANGED: Interface GigabitEthernet1/0/24, changed state to administratively down
 << 
c93s1s.l2507.cvm.wis(config-if-range)#ip dhcp snooping trust
c93s1s.l2507.cvm.wis(config-if-range)#no keepalive
c93s1s.l2507.cvm.wis(config-if-range)#shutdown

*Nov  9 16:51:44: %PARSER-5-HIDDEN: Warning!!! ' ip dhcp snooping trust ' is a hidden comm
Expect: matched string 1: #
 >> sh run

Expect: searching for 2 strs:  :# :>
 << and. Use of this command is not recommended/supported and will be removed in future.
*Nov  9 16:51:44: %PARSER-5-HIDDEN: Warning!!! ' ip dhcp snooping trust ' is a hidden command. Use of this command is not recommended/supported and will be removed in fu
 << ture.
*Nov  9 16:51:44: %PARSER-5-HIDDEN: Warning!!! ' ip dhcp snooping trust ' is a hidden command. Use of this command is not recommended/supported and will be removed in future.
*Nov  9 16:51:44: %PARSER-5-HIDDEN: Warning!!! ' ip dhcp snooping trust 
 << ' is a hidden command. Use of this command is not recommended/supported and will be removed in future.
*Nov  9 16:51:44: %PARSER-5-HIDDEN: Warning!!! ' ip dhcp snooping trust ' is a hidden command. Use of this command is not recommended/supported and wil
 << l be removed in future.
*Nov  9 16:51:44: %PARSER-5-HIDDEN: Warning!!! ' ip dhcp snooping trust ' is a hidden command. Use of this command is not recommended/supported and will be removed in future.
*Nov  9 16:51:44: %PARSER-5-HIDDEN: Warning!!! ' ip dh
 << cp snooping trust ' is a hidden command. Use of this command is not recommended/supported and will be removed in future.
*Nov  9 16:51:44: %PARSER-5-HIDDEN: Warning!!! ' ip dhcp snooping trust ' is a hidden command. Use of this command is not recommended
 << /supported and will be removed in future.
*Nov  9 16:51:46: %LINK-5-CHANGED: Interface TenGigabitEthernet1/1/1, changed state to administratively down
*Nov  9 16:51:46: %LINK-5-CHANGED: Interface TenGigabitEthernet1/1/2, changed state to administrativel
 << y down
*Nov  9 16:51:46: %LINK-5-CHANGED: Interface TenGigabitEthernet1/1/3, changed state to administratively down
*Nov  9 16:51:46: %LINK-5-CHANGED: Interface TenGigabitEthernet1/1/4, changed state to administratively down
*Nov  9 16:51:46: %LINK-5-C
 << HANGED: Interface TenGigabitEthernet1/1/5, changed state to administratively down
*Nov  9 16:51:46: %LINK-5-CHANGED: Interface TenGigabitEthernet1/1/6, changed state to administratively down
*Nov  9 16:51:46: %LINK-5-CHANGED: Interface TenGigabitEtherne
 << t1/1/7, changed state to administratively down
 << 
c93s1s.l2507.cvm.wis(config-if-range)#configure terminal
                                       ^
% Invalid input detected at '^' marker.

c93s1s.l2507.cvm.wis(config-if-range)#crypto key generate rsa
The name for the keys will be: c93s1s.l2507.cvm
Expect: matched string 1: #
 >> configure terminal

Expect: searching for 1 strs:  :(config)#
 << .wise.mgmt.msstate.edu
Choose the size of the key modulus in the range of 360 to 4096 for your
  General Purpose Keys. Choosing a key modulus greater than 512 may take
  a few minutes.

How many bits in the modulus [512]: no
% A decimal number betwe
 << en 360 and 4096.
How many bits in the modulus [512]: 2048
% Generating 2048 bit RSA keys, keys will be non-exportable...
[OK] (elapsed time was 1 seconds)

c93s1s.l2507.cvm.wis(config)#write mem
                              ^
% Invalid input detec
Expect: 